Archive member included to satisfy reference by file (symbol)

C:/Users/Lindsay/.pico-sdk/toolchain/14_2_Rel1/bin/../lib/gcc/arm-none-eabi/14.2.1/thumb/v6-m/nofp\libgcc.a(_dvmd_tls.o)
                              CMakeFiles/USB_DEVICE_AND_KEYBOARD.dir/C_/Users/Lindsay/.pico-sdk/sdk/2.1.1/src/rp2_common/pico_divider/divider_hardware.S.obj (__aeabi_idiv0)
C:/Users/Lindsay/.pico-sdk/toolchain/14_2_Rel1/bin/../lib/gcc/arm-none-eabi/14.2.1/thumb/v6-m/nofp\libg.a(libc_a-calloc.o)
                              CMakeFiles/USB_DEVICE_AND_KEYBOARD.dir/C_/Users/Lindsay/.pico-sdk/sdk/2.1.1/src/rp2_common/pico_malloc/malloc.c.obj (calloc)
C:/Users/Lindsay/.pico-sdk/toolchain/14_2_Rel1/bin/../lib/gcc/arm-none-eabi/14.2.1/thumb/v6-m/nofp\libg.a(libc_a-callocr.o)
                              C:/Users/Lindsay/.pico-sdk/toolchain/14_2_Rel1/bin/../lib/gcc/arm-none-eabi/14.2.1/thumb/v6-m/nofp\libg.a(libc_a-calloc.o) (_calloc_r)
C:/Users/Lindsay/.pico-sdk/toolchain/14_2_Rel1/bin/../lib/gcc/arm-none-eabi/14.2.1/thumb/v6-m/nofp\libg.a(libc_a-malloc.o)
                              CMakeFiles/USB_DEVICE_AND_KEYBOARD.dir/C_/Users/Lindsay/.pico-sdk/sdk/2.1.1/src/rp2_common/pico_malloc/malloc.c.obj (malloc)
C:/Users/Lindsay/.pico-sdk/toolchain/14_2_Rel1/bin/../lib/gcc/arm-none-eabi/14.2.1/thumb/v6-m/nofp\libg.a(libc_a-mallocr.o)
                              C:/Users/Lindsay/.pico-sdk/toolchain/14_2_Rel1/bin/../lib/gcc/arm-none-eabi/14.2.1/thumb/v6-m/nofp\libg.a(libc_a-callocr.o) (_malloc_r)
C:/Users/Lindsay/.pico-sdk/toolchain/14_2_Rel1/bin/../lib/gcc/arm-none-eabi/14.2.1/thumb/v6-m/nofp\libg.a(libc_a-mlock.o)
                              C:/Users/Lindsay/.pico-sdk/toolchain/14_2_Rel1/bin/../lib/gcc/arm-none-eabi/14.2.1/thumb/v6-m/nofp\libg.a(libc_a-mallocr.o) (__malloc_lock)
C:/Users/Lindsay/.pico-sdk/toolchain/14_2_Rel1/bin/../lib/gcc/arm-none-eabi/14.2.1/thumb/v6-m/nofp\libg.a(libc_a-realloc.o)
                              CMakeFiles/USB_DEVICE_AND_KEYBOARD.dir/C_/Users/Lindsay/.pico-sdk/sdk/2.1.1/src/rp2_common/pico_malloc/malloc.c.obj (realloc)
C:/Users/Lindsay/.pico-sdk/toolchain/14_2_Rel1/bin/../lib/gcc/arm-none-eabi/14.2.1/thumb/v6-m/nofp\libg.a(libc_a-reallocr.o)
                              C:/Users/Lindsay/.pico-sdk/toolchain/14_2_Rel1/bin/../lib/gcc/arm-none-eabi/14.2.1/thumb/v6-m/nofp\libg.a(libc_a-realloc.o) (_realloc_r)
C:/Users/Lindsay/.pico-sdk/toolchain/14_2_Rel1/bin/../lib/gcc/arm-none-eabi/14.2.1/thumb/v6-m/nofp\libg.a(libc_a-ctype_.o)
                              CMakeFiles/USB_DEVICE_AND_KEYBOARD.dir/C_/Users/Lindsay/.pico-sdk/sdk/2.1.1/lib/tinyusb/src/tusb.c.obj (_ctype_)
C:/Users/Lindsay/.pico-sdk/toolchain/14_2_Rel1/bin/../lib/gcc/arm-none-eabi/14.2.1/thumb/v6-m/nofp\libg.a(libc_a-memcmp.o)
                              CMakeFiles/USB_DEVICE_AND_KEYBOARD.dir/C_/Users/Lindsay/.pico-sdk/sdk/2.1.1/src/rp2_common/pico_atomic/atomic.c.obj (memcmp)
C:/Users/Lindsay/.pico-sdk/toolchain/14_2_Rel1/bin/../lib/gcc/arm-none-eabi/14.2.1/thumb/v6-m/nofp\libg.a(libc_a-memmove.o)
                              C:/Users/Lindsay/.pico-sdk/toolchain/14_2_Rel1/bin/../lib/gcc/arm-none-eabi/14.2.1/thumb/v6-m/nofp\libg.a(libc_a-reallocr.o) (memmove)
C:/Users/Lindsay/.pico-sdk/toolchain/14_2_Rel1/bin/../lib/gcc/arm-none-eabi/14.2.1/thumb/v6-m/nofp\libg.a(libc_a-strncmp.o)
                              CMakeFiles/USB_DEVICE_AND_KEYBOARD.dir/main_device.c.obj (strncmp)
C:/Users/Lindsay/.pico-sdk/toolchain/14_2_Rel1/bin/../lib/gcc/arm-none-eabi/14.2.1/thumb/v6-m/nofp\libg.a(libc_a-lcltime_r.o)
                              CMakeFiles/USB_DEVICE_AND_KEYBOARD.dir/C_/Users/Lindsay/.pico-sdk/sdk/2.1.1/src/common/pico_util/datetime.c.obj (localtime_r)
C:/Users/Lindsay/.pico-sdk/toolchain/14_2_Rel1/bin/../lib/gcc/arm-none-eabi/14.2.1/thumb/v6-m/nofp\libg.a(libc_a-mktime.o)
                              CMakeFiles/USB_DEVICE_AND_KEYBOARD.dir/C_/Users/Lindsay/.pico-sdk/sdk/2.1.1/src/common/pico_util/datetime.c.obj (mktime)
C:/Users/Lindsay/.pico-sdk/toolchain/14_2_Rel1/bin/../lib/gcc/arm-none-eabi/14.2.1/thumb/v6-m/nofp\libg.a(libc_a-month_lengths.o)
                              C:/Users/Lindsay/.pico-sdk/toolchain/14_2_Rel1/bin/../lib/gcc/arm-none-eabi/14.2.1/thumb/v6-m/nofp\libg.a(libc_a-lcltime_r.o) (__month_lengths)
C:/Users/Lindsay/.pico-sdk/toolchain/14_2_Rel1/bin/../lib/gcc/arm-none-eabi/14.2.1/thumb/v6-m/nofp\libg.a(libc_a-tzcalc_limits.o)
                              C:/Users/Lindsay/.pico-sdk/toolchain/14_2_Rel1/bin/../lib/gcc/arm-none-eabi/14.2.1/thumb/v6-m/nofp\libg.a(libc_a-lcltime_r.o) (__tzcalc_limits)
C:/Users/Lindsay/.pico-sdk/toolchain/14_2_Rel1/bin/../lib/gcc/arm-none-eabi/14.2.1/thumb/v6-m/nofp\libg.a(libc_a-tzlock.o)
                              C:/Users/Lindsay/.pico-sdk/toolchain/14_2_Rel1/bin/../lib/gcc/arm-none-eabi/14.2.1/thumb/v6-m/nofp\libg.a(libc_a-lcltime_r.o) (__tz_lock)
C:/Users/Lindsay/.pico-sdk/toolchain/14_2_Rel1/bin/../lib/gcc/arm-none-eabi/14.2.1/thumb/v6-m/nofp\libg.a(libc_a-tzset.o)
[...]
Memory Configuration

Name             Origin             Length             Attributes
FLASH            0x10000000         0x00800000         xr
RAM              0x20000000         0x00040000         xrw
SCRATCH_X        0x20040000         0x00001000         xrw
SCRATCH_Y        0x20041000         0x00001000         xrw
*default*        0x00000000         0xffffffff

Linker script and memory map

LOAD C:/Users/Lindsay/.pico-sdk/toolchain/14_2_Rel1/bin/../lib/gcc/arm-none-eabi/14.2.1/thumb/v6-m/nofp/crti.o
LOAD C:/Users/Lindsay/.pico-sdk/toolchain/14_2_Rel1/bin/../lib/gcc/arm-none-eabi/14.2.1/thumb/v6-m/nofp/crtbegin.o
LOAD C:/Users/Lindsay/.pico-sdk/toolchain/14_2_Rel1/bin/../lib/gcc/arm-none-eabi/14.2.1/thumb/v6-m/nofp/crt0.o

.flash_begin    0x10000000        0x0
                0x10000000                        __flash_binary_start = .

.boot2          0x10000000      0x100
                0x10000000                        __boot2_start__ = .
 *(.boot2)
 .boot2         0x10000000      0x100 pico-sdk/src/rp2040/boot_stage2/CMakeFiles/bs2_default_library.dir/./bs2_default_padded_checksummed.S.obj
                0x10000100                        __boot2_end__ = .
                0x00000001                        ASSERT (((__boot2_end__ - __boot2_start__) == 0x100), ERROR: Pico second stage bootloader must be 256 bytes in size)

.text           0x10000100     0x9cb0
                0x10000100                        __logical_binary_start = .
 *(.vectors)
 .vectors       0x10000100       0xd4 CMakeFiles/USB_DEVICE_AND_KEYBOARD.dir/C_/Users/Lindsay/.pico-sdk/sdk/2.1.1/src/rp2_common/pico_crt0/crt0.S.obj
                0x10000100                __VECTOR_TABLE
                0x10000100                __vectors
                0x100001c0                isr_invalid
                0x100001c0                __default_isrs_start
                0x100001c2                isr_nmi
                0x100001c4                isr_hardfault
                0x100001c6                isr_svcall
                0x100001c8                isr_pendsv
                0x100001ca                isr_systick
                0x100001cc                isr_irq23
                0x100001cc                isr_irq18
                0x100001cc                isr_irq11
                0x100001cc                isr_irq28
                0x100001cc                isr_irq19
                0x100001cc                isr_irq0
                0x100001cc                isr_irq6
                0x100001cc                isr_irq5
                0x100001cc                isr_irq12
                0x100001cc                isr_irq22
                0x100001cc                isr_irq31
                0x100001cc                isr_irq17
                0x100001cc                isr_irq27
                0x100001cc                isr_irq30
                0x100001cc                isr_irq2
                0x100001cc                isr_irq10
                0x100001cc                isr_irq8
                0x100001cc                isr_irq24
                0x100001cc                isr_irq1
                0x100001cc                isr_irq7
                0x100001cc                isr_irq21
                0x100001cc                isr_irq20
                0x100001cc                isr_irq15
                0x100001cc                isr_irq25
                0x100001cc                isr_irq13
                0x100001cc                __unhandled_user_irq
                0x100001cc                isr_irq4
                0x100001cc                isr_irq16
                0x100001cc                isr_irq29
                0x100001cc                isr_irq26
                0x100001cc                __default_isrs_end
                0x100001cc                isr_irq3
                0x100001cc                isr_irq14
                0x100001cc                isr_irq9
                0x100001d2                unhandled_user_irq_num_in_r0
 *(.binary_info_header)
 .binary_info_header
                0x100001d4       0x14 CMakeFiles/USB_DEVICE_AND_KEYBOARD.dir/C_/Users/Lindsay/.pico-sdk/sdk/2.1.1/src/rp2_common/pico_crt0/crt0.S.obj
                0x100001e8                        __binary_info_header_end = .
 *(.embedded_block)
                0x100001e8                        __embedded_block_end = .
 *(.reset)
 .reset         0x100001e8       0x9c CMakeFiles/USB_DEVICE_AND_KEYBOARD.dir/C_/Users/Lindsay/.pico-sdk/sdk/2.1.1/src/rp2_common/pico_crt0/crt0.S.obj
                0x100001e8                _entry_point
 *(.init)
 .init          0x10000284        0x4 C:/Users/Lindsay/.pico-sdk/toolchain/14_2_Rel1/bin/../lib/gcc/arm-none-eabi/14.2.1/thumb/v6-m/nofp/crti.o
                0x10000284                _init
 *(EXCLUDE_FILE(*libm.a: *libc.a:*lib_a-mem*.o *libgcc.a:) .text*)
 .text.register_tm_clones
                0x10000288       0x28 C:/Users/Lindsay/.pico-sdk/toolchain/14_2_Rel1/bin/../lib/gcc/arm-none-eabi/14.2.1/thumb/v6-m/nofp/crtbegin.o
 .text.frame_dummy
                0x100002b0       0x24 C:/Users/Lindsay/.pico-sdk/toolchain/14_2_Rel1/bin/../lib/gcc/arm-none-eabi/14.2.1/thumb/v6-m/nofp/crtbegin.o
 .text.set_sys_clock_khz
                0x100002d4       0x3c CMakeFiles/USB_DEVICE_AND_KEYBOARD.dir/main_device.c.obj
 .text.main     0x10000310       0x54 CMakeFiles/USB_DEVICE_AND_KEYBOARD.dir/main_device.c.obj
                0x10000310                main
 .text.check_command
                0x10000364       0x38 CMakeFiles/USB_DEVICE_AND_KEYBOARD.dir/main_device.c.obj
                0x10000364                check_command
 .text.tud_cdc_rx_cb
                0x1000039c       0x88 CMakeFiles/USB_DEVICE_AND_KEYBOARD.dir/main_device.c.obj
                0x1000039c                tud_cdc_rx_cb
 .text.process_kbd_report
                0x10000424       0xa8 CMakeFiles/USB_DEVICE_AND_KEYBOARD.dir/main_host.c.obj
 .text.process_mouse_report
                0x100004cc       0xb8 CMakeFiles/USB_DEVICE_AND_KEYBOARD.dir/main_host.c.obj
 .text.core1_main
                0x10000584       0x44 CMakeFiles/USB_DEVICE_AND_KEYBOARD.dir/main_host.c.obj
                0x10000584                core1_main
 .text.tuh_hid_mount_cb
                0x100005c8       0x9c CMakeFiles/USB_DEVICE_AND_KEYBOARD.dir/main_host.c.obj
                0x100005c8                tuh_hid_mount_cb
 .text.tuh_hid_umount_cb
                0x10000664       0x2c CMakeFiles/USB_DEVICE_AND_KEYBOARD.dir/main_host.c.obj
                0x10000664                tuh_hid_umount_cb
 .text.tuh_hid_report_received_cb
                0x10000690       0x44 CMakeFiles/USB_DEVICE_AND_KEYBOARD.dir/main_host.c.obj
                0x10000690                tuh_hid_report_received_cb
 .text.tud_descriptor_device_cb
                0x100006d4        0x8 CMakeFiles/USB_DEVICE_AND_KEYBOARD.dir/usb_descriptors.c.obj
                0x100006d4                tud_descriptor_device_cb
 .text.tud_descriptor_configuration_cb
                0x100006dc        0x8 CMakeFiles/USB_DEVICE_AND_KEYBOARD.dir/usb_descriptors.c.obj
                0x100006dc                tud_descriptor_configuration_cb
 .text.tud_descriptor_string_cb
                0x100006e4       0x64 CMakeFiles/USB_DEVICE_AND_KEYBOARD.dir/usb_descriptors.c.obj
                0x100006e4                tud_descriptor_string_cb
 .text.tud_hid_descriptor_report_cb
                0x10000748        0x8 CMakeFiles/USB_DEVICE_AND_KEYBOARD.dir/usb_descriptors.c.obj
                0x10000748                tud_hid_descriptor_report_cb
 .text.tud_hid_set_report_cb
                0x10000750        0x2 CMakeFiles/USB_DEVICE_AND_KEYBOARD.dir/usb_descriptors.c.obj
                0x10000750                tud_hid_set_report_cb
 .text.tud_hid_get_report_cb
                0x10000752        0x4 CMakeFiles/USB_DEVICE_AND_KEYBOARD.dir/usb_descriptors.c.obj
                0x10000752                tud_hid_get_report_cb
 .text.tud_hid_report_complete_cb
                0x10000756        0x2 CMakeFiles/USB_DEVICE_AND_KEYBOARD.dir/usb_descriptors.c.obj
                0x10000756                tud_hid_report_complete_cb
 .text.setup_stealth_mode
                0x10000758       0x12 CMakeFiles/USB_DEVICE_AND_KEYBOARD.dir/gpio.c.obj
                0x10000758                setup_stealth_mode
 .text.check_stealth_mode
                0x1000076a       0x12 CMakeFiles/USB_DEVICE_AND_KEYBOARD.dir/gpio.c.obj
                0x1000076a                check_stealth_mode
 .text.hcd_configure
                0x1000077c       0x20 CMakeFiles/USB_DEVICE_AND_KEYBOARD.dir/C_/Users/Lindsay/.pico-sdk/sdk/2.1.1/lib/tinyusb/src/portable/raspberrypi/pio_usb/hcd_pio_usb.c.obj
                0x1000077c                hcd_configure
 .text.hcd_init
                0x1000079c       0x10 CMakeFiles/USB_DEVICE_AND_KEYBOARD.dir/C_/Users/Lindsay/.pico-sdk/sdk/2.1.1/lib/tinyusb/src/portable/raspberrypi/pio_usb/hcd_pio_usb.c.obj
                0x1000079c                hcd_init
 .text.hcd_port_reset
                0x100007ac        0xc CMakeFiles/USB_DEVICE_AND_KEYBOARD.dir/C_/Users/Lindsay/.pico-sdk/sdk/2.1.1/lib/tinyusb/src/portable/raspberrypi/pio_usb/hcd_pio_usb.c.obj
                0x100007ac                hcd_port_reset
 .text.hcd_port_reset_end
                0x100007b8        0xc CMakeFiles/USB_DEVICE_AND_KEYBOARD.dir/C_/Users/Lindsay/.pico-sdk/sdk/2.1.1/lib/tinyusb/src/portable/raspberrypi/pio_usb/hcd_pio_usb.c.obj
                0x100007b8                hcd_port_reset_end
 .text.hcd_port_connect_status
                0x100007c4       0x44 CMakeFiles/USB_DEVICE_AND_KEYBOARD.dir/C_/Users/Lindsay/.pico-sdk/sdk/2.1.1/lib/tinyusb/src/portable/raspberrypi/pio_usb/hcd_pio_usb.c.obj
                0x100007c4                hcd_port_connect_status
 .text.hcd_port_speed_get
                0x10000808       0x1c CMakeFiles/USB_DEVICE_AND_KEYBOARD.dir/C_/Users/Lindsay/.pico-sdk/sdk/2.1.1/lib/tinyusb/src/portable/raspberrypi/pio_usb/hcd_pio_usb.c.obj
                0x10000808                hcd_port_speed_get
 .text.hcd_device_close
                0x10000824        0xc CMakeFiles/USB_DEVICE_AND_KEYBOARD.dir/C_/Users/Lindsay/.pico-sdk/sdk/2.1.1/lib/tinyusb/src/portable/raspberrypi/pio_usb/hcd_pio_usb.c.obj
                0x10000824                hcd_device_close
 .text.hcd_int_enable
                0x10000830        0x2 CMakeFiles/USB_DEVICE_AND_KEYBOARD.dir/C_/Users/Lindsay/.pico-sdk/sdk/2.1.1/lib/tinyusb/src/portable/raspberrypi/pio_usb/hcd_pio_usb.c.obj
                0x10000830                hcd_int_enable
 .text.hcd_edpt_open
                0x10000832       0x3a CMakeFiles/USB_DEVICE_AND_KEYBOARD.dir/C_/Users/Lindsay/.pico-sdk/sdk/2.1.1/lib/tinyusb/src/portable/raspberrypi/pio_usb/hcd_pio_usb.c.obj
                0x10000832                hcd_edpt_open
 .text.hcd_edpt_xfer
                0x1000086c       0x16 CMakeFiles/USB_DEVICE_AND_KEYBOARD.dir/C_/Users/Lindsay/.pico-sdk/sdk/2.1.1/lib/tinyusb/src/portable/raspberrypi/pio_usb/hcd_pio_usb.c.obj
                0x1000086c                hcd_edpt_xfer
 .text.hcd_edpt_abort_xfer
                0x10000882        0xc CMakeFiles/USB_DEVICE_AND_KEYBOARD.dir/C_/Users/Lindsay/.pico-sdk/sdk/2.1.1/lib/tinyusb/src/portable/raspberrypi/pio_usb/hcd_pio_usb.c.obj
                0x10000882                hcd_edpt_abort_xfer
 .text.hcd_setup_send
                0x1000088e        0xc CMakeFiles/USB_DEVICE_AND_KEYBOARD.dir/C_/Users/Lindsay/.pico-sdk/sdk/2.1.1/lib/tinyusb/src/portable/raspberrypi/pio_usb/hcd_pio_usb.c.obj
                0x1000088e                hcd_setup_send
 *fill*         0x1000089a        0x2 
 .text.gpio_set_function
                0x1000089c       0x34 CMakeFiles/USB_DEVICE_AND_KEYBOARD.dir/C_/Users/Lindsay/.pico-sdk/sdk/2.1.1/src/rp2_common/hardware_gpio/gpio.c.obj
                0x1000089c                gpio_set_function
 .text.gpio_set_pulls
                0x100008d0       0x38 CMakeFiles/USB_DEVICE_AND_KEYBOARD.dir/C_/Users/Lindsay/.pico-sdk/sdk/2.1.1/src/rp2_common/hardware_gpio/gpio.c.obj
                0x100008d0                gpio_set_pulls
 .text.gpio_set_inover
                0x10000908       0x24 CMakeFiles/USB_DEVICE_AND_KEYBOARD.dir/C_/Users/Lindsay/.pico-sdk/sdk/2.1.1/src/rp2_common/hardware_gpio/gpio.c.obj
                0x10000908                gpio_set_inover
 .text.gpio_set_outover
                0x1000092c       0x24 CMakeFiles/USB_DEVICE_AND_KEYBOARD.dir/C_/Users/Lindsay/.pico-sdk/sdk/2.1.1/src/rp2_common/hardware_gpio/gpio.c.obj
                0x1000092c                gpio_set_outover
 .text.gpio_set_oeover
                0x10000950       0x24 CMakeFiles/USB_DEVICE_AND_KEYBOARD.dir/C_/Users/Lindsay/.pico-sdk/sdk/2.1.1/src/rp2_common/hardware_gpio/gpio.c.obj
                0x10000950                gpio_set_oeover
 .text.gpio_set_slew_rate
                0x10000974       0x20 CMakeFiles/USB_DEVICE_AND_KEYBOARD.dir/C_/Users/Lindsay/.pico-sdk/sdk/2.1.1/src/rp2_common/hardware_gpio/gpio.c.obj
                0x10000974                gpio_set_slew_rate
 .text.gpio_set_drive_strength
                0x10000994       0x24 CMakeFiles/USB_DEVICE_AND_KEYBOARD.dir/C_/Users/Lindsay/.pico-sdk/sdk/2.1.1/src/rp2_common/hardware_gpio/gpio.c.obj
                0x10000994                gpio_set_drive_strength
 .text.gpio_init
                0x100009b8       0x16 CMakeFiles/USB_DEVICE_AND_KEYBOARD.dir/C_/Users/Lindsay/.pico-sdk/sdk/2.1.1/src/rp2_common/hardware_gpio/gpio.c.obj
                0x100009b8                gpio_init
 *fill*         0x100009ce        0x2 
 .text.rp2040_chip_version
                0x100009d0       0x54 CMakeFiles/USB_DEVICE_AND_KEYBOARD.dir/C_/Users/Lindsay/.pico-sdk/sdk/2.1.1/src/rp2040/pico_platform/platform.c.obj
                0x100009d0                rp2040_chip_version
 .text.panic    0x10000a24       0x30 CMakeFiles/USB_DEVICE_AND_KEYBOARD.dir/C_/Users/Lindsay/.pico-sdk/sdk/2.1.1/src/rp2_common/pico_platform_panic/panic.c.obj
                0x10000a24                panic
 .text.hw_claim_lock
                0x10000a54       0x18 CMakeFiles/USB_DEVICE_AND_KEYBOARD.dir/C_/Users/Lindsay/.pico-sdk/sdk/2.1.1/src/common/hardware_claim/claim.c.obj
                0x10000a54                hw_claim_lock
 .text.hw_claim_unlock
                0x10000a6c       0x14 CMakeFiles/USB_DEVICE_AND_KEYBOARD.dir/C_/Users/Lindsay/.pico-sdk/sdk/2.1.1/src/common/hardware_claim/claim.c.obj
                0x10000a6c                hw_claim_unlock
 .text.hw_claim_or_assert
                0x10000a80       0x32 CMakeFiles/USB_DEVICE_AND_KEYBOARD.dir/C_/Users/Lindsay/.pico-sdk/sdk/2.1.1/src/common/hardware_claim/claim.c.obj
                0x10000a80                hw_claim_or_assert
 .text.hw_claim_unused_from_range
                0x10000ab2       0x50 CMakeFiles/USB_DEVICE_AND_KEYBOARD.dir/C_/Users/Lindsay/.pico-sdk/sdk/2.1.1/src/common/hardware_claim/claim.c.obj
                0x10000ab2                hw_claim_unused_from_range
 *fill*         0x10000b02        0x2 
 .text.next_striped_spin_lock_num
                0x10000b04       0x1c CMakeFiles/USB_DEVICE_AND_KEYBOARD.dir/C_/Users/Lindsay/.pico-sdk/sdk/2.1.1/src/rp2_common/hardware_sync/sync.c.obj
                0x10000b04                next_striped_spin_lock_num
 .text.spin_lock_claim_unused
                0x10000b20       0x24 CMakeFiles/USB_DEVICE_AND_KEYBOARD.dir/C_/Users/Lindsay/.pico-sdk/sdk/2.1.1/src/rp2_common/hardware_sync/sync.c.obj
                0x10000b20                spin_lock_claim_unused
 .text.spin_locks_reset
                0x10000b44       0x20 CMakeFiles/USB_DEVICE_AND_KEYBOARD.dir/C_/Users/Lindsay/.pico-sdk/sdk/2.1.1/src/rp2_common/hardware_sync_spin_lock/sync_spin_lock.c.obj
                0x10000b44                spin_locks_reset
 .text.set_raw_irq_handler_and_unlock
                0x10000b64       0x28 CMakeFiles/USB_DEVICE_AND_KEYBOARD.dir/C_/Users/Lindsay/.pico-sdk/sdk/2.1.1/src/rp2_common/hardware_irq/irq.c.obj
 .text.nvic_ipr0
                0x10000b8c        0x8 CMakeFiles/USB_DEVICE_AND_KEYBOARD.dir/C_/Users/Lindsay/.pico-sdk/sdk/2.1.1/src/rp2_common/hardware_irq/irq.c.obj
 .text.runtime_init_per_core_irq_priorities
                0x10000b94       0x1c CMakeFiles/USB_DEVICE_AND_KEYBOARD.dir/C_/Users/Lindsay/.pico-sdk/sdk/2.1.1/src/rp2_common/hardware_irq/irq.c.obj
                0x10000b94                runtime_init_per_core_irq_priorities
 .text.resolve_j_16
                0x10000bb0       0x30 CMakeFiles/USB_DEVICE_AND_KEYBOARD.dir/C_/Users/Lindsay/.pico-sdk/sdk/2.1.1/src/rp2_common/hardware_irq/irq.c.obj
 .text.make_j_16
                0x10000be0       0x48 CMakeFiles/USB_DEVICE_AND_KEYBOARD.dir/C_/Users/Lindsay/.pico-sdk/sdk/2.1.1/src/rp2_common/hardware_irq/irq.c.obj
 .text.irq_is_enabled
                0x10000c28       0x18 CMakeFiles/USB_DEVICE_AND_KEYBOARD.dir/C_/Users/Lindsay/.pico-sdk/sdk/2.1.1/src/rp2_common/hardware_irq/irq.c.obj
                0x10000c28                irq_is_enabled
 .text.irq_set_mask_n_enabled
                0x10000c40       0x1c CMakeFiles/USB_DEVICE_AND_KEYBOARD.dir/C_/Users/Lindsay/.pico-sdk/sdk/2.1.1/src/rp2_common/hardware_irq/irq.c.obj
                0x10000c40                irq_set_mask_n_enabled
 .text.irq_set_enabled
                0x10000c5c       0x14 CMakeFiles/USB_DEVICE_AND_KEYBOARD.dir/C_/Users/Lindsay/.pico-sdk/sdk/2.1.1/src/rp2_common/hardware_irq/irq.c.obj
                0x10000c5c                irq_set_enabled
 .text.irq_get_vtable_handler
                0x10000c70       0x10 CMakeFiles/USB_DEVICE_AND_KEYBOARD.dir/C_/Users/Lindsay/.pico-sdk/sdk/2.1.1/src/rp2_common/hardware_irq/irq.c.obj
                0x10000c70                irq_get_vtable_handler
 .text.irq_set_exclusive_handler
                0x10000c80       0x54 CMakeFiles/USB_DEVICE_AND_KEYBOARD.dir/C_/Users/Lindsay/.pico-sdk/sdk/2.1.1/src/rp2_common/hardware_irq/irq.c.obj
                0x10000c80                irq_set_exclusive_handler
 .text.irq_add_shared_handler
                0x10000cd4      0x218 CMakeFiles/USB_DEVICE_AND_KEYBOARD.dir/C_/Users/Lindsay/.pico-sdk/sdk/2.1.1/src/rp2_common/hardware_irq/irq.c.obj
                0x10000cd4                irq_add_shared_handler
 .text.irq_add_tail_to_free_list
                0x10000eec       0xf0 CMakeFiles/USB_DEVICE_AND_KEYBOARD.dir/C_/Users/Lindsay/.pico-sdk/sdk/2.1.1/src/rp2_common/hardware_irq/irq.c.obj
                0x10000eec                irq_add_tail_to_free_list
 .text.lock_init
                0x10000fdc       0x10 CMakeFiles/USB_DEVICE_AND_KEYBOARD.dir/C_/Users/Lindsay/.pico-sdk/sdk/2.1.1/src/common/pico_sync/lock_core.c.obj
                0x10000fdc                lock_init
 .text.mutex_init
                0x10000fec       0x1a CMakeFiles/USB_DEVICE_AND_KEYBOARD.dir/C_/Users/Lindsay/.pico-sdk/sdk/2.1.1/src/common/pico_sync/mutex.c.obj
                0x10000fec                mutex_init
 .text.recursive_mutex_init
                0x10001006       0x1e CMakeFiles/USB_DEVICE_AND_KEYBOARD.dir/C_/Users/Lindsay/.pico-sdk/sdk/2.1.1/src/common/pico_sync/mutex.c.obj
                0x10001006                recursive_mutex_init
 .text.runtime_init_mutex
                0x10001024       0x4c CMakeFiles/USB_DEVICE_AND_KEYBOARD.dir/C_/Users/Lindsay/.pico-sdk/sdk/2.1.1/src/common/pico_sync/mutex.c.obj
                0x10001024                runtime_init_mutex
 .text.critical_section_init_with_lock_num
                0x10001070       0x14 CMakeFiles/USB_DEVICE_AND_KEYBOARD.dir/C_/Users/Lindsay/.pico-sdk/sdk/2.1.1/src/common/pico_sync/critical_section.c.obj
                0x10001070                critical_section_init_with_lock_num
 .text.critical_section_init
                0x10001084       0x14 CMakeFiles/USB_DEVICE_AND_KEYBOARD.dir/C_/Users/Lindsay/.pico-sdk/sdk/2.1.1/src/common/pico_sync/critical_section.c.obj
                0x10001084                critical_section_init
 .text.ta_set_timeout
                0x10001098       0x24 CMakeFiles/USB_DEVICE_AND_KEYBOARD.dir/C_/Users/Lindsay/.pico-sdk/sdk/2.1.1/src/common/pico_time/time.c.obj
 .text.make_alarm_id
                0x100010bc        0x6 CMakeFiles/USB_DEVICE_AND_KEYBOARD.dir/C_/Users/Lindsay/.pico-sdk/sdk/2.1.1/src/common/pico_time/time.c.obj
 *fill*         0x100010c2        0x2 
 .text.sleep_until_callback
                0x100010c4       0x30 CMakeFiles/USB_DEVICE_AND_KEYBOARD.dir/C_/Users/Lindsay/.pico-sdk/sdk/2.1.1/src/common/pico_time/time.c.obj
 .text.alarm_pool_irq_handler
                0x100010f4      0x2f0 CMakeFiles/USB_DEVICE_AND_KEYBOARD.dir/C_/Users/Lindsay/.pico-sdk/sdk/2.1.1/src/common/pico_time/time.c.obj
 .text.ta_enable_irq_handler
                0x100013e4       0x2c CMakeFiles/USB_DEVICE_AND_KEYBOARD.dir/C_/Users/Lindsay/.pico-sdk/sdk/2.1.1/src/common/pico_time/time.c.obj
 .text.alarm_pool_post_alloc_init
                0x10001410       0x78 CMakeFiles/USB_DEVICE_AND_KEYBOARD.dir/C_/Users/Lindsay/.pico-sdk/sdk/2.1.1/src/common/pico_time/time.c.obj
 .text.alarm_pool_get_default
                0x10001488       0x2c CMakeFiles/USB_DEVICE_AND_KEYBOARD.dir/C_/Users/Lindsay/.pico-sdk/sdk/2.1.1/src/common/pico_time/time.c.obj
                0x10001488                alarm_pool_get_default
 .text.alarm_pool_create_on_timer
                0x100014b4       0x34 CMakeFiles/USB_DEVICE_AND_KEYBOARD.dir/C_/Users/Lindsay/.pico-sdk/sdk/2.1.1/src/common/pico_time/time.c.obj
                0x100014b4                alarm_pool_create_on_timer
 .text.alarm_pool_add_alarm_at_force_in_context
                0x100014e8       0xa4 CMakeFiles/USB_DEVICE_AND_KEYBOARD.dir/C_/Users/Lindsay/.pico-sdk/sdk/2.1.1/src/common/pico_time/time.c.obj
                0x100014e8                alarm_pool_add_alarm_at_force_in_context
 .text.alarm_pool_add_alarm_at
                0x1000158c       0x3c CMakeFiles/USB_DEVICE_AND_KEYBOARD.dir/C_/Users/Lindsay/.pico-sdk/sdk/2.1.1/src/common/pico_time/time.c.obj
                0x1000158c                alarm_pool_add_alarm_at
 .text.add_alarm_at
                0x100015c8       0x2e CMakeFiles/USB_DEVICE_AND_KEYBOARD.dir/C_/Users/Lindsay/.pico-sdk/sdk/2.1.1/src/common/pico_time/time.c.obj
 *fill*         0x100015f6        0x2 
 .text.alarm_pool_cancel_alarm
                0x100015f8       0x78 CMakeFiles/USB_DEVICE_AND_KEYBOARD.dir/C_/Users/Lindsay/.pico-sdk/sdk/2.1.1/src/common/pico_time/time.c.obj
                0x100015f8                alarm_pool_cancel_alarm
 .text.cancel_alarm
                0x10001670       0x10 CMakeFiles/USB_DEVICE_AND_KEYBOARD.dir/C_/Users/Lindsay/.pico-sdk/sdk/2.1.1/src/common/pico_time/time.c.obj
 .text.sleep_until
                0x10001680       0xb0 CMakeFiles/USB_DEVICE_AND_KEYBOARD.dir/C_/Users/Lindsay/.pico-sdk/sdk/2.1.1/src/common/pico_time/time.c.obj
                0x10001680                sleep_until
 .text.sleep_us
                0x10001730       0x24 CMakeFiles/USB_DEVICE_AND_KEYBOARD.dir/C_/Users/Lindsay/.pico-sdk/sdk/2.1.1/src/common/pico_time/time.c.obj
                0x10001730                sleep_us
 .text.sleep_ms
                0x10001754       0x14 CMakeFiles/USB_DEVICE_AND_KEYBOARD.dir/C_/Users/Lindsay/.pico-sdk/sdk/2.1.1/src/common/pico_time/time.c.obj
                0x10001754                sleep_ms
 .text.best_effort_wfe_or_timeout
                0x10001768      0x11c CMakeFiles/USB_DEVICE_AND_KEYBOARD.dir/C_/Users/Lindsay/.pico-sdk/sdk/2.1.1/src/common/pico_time/time.c.obj
                0x10001768                best_effort_wfe_or_timeout
 .text.alarm_pool_add_repeating_timer_us
                0x10001884       0x6c CMakeFiles/USB_DEVICE_AND_KEYBOARD.dir/C_/Users/Lindsay/.pico-sdk/sdk/2.1.1/src/common/pico_time/time.c.obj
                0x10001884                alarm_pool_add_repeating_timer_us
 .text.alarm_pool_get_default_timer
                0x100018f0        0x8 CMakeFiles/USB_DEVICE_AND_KEYBOARD.dir/C_/Users/Lindsay/.pico-sdk/sdk/2.1.1/src/common/pico_time/time.c.obj
                0x100018f0                alarm_pool_get_default_timer
 .text.runtime_init_default_alarm_pool
                0x100018f8       0x38 CMakeFiles/USB_DEVICE_AND_KEYBOARD.dir/C_/Users/Lindsay/.pico-sdk/sdk/2.1.1/src/common/pico_time/time.c.obj
                0x100018f8                runtime_init_default_alarm_pool
 .text.timer_hardware_alarm_claim
                0x10001930       0x14 CMakeFiles/USB_DEVICE_AND_KEYBOARD.dir/C_/Users/Lindsay/.pico-sdk/sdk/2.1.1/src/rp2_common/hardware_timer/timer.c.obj
                0x10001930                timer_hardware_alarm_claim
 .text.timer_time_us_64
                0x10001944       0x10 CMakeFiles/USB_DEVICE_AND_KEYBOARD.dir/C_/Users/Lindsay/.pico-sdk/sdk/2.1.1/src/rp2_common/hardware_timer/timer.c.obj
                0x10001944                timer_time_us_64
 .text.timer_busy_wait_until
                0x10001954       0x1a CMakeFiles/USB_DEVICE_AND_KEYBOARD.dir/C_/Users/Lindsay/.pico-sdk/sdk/2.1.1/src/rp2_common/hardware_timer/timer.c.obj
                0x10001954                timer_busy_wait_until
 .text.timer_busy_wait_us
                0x1000196e       0x38 CMakeFiles/USB_DEVICE_AND_KEYBOARD.dir/C_/Users/Lindsay/.pico-sdk/sdk/2.1.1/src/rp2_common/hardware_timer/timer.c.obj
                0x1000196e                timer_busy_wait_us
 *fill*         0x100019a6        0x2 
 .text.time_us_64
                0x100019a8       0x10 CMakeFiles/USB_DEVICE_AND_KEYBOARD.dir/C_/Users/Lindsay/.pico-sdk/sdk/2.1.1/src/rp2_common/hardware_timer/timer.c.obj
                0x100019a8                time_us_64
 .text.busy_wait_us
                0x100019b8       0x14 CMakeFiles/USB_DEVICE_AND_KEYBOARD.dir/C_/Users/Lindsay/.pico-sdk/sdk/2.1.1/src/rp2_common/hardware_timer/timer.c.obj
                0x100019b8                busy_wait_us
 .text.timer_busy_wait_us_32
                0x100019cc       0x1c CMakeFiles/USB_DEVICE_AND_KEYBOARD.dir/C_/Users/Lindsay/.pico-sdk/sdk/2.1.1/src/rp2_common/hardware_timer/timer.c.obj
                0x100019cc                timer_busy_wait_us_32
 .text.timer_busy_wait_ms
                0x100019e8       0x3c CMakeFiles/USB_DEVICE_AND_KEYBOARD.dir/C_/Users/Lindsay/.pico-sdk/sdk/2.1.1/src/rp2_common/hardware_timer/timer.c.obj
                0x100019e8                timer_busy_wait_ms
 .text.busy_wait_ms
                0x10001a24       0x10 CMakeFiles/USB_DEVICE_AND_KEYBOARD.dir/C_/Users/Lindsay/.pico-sdk/sdk/2.1.1/src/rp2_common/hardware_timer/timer.c.obj
                0x10001a24                busy_wait_ms
 .text.busy_wait_until
                0x10001a34       0x14 CMakeFiles/USB_DEVICE_AND_KEYBOARD.dir/C_/Users/Lindsay/.pico-sdk/sdk/2.1.1/src/rp2_common/hardware_timer/timer.c.obj
                0x10001a34                busy_wait_until
 .text.clock_configure_internal
                0x10001a48       0xc4 CMakeFiles/USB_DEVICE_AND_KEYBOARD.dir/C_/Users/Lindsay/.pico-sdk/sdk/2.1.1/src/rp2_common/hardware_clocks/clocks.c.obj
 .text.clock_configure_int_divider
                0x10001b0c       0x28 CMakeFiles/USB_DEVICE_AND_KEYBOARD.dir/C_/Users/Lindsay/.pico-sdk/sdk/2.1.1/src/rp2_common/hardware_clocks/clocks.c.obj
                0x10001b0c                clock_configure_int_divider
 .text.clock_configure_undivided
                0x10001b34       0x12 CMakeFiles/USB_DEVICE_AND_KEYBOARD.dir/C_/Users/Lindsay/.pico-sdk/sdk/2.1.1/src/rp2_common/hardware_clocks/clocks.c.obj
                0x10001b34                clock_configure_undivided
 *fill*         0x10001b46        0x2 
 .text.clock_get_hz
                0x10001b48        0xc CMakeFiles/USB_DEVICE_AND_KEYBOARD.dir/C_/Users/Lindsay/.pico-sdk/sdk/2.1.1/src/rp2_common/hardware_clocks/clocks.c.obj
                0x10001b48                clock_get_hz
 .text.set_sys_clock_pll
                0x10001b54       0x68 CMakeFiles/USB_DEVICE_AND_KEYBOARD.dir/C_/Users/Lindsay/.pico-sdk/sdk/2.1.1/src/rp2_common/hardware_clocks/clocks.c.obj
                0x10001b54                set_sys_clock_pll
 .text.check_sys_clock_khz
                0x10001bbc       0xa4 CMakeFiles/USB_DEVICE_AND_KEYBOARD.dir/C_/Users/Lindsay/.pico-sdk/sdk/2.1.1/src/rp2_common/hardware_clocks/clocks.c.obj
                0x10001bbc                check_sys_clock_khz
 .text.pll_init
                0x10001c60      0x124 CMakeFiles/USB_DEVICE_AND_KEYBOARD.dir/C_/Users/Lindsay/.pico-sdk/sdk/2.1.1/src/rp2_common/hardware_pll/pll.c.obj
                0x10001c60                pll_init
 .text.tick_start
                0x10001d84       0x10 CMakeFiles/USB_DEVICE_AND_KEYBOARD.dir/C_/Users/Lindsay/.pico-sdk/sdk/2.1.1/src/rp2_common/hardware_ticks/ticks.c.obj
                0x10001d84                tick_start
 .text.rom_func_lookup
                0x10001d94       0x10 CMakeFiles/USB_DEVICE_AND_KEYBOARD.dir/C_/Users/Lindsay/.pico-sdk/sdk/2.1.1/src/rp2_common/pico_bootrom/bootrom.c.obj
                0x10001d94                rom_func_lookup
 .text.rom_data_lookup
                0x10001da4       0x10 CMakeFiles/USB_DEVICE_AND_KEYBOARD.dir/C_/Users/Lindsay/.pico-sdk/sdk/2.1.1/src/rp2_common/pico_bootrom/bootrom.c.obj
                0x10001da4                rom_data_lookup
 .text.rom_funcs_lookup
                0x10001db4       0x36 CMakeFiles/USB_DEVICE_AND_KEYBOARD.dir/C_/Users/Lindsay/.pico-sdk/sdk/2.1.1/src/rp2_common/pico_bootrom/bootrom.c.obj
                0x10001db4                rom_funcs_lookup
 *fill*         0x10001dea        0x2 
 .text.xosc_init
                0x10001dec       0x2c CMakeFiles/USB_DEVICE_AND_KEYBOARD.dir/C_/Users/Lindsay/.pico-sdk/sdk/2.1.1/src/rp2_common/hardware_xosc/xosc.c.obj
                0x10001dec                xosc_init
 .text.runtime_run_initializers_from
                0x10001e18       0x18 CMakeFiles/USB_DEVICE_AND_KEYBOARD.dir/C_/Users/Lindsay/.pico-sdk/sdk/2.1.1/src/rp2_common/pico_runtime/runtime.c.obj
 .text.first_per_core_initializer
                0x10001e30        0x2 CMakeFiles/USB_DEVICE_AND_KEYBOARD.dir/C_/Users/Lindsay/.pico-sdk/sdk/2.1.1/src/rp2_common/pico_runtime/runtime.c.obj
 *fill*         0x10001e32        0x2 
 .text.runtime_run_initializers
                0x10001e34       0x10 CMakeFiles/USB_DEVICE_AND_KEYBOARD.dir/C_/Users/Lindsay/.pico-sdk/sdk/2.1.1/src/rp2_common/pico_runtime/runtime.c.obj
                0x10001e34                runtime_run_initializers
 .text.runtime_run_per_core_initializers
                0x10001e44       0x10 CMakeFiles/USB_DEVICE_AND_KEYBOARD.dir/C_/Users/Lindsay/.pico-sdk/sdk/2.1.1/src/rp2_common/pico_runtime/runtime.c.obj
                0x10001e44                runtime_run_per_core_initializers
 .text.runtime_init_early_resets
                0x10001e54       0x2c CMakeFiles/USB_DEVICE_AND_KEYBOARD.dir/C_/Users/Lindsay/.pico-sdk/sdk/2.1.1/src/rp2_common/pico_runtime_init/runtime_init.c.obj
                0x10001e54                runtime_init_early_resets
 .text.runtime_init_usb_power_down
                0x10001e80       0x1c CMakeFiles/USB_DEVICE_AND_KEYBOARD.dir/C_/Users/Lindsay/.pico-sdk/sdk/2.1.1/src/rp2_common/pico_runtime_init/runtime_init.c.obj
                0x10001e80                runtime_init_usb_power_down
 .text.runtime_init_post_clock_resets
                0x10001e9c       0x20 CMakeFiles/USB_DEVICE_AND_KEYBOARD.dir/C_/Users/Lindsay/.pico-sdk/sdk/2.1.1/src/rp2_common/pico_runtime_init/runtime_init.c.obj
                0x10001e9c                runtime_init_post_clock_resets
 .text.runtime_init_rp2040_gpio_ie_disable
                0x10001ebc       0x14 CMakeFiles/USB_DEVICE_AND_KEYBOARD.dir/C_/Users/Lindsay/.pico-sdk/sdk/2.1.1/src/rp2_common/pico_runtime_init/runtime_init.c.obj
                0x10001ebc                runtime_init_rp2040_gpio_ie_disable
 .text.runtime_init_spin_locks_reset
                0x10001ed0        0x8 CMakeFiles/USB_DEVICE_AND_KEYBOARD.dir/C_/Users/Lindsay/.pico-sdk/sdk/2.1.1/src/rp2_common/pico_runtime_init/runtime_init.c.obj
                0x10001ed0                runtime_init_spin_locks_reset
 .text.runtime_init_install_ram_vector_table
                0x10001ed8       0x1c CMakeFiles/USB_DEVICE_AND_KEYBOARD.dir/C_/Users/Lindsay/.pico-sdk/sdk/2.1.1/src/rp2_common/pico_runtime_init/runtime_init.c.obj
                0x10001ed8                runtime_init_install_ram_vector_table
 .text.start_all_ticks
                0x10001ef4       0x28 CMakeFiles/USB_DEVICE_AND_KEYBOARD.dir/C_/Users/Lindsay/.pico-sdk/sdk/2.1.1/src/rp2_common/pico_runtime_init/runtime_init_clocks.c.obj
 .text.runtime_init_clocks
                0x10001f1c       0xcc CMakeFiles/USB_DEVICE_AND_KEYBOARD.dir/C_/Users/Lindsay/.pico-sdk/sdk/2.1.1/src/rp2_common/pico_runtime_init/runtime_init_clocks.c.obj
                0x10001f1c                runtime_init_clocks
 .text          0x10001fe8       0x10 CMakeFiles/USB_DEVICE_AND_KEYBOARD.dir/C_/Users/Lindsay/.pico-sdk/sdk/2.1.1/src/rp2_common/pico_bit_ops/bit_ops_aeabi.S.obj
 .text.ctzsi    0x10001ff8        0xc CMakeFiles/USB_DEVICE_AND_KEYBOARD.dir/C_/Users/Lindsay/.pico-sdk/sdk/2.1.1/src/rp2_common/pico_bit_ops/bit_ops_aeabi.S.obj
                0x10001ff8                __wrap___ctzsi2
 .text.__wrap___aeabi_idiv
                0x10002004       0x50 CMakeFiles/USB_DEVICE_AND_KEYBOARD.dir/C_/Users/Lindsay/.pico-sdk/sdk/2.1.1/src/rp2_common/pico_divider/divider_hardware.S.obj
                0x10002004                __wrap___aeabi_idivmod
                0x10002004                divmod_s32s32
                0x10002004                div_s32s32
                0x10002004                __wrap___aeabi_idiv
                0x1000200c                divmod_s32s32_unsafe
                0x10002038                divmod_s32s32_savestate
 .text.__wrap___aeabi_uidiv
                0x10002054       0x4c CMakeFiles/USB_DEVICE_AND_KEYBOARD.dir/C_/Users/Lindsay/.pico-sdk/sdk/2.1.1/src/rp2_common/pico_divider/divider_hardware.S.obj
                0x10002054                __wrap___aeabi_uidiv
                0x10002054                __wrap___aeabi_uidivmod
                0x10002054                div_u32u32
                0x10002054                divmod_u32u32
                0x1000205c                divmod_u32u32_unsafe
                0x10002084                divmod_u32u32_savestate
 .text.__wrap___aeabi_ldiv
                0x100020a0      0x424 CMakeFiles/USB_DEVICE_AND_KEYBOARD.dir/C_/Users/Lindsay/.pico-sdk/sdk/2.1.1/src/rp2_common/pico_divider/divider_hardware.S.obj
                0x100020a0                div_s64s64
                0x100020a0                divmod_s64s64
                0x100020a0                __wrap___aeabi_ldivmod
                0x100020d0                divmod_u64u64
                0x100020d0                div_u64u64
                0x100020d0                __wrap___aeabi_uldivmod
                0x100020e0                divmod_u64u64_savestate
                0x10002100                divmod_s64s64_unsafe
                0x10002188                divmod_u64u64_unsafe
 .text.__wrap___aeabi_darithmetic
                0x100024c4       0x60 CMakeFiles/USB_DEVICE_AND_KEYBOARD.dir/C_/Users/Lindsay/.pico-sdk/sdk/2.1.1/src/rp2_common/pico_double/double_aeabi_rp2040.S.obj
                0x100024c4                __wrap___aeabi_drsub
                0x100024ca                __wrap___aeabi_dsub
                0x100024d4                __wrap___aeabi_dadd
                0x100024de                __wrap___aeabi_ddiv
                0x10002512                __wrap___aeabi_dmul
 .text.__wrap___aeabi_cdcmple
                0x10002524       0x6c CMakeFiles/USB_DEVICE_AND_KEYBOARD.dir/C_/Users/Lindsay/.pico-sdk/sdk/2.1.1/src/rp2_common/pico_double/double_aeabi_rp2040.S.obj
                0x10002524                __wrap___aeabi_cdrcmple
                0x10002534                __wrap___aeabi_cdcmpeq
                0x10002534                __wrap___aeabi_cdcmple
 .text.__wrap___aeabi_dcmplt
                0x10002590        0xc CMakeFiles/USB_DEVICE_AND_KEYBOARD.dir/C_/Users/Lindsay/.pico-sdk/sdk/2.1.1/src/rp2_common/pico_double/double_aeabi_rp2040.S.obj
                0x10002590                __wrap___aeabi_dcmplt
 .text.__wrap___aeabi_dcmple
                0x1000259c       0x10 CMakeFiles/USB_DEVICE_AND_KEYBOARD.dir/C_/Users/Lindsay/.pico-sdk/sdk/2.1.1/src/rp2_common/pico_double/double_aeabi_rp2040.S.obj
                0x1000259c                __wrap___aeabi_dcmple
 .text.__wrap___aeabi_dcmpge
                0x100025ac       0x10 CMakeFiles/USB_DEVICE_AND_KEYBOARD.dir/C_/Users/Lindsay/.pico-sdk/sdk/2.1.1/src/rp2_common/pico_double/double_aeabi_rp2040.S.obj
                0x100025ac                __wrap___aeabi_dcmpge
 .text.__wrap___aeabi_dcmpgt
                0x100025bc        0xa CMakeFiles/USB_DEVICE_AND_KEYBOARD.dir/C_/Users/Lindsay/.pico-sdk/sdk/2.1.1/src/rp2_common/pico_double/double_aeabi_rp2040.S.obj
                0x100025bc                __wrap___aeabi_dcmpgt
 .text.__wrap___aeabi_dcmpun
                0x100025c6       0x18 CMakeFiles/USB_DEVICE_AND_KEYBOARD.dir/C_/Users/Lindsay/.pico-sdk/sdk/2.1.1/src/rp2_common/pico_double/double_aeabi_rp2040.S.obj
                0x100025c6                __wrap___aeabi_dcmpun
 *fill*         0x100025de        0x2 
 .text.__wrap___aeabi_i2d
                0x100025e0       0x38 CMakeFiles/USB_DEVICE_AND_KEYBOARD.dir/C_/Users/Lindsay/.pico-sdk/sdk/2.1.1/src/rp2_common/pico_double/double_aeabi_rp2040.S.obj
                0x100025e0                uint2double
                0x100025e0                __wrap___aeabi_ui2d
                0x100025e8                int2double
                0x100025e8                __wrap___aeabi_i2d
 .text.__wrap___aeabi_d2iz
                0x10002618       0x48 CMakeFiles/USB_DEVICE_AND_KEYBOARD.dir/C_/Users/Lindsay/.pico-sdk/sdk/2.1.1/src/rp2_common/pico_double/double_aeabi_rp2040.S.obj
                0x10002618                double2int_z
                0x10002618                __wrap___aeabi_d2iz
 .text.__wrap___aeabi_d2uiz
                0x10002660       0x10 CMakeFiles/USB_DEVICE_AND_KEYBOARD.dir/C_/Users/Lindsay/.pico-sdk/sdk/2.1.1/src/rp2_common/pico_double/double_aeabi_rp2040.S.obj
                0x10002660                double2uint
                0x10002660                __wrap___aeabi_d2uiz
                0x10002660                double2uint_z
 .text.missing_double_func_shim
                0x10002670        0xc CMakeFiles/USB_DEVICE_AND_KEYBOARD.dir/C_/Users/Lindsay/.pico-sdk/sdk/2.1.1/src/rp2_common/pico_double/double_init_rom_rp2040.c.obj
 .text.__aeabi_double_init
                0x1000267c       0xd0 CMakeFiles/USB_DEVICE_AND_KEYBOARD.dir/C_/Users/Lindsay/.pico-sdk/sdk/2.1.1/src/rp2_common/pico_double/double_init_rom_rp2040.c.obj
                0x1000267c                __aeabi_double_init
 .text.double_table_shim_on_use_helper
                0x1000274c       0x34 CMakeFiles/USB_DEVICE_AND_KEYBOARD.dir/C_/Users/Lindsay/.pico-sdk/sdk/2.1.1/src/rp2_common/pico_double/double_v1_rom_shim_rp2040.S.obj
                0x1000274c                double_table_shim_on_use_helper
 .text.__aeabi_lmul
                0x10002780       0x32 CMakeFiles/USB_DEVICE_AND_KEYBOARD.dir/C_/Users/Lindsay/.pico-sdk/sdk/2.1.1/src/rp2_common/pico_int64_ops/pico_int64_ops_aeabi.S.obj
                0x10002780                __wrap___aeabi_lmul
 *fill*         0x100027b2        0x2 
 .text.__wrap___aeabi_farithmetic
                0x100027b4       0x48 CMakeFiles/USB_DEVICE_AND_KEYBOARD.dir/C_/Users/Lindsay/.pico-sdk/sdk/2.1.1/src/rp2_common/pico_float/float_aeabi_rp2040.S.obj
                0x100027b4                __wrap___aeabi_frsub
                0x100027ba                __wrap___aeabi_fsub
                0x100027c0                __wrap___aeabi_fadd
                0x100027c6                __wrap___aeabi_fdiv
                0x100027ee                __wrap___aeabi_fmul
 .text.__wrap___aeabi_ui2f
                0x100027fc        0xa CMakeFiles/USB_DEVICE_AND_KEYBOARD.dir/C_/Users/Lindsay/.pico-sdk/sdk/2.1.1/src/rp2_common/pico_float/float_aeabi_rp2040.S.obj
                0x100027fc                __wrap___aeabi_ui2f
                0x100027fc                uint2float
 *fill*         0x10002806        0x2 
 .text.__wrap___aeabi_i2f
                0x10002808       0x44 CMakeFiles/USB_DEVICE_AND_KEYBOARD.dir/C_/Users/Lindsay/.pico-sdk/sdk/2.1.1/src/rp2_common/pico_float/float_aeabi_rp2040.S.obj
                0x10002808                __wrap___aeabi_i2f
                0x10002808                int2float
 .text.__wrap___aeabi_f2uiz
                0x1000284c        0xc CMakeFiles/USB_DEVICE_AND_KEYBOARD.dir/C_/Users/Lindsay/.pico-sdk/sdk/2.1.1/src/rp2_common/pico_float/float_aeabi_rp2040.S.obj
                0x1000284c                float2uint_z
                0x1000284c                __wrap___aeabi_f2uiz
                0x1000284c                float2uint
 .text.missing_float_func_shim
                0x10002858        0xc CMakeFiles/USB_DEVICE_AND_KEYBOARD.dir/C_/Users/Lindsay/.pico-sdk/sdk/2.1.1/src/rp2_common/pico_float/float_init_rom_rp2040.c.obj
 .text.__aeabi_float_init
                0x10002864       0x88 CMakeFiles/USB_DEVICE_AND_KEYBOARD.dir/C_/Users/Lindsay/.pico-sdk/sdk/2.1.1/src/rp2_common/pico_float/float_init_rom_rp2040.c.obj
                0x10002864                __aeabi_float_init
 .text.check_alloc
                0x100028ec       0x20 CMakeFiles/USB_DEVICE_AND_KEYBOARD.dir/C_/Users/Lindsay/.pico-sdk/sdk/2.1.1/src/rp2_common/pico_malloc/malloc.c.obj
 .text.__wrap_malloc
                0x1000290c       0x2c CMakeFiles/USB_DEVICE_AND_KEYBOARD.dir/C_/Users/Lindsay/.pico-sdk/sdk/2.1.1/src/rp2_common/pico_malloc/malloc.c.obj
                0x1000290c                __wrap_malloc
 .text.__wrap_calloc
                0x10002938       0x30 CMakeFiles/USB_DEVICE_AND_KEYBOARD.dir/C_/Users/Lindsay/.pico-sdk/sdk/2.1.1/src/rp2_common/pico_malloc/malloc.c.obj
                0x10002938                __wrap_calloc
 .text          0x10002968       0x10 CMakeFiles/USB_DEVICE_AND_KEYBOARD.dir/C_/Users/Lindsay/.pico-sdk/sdk/2.1.1/src/rp2_common/pico_mem_ops/mem_ops_aeabi.S.obj
                0x10002968                __aeabi_mem_init
 .text.memset   0x10002978        0xc CMakeFiles/USB_DEVICE_AND_KEYBOARD.dir/C_/Users/Lindsay/.pico-sdk/sdk/2.1.1/src/rp2_common/pico_mem_ops/mem_ops_aeabi.S.obj
                0x10002978                __wrap_memset
 .text.memcpy   0x10002984        0xc CMakeFiles/USB_DEVICE_AND_KEYBOARD.dir/C_/Users/Lindsay/.pico-sdk/sdk/2.1.1/src/rp2_common/pico_mem_ops/mem_ops_aeabi.S.obj
                0x10002984                __wrap_memcpy
                0x10002984                __wrap___aeabi_memcpy
 .text._out_buffer
                0x10002990        0x8 CMakeFiles/USB_DEVICE_AND_KEYBOARD.dir/C_/Users/Lindsay/.pico-sdk/sdk/2.1.1/src/rp2_common/pico_printf/printf.c.obj
 .text._out_null
                0x10002998        0x2 CMakeFiles/USB_DEVICE_AND_KEYBOARD.dir/C_/Users/Lindsay/.pico-sdk/sdk/2.1.1/src/rp2_common/pico_printf/printf.c.obj
 .text._out_fct
                0x1000299a        0xe CMakeFiles/USB_DEVICE_AND_KEYBOARD.dir/C_/Users/Lindsay/.pico-sdk/sdk/2.1.1/src/rp2_common/pico_printf/printf.c.obj
 .text._atoi    0x100029a8       0x24 CMakeFiles/USB_DEVICE_AND_KEYBOARD.dir/C_/Users/Lindsay/.pico-sdk/sdk/2.1.1/src/rp2_common/pico_printf/printf.c.obj
 .text._out_rev
                0x100029cc       0xb0 CMakeFiles/USB_DEVICE_AND_KEYBOARD.dir/C_/Users/Lindsay/.pico-sdk/sdk/2.1.1/src/rp2_common/pico_printf/printf.c.obj
 .text._ntoa_format
                0x10002a7c      0x10e CMakeFiles/USB_DEVICE_AND_KEYBOARD.dir/C_/Users/Lindsay/.pico-sdk/sdk/2.1.1/src/rp2_common/pico_printf/printf.c.obj
 .text._ntoa_long
                0x10002b8a       0xbc CMakeFiles/USB_DEVICE_AND_KEYBOARD.dir/C_/Users/Lindsay/.pico-sdk/sdk/2.1.1/src/rp2_common/pico_printf/printf.c.obj
 .text._ntoa_long_long
                0x10002c46      0x10e CMakeFiles/USB_DEVICE_AND_KEYBOARD.dir/C_/Users/Lindsay/.pico-sdk/sdk/2.1.1/src/rp2_common/pico_printf/printf.c.obj
 .text._etoa    0x10002d54      0x424 CMakeFiles/USB_DEVICE_AND_KEYBOARD.dir/C_/Users/Lindsay/.pico-sdk/sdk/2.1.1/src/rp2_common/pico_printf/printf.c.obj
 .text._ftoa    0x10003178      0x348 CMakeFiles/USB_DEVICE_AND_KEYBOARD.dir/C_/Users/Lindsay/.pico-sdk/sdk/2.1.1/src/rp2_common/pico_printf/printf.c.obj
 .text._vsnprintf
                0x100034c0      0x6a4 CMakeFiles/USB_DEVICE_AND_KEYBOARD.dir/C_/Users/Lindsay/.pico-sdk/sdk/2.1.1/src/rp2_common/pico_printf/printf.c.obj
 .text.__wrap_sprintf
                0x10003b64       0x2c CMakeFiles/USB_DEVICE_AND_KEYBOARD.dir/C_/Users/Lindsay/.pico-sdk/sdk/2.1.1/src/rp2_common/pico_printf/printf.c.obj
                0x10003b64                __wrap_sprintf
 .text.vfctprintf
                0x10003b90       0x24 CMakeFiles/USB_DEVICE_AND_KEYBOARD.dir/C_/Users/Lindsay/.pico-sdk/sdk/2.1.1/src/rp2_common/pico_printf/printf.c.obj
                0x10003b90                vfctprintf
 .text._exit    0x10003bb4        0x4 CMakeFiles/USB_DEVICE_AND_KEYBOARD.dir/C_/Users/Lindsay/.pico-sdk/sdk/2.1.1/src/rp2_common/pico_clib_interface/newlib_interface.c.obj
                0x10003bb4                _exit
 .text._sbrk    0x10003bb8       0x38 CMakeFiles/USB_DEVICE_AND_KEYBOARD.dir/C_/Users/Lindsay/.pico-sdk/sdk/2.1.1/src/rp2_common/pico_clib_interface/newlib_interface.c.obj
                0x10003bb8                _sbrk
 .text.exit     0x10003bf0        0x6 CMakeFiles/USB_DEVICE_AND_KEYBOARD.dir/C_/Users/Lindsay/.pico-sdk/sdk/2.1.1/src/rp2_common/pico_clib_interface/newlib_interface.c.obj
                0x10003bf0                exit
 *fill*         0x10003bf6        0x2 
 .text.__assert_func
                0x10003bf8       0x38 CMakeFiles/USB_DEVICE_AND_KEYBOARD.dir/C_/Users/Lindsay/.pico-sdk/sdk/2.1.1/src/rp2_common/pico_clib_interface/newlib_interface.c.obj
                0x10003bf8                __assert_func
 .text.runtime_init
                0x10003c30       0x28 CMakeFiles/USB_DEVICE_AND_KEYBOARD.dir/C_/Users/Lindsay/.pico-sdk/sdk/2.1.1/src/rp2_common/pico_clib_interface/newlib_interface.c.obj
                0x10003c30                runtime_init
 .text.stdio_out_chars_no_crlf
                0x10003c58        0xe CMakeFiles/USB_DEVICE_AND_KEYBOARD.dir/C_/Users/Lindsay/.pico-sdk/sdk/2.1.1/src/rp2_common/pico_stdio/stdio.c.obj
 *fill*         0x10003c66        0x2 
 .text.stdio_out_chars_crlf
                0x10003c68       0x80 CMakeFiles/USB_DEVICE_AND_KEYBOARD.dir/C_/Users/Lindsay/.pico-sdk/sdk/2.1.1/src/rp2_common/pico_stdio/stdio.c.obj
 .text.stdio_stack_buffer_flush
                0x10003ce8       0x44 CMakeFiles/USB_DEVICE_AND_KEYBOARD.dir/C_/Users/Lindsay/.pico-sdk/sdk/2.1.1/src/rp2_common/pico_stdio/stdio.c.obj
 .text.stdio_buffered_printer
                0x10003d2c       0x20 CMakeFiles/USB_DEVICE_AND_KEYBOARD.dir/C_/Users/Lindsay/.pico-sdk/sdk/2.1.1/src/rp2_common/pico_stdio/stdio.c.obj
 .text.stdout_serialize_begin
                0x10003d4c       0x30 CMakeFiles/USB_DEVICE_AND_KEYBOARD.dir/C_/Users/Lindsay/.pico-sdk/sdk/2.1.1/src/rp2_common/pico_stdio/stdio.c.obj
                0x10003d4c                stdout_serialize_begin
 .text.stdout_serialize_end
                0x10003d7c       0x10 CMakeFiles/USB_DEVICE_AND_KEYBOARD.dir/C_/Users/Lindsay/.pico-sdk/sdk/2.1.1/src/rp2_common/pico_stdio/stdio.c.obj
                0x10003d7c                stdout_serialize_end
 .text.stdio_put_string
                0x10003d8c       0x94 CMakeFiles/USB_DEVICE_AND_KEYBOARD.dir/C_/Users/Lindsay/.pico-sdk/sdk/2.1.1/src/rp2_common/pico_stdio/stdio.c.obj
                0x10003d8c                stdio_put_string
 .text.stdio_flush
                0x10003e20       0x20 CMakeFiles/USB_DEVICE_AND_KEYBOARD.dir/C_/Users/Lindsay/.pico-sdk/sdk/2.1.1/src/rp2_common/pico_stdio/stdio.c.obj
                0x10003e20                stdio_flush
 .text.__wrap_puts
                0x10003e40       0x1e CMakeFiles/USB_DEVICE_AND_KEYBOARD.dir/C_/Users/Lindsay/.pico-sdk/sdk/2.1.1/src/rp2_common/pico_stdio/stdio.c.obj
                0x10003e40                stdio_puts
                0x10003e40                __wrap_puts
 *fill*         0x10003e5e        0x2 
 .text.__wrap_vprintf
                0x10003e60       0x40 CMakeFiles/USB_DEVICE_AND_KEYBOARD.dir/C_/Users/Lindsay/.pico-sdk/sdk/2.1.1/src/rp2_common/pico_stdio/stdio.c.obj
                0x10003e60                stdio_vprintf
                0x10003e60                __wrap_vprintf
 .text.__wrap_printf
                0x10003ea0       0x18 CMakeFiles/USB_DEVICE_AND_KEYBOARD.dir/C_/Users/Lindsay/.pico-sdk/sdk/2.1.1/src/rp2_common/pico_stdio/stdio.c.obj
                0x10003ea0                __wrap_printf
                0x10003ea0                stdio_printf
 .text.pio_usb_bus_init
                0x10003eb8      0x1bc CMakeFiles/USB_DEVICE_AND_KEYBOARD.dir/Pico-PIO-USB/src/pio_usb.c.obj
                0x10003eb8                pio_usb_bus_init
 .text.pio_usb_host_init
                0x10004074      0x1e8 CMakeFiles/USB_DEVICE_AND_KEYBOARD.dir/Pico-PIO-USB/src/pio_usb_host.c.obj
                0x10004074                pio_usb_host_init
 .text.pio_usb_host_port_reset_start
                0x1000425c       0x40 CMakeFiles/USB_DEVICE_AND_KEYBOARD.dir/Pico-PIO-USB/src/pio_usb_host.c.obj
                0x1000425c                pio_usb_host_port_reset_start
 .text.pio_usb_host_port_reset_end
                0x1000429c       0x48 CMakeFiles/USB_DEVICE_AND_KEYBOARD.dir/Pico-PIO-USB/src/pio_usb_host.c.obj
                0x1000429c                pio_usb_host_port_reset_end
 .text.pio_usb_host_close_device
                0x100042e4       0x38 CMakeFiles/USB_DEVICE_AND_KEYBOARD.dir/Pico-PIO-USB/src/pio_usb_host.c.obj
                0x100042e4                pio_usb_host_close_device
 .text.pio_usb_host_endpoint_open
                0x1000431c       0xb8 CMakeFiles/USB_DEVICE_AND_KEYBOARD.dir/Pico-PIO-USB/src/pio_usb_host.c.obj
                0x1000431c                pio_usb_host_endpoint_open
 .text.pio_usb_host_send_setup
                0x100043d4       0x60 CMakeFiles/USB_DEVICE_AND_KEYBOARD.dir/Pico-PIO-USB/src/pio_usb_host.c.obj
                0x100043d4                pio_usb_host_send_setup
 .text.pio_usb_host_endpoint_transfer
                0x10004434       0x90 CMakeFiles/USB_DEVICE_AND_KEYBOARD.dir/Pico-PIO-USB/src/pio_usb_host.c.obj
                0x10004434                pio_usb_host_endpoint_transfer
 .text.pio_usb_host_endpoint_abort_transfer
                0x100044c4       0xb4 CMakeFiles/USB_DEVICE_AND_KEYBOARD.dir/Pico-PIO-USB/src/pio_usb_host.c.obj
                0x100044c4                pio_usb_host_endpoint_abort_transfer
 .text.calc_usb_crc16
                0x10004578       0x30 CMakeFiles/USB_DEVICE_AND_KEYBOARD.dir/Pico-PIO-USB/src/usb_crc.c.obj
                0x10004578                calc_usb_crc16
 .text.core1_trampoline
                0x100045a8        0x2 CMakeFiles/USB_DEVICE_AND_KEYBOARD.dir/C_/Users/Lindsay/.pico-sdk/sdk/2.1.1/src/rp2_common/pico_multicore/multicore.c.obj
 .text.core1_wrapper
                0x100045aa        0xc CMakeFiles/USB_DEVICE_AND_KEYBOARD.dir/C_/Users/Lindsay/.pico-sdk/sdk/2.1.1/src/rp2_common/pico_multicore/multicore.c.obj
                0x100045aa                core1_wrapper
 .text.multicore_fifo_push_blocking
                0x100045b6       0x14 CMakeFiles/USB_DEVICE_AND_KEYBOARD.dir/C_/Users/Lindsay/.pico-sdk/sdk/2.1.1/src/rp2_common/pico_multicore/multicore.c.obj
                0x100045b6                multicore_fifo_push_blocking
 .text.multicore_fifo_pop_blocking
                0x100045ca       0x16 CMakeFiles/USB_DEVICE_AND_KEYBOARD.dir/C_/Users/Lindsay/.pico-sdk/sdk/2.1.1/src/rp2_common/pico_multicore/multicore.c.obj
                0x100045ca                multicore_fifo_pop_blocking
 .text.multicore_reset_core1
                0x100045e0       0x6c CMakeFiles/USB_DEVICE_AND_KEYBOARD.dir/C_/Users/Lindsay/.pico-sdk/sdk/2.1.1/src/rp2_common/pico_multicore/multicore.c.obj
                0x100045e0                multicore_reset_core1
 .text.multicore_launch_core1_raw
                0x1000464c       0x70 CMakeFiles/USB_DEVICE_AND_KEYBOARD.dir/C_/Users/Lindsay/.pico-sdk/sdk/2.1.1/src/rp2_common/pico_multicore/multicore.c.obj
                0x1000464c                multicore_launch_core1_raw
 .text.multicore_launch_core1_with_stack
                0x100046bc       0x50 CMakeFiles/USB_DEVICE_AND_KEYBOARD.dir/C_/Users/Lindsay/.pico-sdk/sdk/2.1.1/src/rp2_common/pico_multicore/multicore.c.obj
                0x100046bc                multicore_launch_core1_with_stack
 .text.multicore_launch_core1
                0x1000470c       0x24 CMakeFiles/USB_DEVICE_AND_KEYBOARD.dir/C_/Users/Lindsay/.pico-sdk/sdk/2.1.1/src/rp2_common/pico_multicore/multicore.c.obj
                0x1000470c                multicore_launch_core1
 .text.pio_get_default_sm_config
                0x10004730       0x28 CMakeFiles/USB_DEVICE_AND_KEYBOARD.dir/C_/Users/Lindsay/.pico-sdk/sdk/2.1.1/src/rp2_common/hardware_pio/pio.c.obj
 .text.is_program_gpio_compatible
                0x10004758        0x4 CMakeFiles/USB_DEVICE_AND_KEYBOARD.dir/C_/Users/Lindsay/.pico-sdk/sdk/2.1.1/src/rp2_common/hardware_pio/pio.c.obj
 .text.add_program_at_offset_check
                0x1000475c       0x64 CMakeFiles/USB_DEVICE_AND_KEYBOARD.dir/C_/Users/Lindsay/.pico-sdk/sdk/2.1.1/src/rp2_common/hardware_pio/pio.c.obj
 .text.add_program_at_offset
                0x100047c0       0x60 CMakeFiles/USB_DEVICE_AND_KEYBOARD.dir/C_/Users/Lindsay/.pico-sdk/sdk/2.1.1/src/rp2_common/hardware_pio/pio.c.obj
 .text.find_offset_for_program
                0x10004820       0x7c CMakeFiles/USB_DEVICE_AND_KEYBOARD.dir/C_/Users/Lindsay/.pico-sdk/sdk/2.1.1/src/rp2_common/hardware_pio/pio.c.obj
 .text.pio_sm_claim
                0x1000489c       0x30 CMakeFiles/USB_DEVICE_AND_KEYBOARD.dir/C_/Users/Lindsay/.pico-sdk/sdk/2.1.1/src/rp2_common/hardware_pio/pio.c.obj
                0x1000489c                pio_sm_claim
 .text.pio_add_program
                0x100048cc       0x30 CMakeFiles/USB_DEVICE_AND_KEYBOARD.dir/C_/Users/Lindsay/.pico-sdk/sdk/2.1.1/src/rp2_common/hardware_pio/pio.c.obj
                0x100048cc                pio_add_program
 .text.pio_add_program_at_offset
                0x100048fc       0x24 CMakeFiles/USB_DEVICE_AND_KEYBOARD.dir/C_/Users/Lindsay/.pico-sdk/sdk/2.1.1/src/rp2_common/hardware_pio/pio.c.obj
                0x100048fc                pio_add_program_at_offset
 .text.pio_sm_set_pins_with_mask
                0x10004920       0x9c CMakeFiles/USB_DEVICE_AND_KEYBOARD.dir/C_/Users/Lindsay/.pico-sdk/sdk/2.1.1/src/rp2_common/hardware_pio/pio.c.obj
                0x10004920                pio_sm_set_pins_with_mask
 .text.pio_sm_set_pins_with_mask64
                0x100049bc        0xa CMakeFiles/USB_DEVICE_AND_KEYBOARD.dir/C_/Users/Lindsay/.pico-sdk/sdk/2.1.1/src/rp2_common/hardware_pio/pio.c.obj
                0x100049bc                pio_sm_set_pins_with_mask64
 *fill*         0x100049c6        0x2 
 .text.pio_sm_set_pindirs_with_mask
                0x100049c8       0xa0 CMakeFiles/USB_DEVICE_AND_KEYBOARD.dir/C_/Users/Lindsay/.pico-sdk/sdk/2.1.1/src/rp2_common/hardware_pio/pio.c.obj
                0x100049c8                pio_sm_set_pindirs_with_mask
 .text.pio_sm_set_pindirs_with_mask64
                0x10004a68        0xa CMakeFiles/USB_DEVICE_AND_KEYBOARD.dir/C_/Users/Lindsay/.pico-sdk/sdk/2.1.1/src/rp2_common/hardware_pio/pio.c.obj
                0x10004a68                pio_sm_set_pindirs_with_mask64
 *fill*         0x10004a72        0x2 
 .text.pio_sm_set_consecutive_pindirs
                0x10004a74       0xb4 CMakeFiles/USB_DEVICE_AND_KEYBOARD.dir/C_/Users/Lindsay/.pico-sdk/sdk/2.1.1/src/rp2_common/hardware_pio/pio.c.obj
                0x10004a74                pio_sm_set_consecutive_pindirs
 .text.pio_sm_init
                0x10004b28       0xb4 CMakeFiles/USB_DEVICE_AND_KEYBOARD.dir/C_/Users/Lindsay/.pico-sdk/sdk/2.1.1/src/rp2_common/hardware_pio/pio.c.obj
                0x10004b28                pio_sm_init
 .text.dma_channel_claim
                0x10004bdc       0x18 CMakeFiles/USB_DEVICE_AND_KEYBOARD.dir/C_/Users/Lindsay/.pico-sdk/sdk/2.1.1/src/rp2_common/hardware_dma/dma.c.obj
                0x10004bdc                dma_channel_claim
 .text.dma_claim_mask
                0x10004bf4       0x1e CMakeFiles/USB_DEVICE_AND_KEYBOARD.dir/C_/Users/Lindsay/.pico-sdk/sdk/2.1.1/src/rp2_common/hardware_dma/dma.c.obj
                0x10004bf4                dma_claim_mask
 *fill*         0x10004c12        0x2 
 .text.hw_endpoint_init
                0x10004c14       0xc0 CMakeFiles/USB_DEVICE_AND_KEYBOARD.dir/C_/Users/Lindsay/.pico-sdk/sdk/2.1.1/lib/tinyusb/src/portable/raspberrypi/rp2040/dcd_rp2040.c.obj
 .text.hw_endpoint_alloc
                0x10004cd4       0x48 CMakeFiles/USB_DEVICE_AND_KEYBOARD.dir/C_/Users/Lindsay/.pico-sdk/sdk/2.1.1/lib/tinyusb/src/portable/raspberrypi/rp2040/dcd_rp2040.c.obj
 .text.hw_endpoint_open
                0x10004d1c       0x50 CMakeFiles/USB_DEVICE_AND_KEYBOARD.dir/C_/Users/Lindsay/.pico-sdk/sdk/2.1.1/lib/tinyusb/src/portable/raspberrypi/rp2040/dcd_rp2040.c.obj
 .text.hw_endpoint_xfer
                0x10004d6c       0x20 CMakeFiles/USB_DEVICE_AND_KEYBOARD.dir/C_/Users/Lindsay/.pico-sdk/sdk/2.1.1/lib/tinyusb/src/portable/raspberrypi/rp2040/dcd_rp2040.c.obj
 .text.dcd_int_enable
                0x10004d8c       0x2c CMakeFiles/USB_DEVICE_AND_KEYBOARD.dir/C_/Users/Lindsay/.pico-sdk/sdk/2.1.1/lib/tinyusb/src/portable/raspberrypi/rp2040/dcd_rp2040.c.obj
                0x10004d8c                dcd_int_enable
 .text.dcd_set_address
                0x10004db8       0x2c CMakeFiles/USB_DEVICE_AND_KEYBOARD.dir/C_/Users/Lindsay/.pico-sdk/sdk/2.1.1/lib/tinyusb/src/portable/raspberrypi/rp2040/dcd_rp2040.c.obj
                0x10004db8                dcd_set_address
 .text.dcd_connect
                0x10004de4       0x10 CMakeFiles/USB_DEVICE_AND_KEYBOARD.dir/C_/Users/Lindsay/.pico-sdk/sdk/2.1.1/lib/tinyusb/src/portable/raspberrypi/rp2040/dcd_rp2040.c.obj
                0x10004de4                dcd_connect
 .text.dcd_init
                0x10004df4       0x80 CMakeFiles/USB_DEVICE_AND_KEYBOARD.dir/C_/Users/Lindsay/.pico-sdk/sdk/2.1.1/lib/tinyusb/src/portable/raspberrypi/rp2040/dcd_rp2040.c.obj
                0x10004df4                dcd_init
 .text.dcd_sof_enable
                0x10004e74       0x1c CMakeFiles/USB_DEVICE_AND_KEYBOARD.dir/C_/Users/Lindsay/.pico-sdk/sdk/2.1.1/lib/tinyusb/src/portable/raspberrypi/rp2040/dcd_rp2040.c.obj
                0x10004e74                dcd_sof_enable
 .text.dcd_edpt0_status_complete
                0x10004e90       0x1c CMakeFiles/USB_DEVICE_AND_KEYBOARD.dir/C_/Users/Lindsay/.pico-sdk/sdk/2.1.1/lib/tinyusb/src/portable/raspberrypi/rp2040/dcd_rp2040.c.obj
                0x10004e90                dcd_edpt0_status_complete
 .text.dcd_edpt_open
                0x10004eac       0x26 CMakeFiles/USB_DEVICE_AND_KEYBOARD.dir/C_/Users/Lindsay/.pico-sdk/sdk/2.1.1/lib/tinyusb/src/portable/raspberrypi/rp2040/dcd_rp2040.c.obj
                0x10004eac                dcd_edpt_open
 .text.dcd_edpt_close_all
                0x10004ed2        0x8 CMakeFiles/USB_DEVICE_AND_KEYBOARD.dir/C_/Users/Lindsay/.pico-sdk/sdk/2.1.1/lib/tinyusb/src/portable/raspberrypi/rp2040/dcd_rp2040.c.obj
                0x10004ed2                dcd_edpt_close_all
 *fill*         0x10004eda        0x2 
 .text.dcd_edpt_xfer
                0x10004edc       0x30 CMakeFiles/USB_DEVICE_AND_KEYBOARD.dir/C_/Users/Lindsay/.pico-sdk/sdk/2.1.1/lib/tinyusb/src/portable/raspberrypi/rp2040/dcd_rp2040.c.obj
                0x10004edc                dcd_edpt_xfer
 .text.dcd_edpt_stall
                0x10004f0c       0x3c CMakeFiles/USB_DEVICE_AND_KEYBOARD.dir/C_/Users/Lindsay/.pico-sdk/sdk/2.1.1/lib/tinyusb/src/portable/raspberrypi/rp2040/dcd_rp2040.c.obj
                0x10004f0c                dcd_edpt_stall
 .text.dcd_edpt_clear_stall
                0x10004f48       0x30 CMakeFiles/USB_DEVICE_AND_KEYBOARD.dir/C_/Users/Lindsay/.pico-sdk/sdk/2.1.1/lib/tinyusb/src/portable/raspberrypi/rp2040/dcd_rp2040.c.obj
                0x10004f48                dcd_edpt_clear_stall
 .text.unaligned_memcpy
                0x10004f78       0x14 CMakeFiles/USB_DEVICE_AND_KEYBOARD.dir/C_/Users/Lindsay/.pico-sdk/sdk/2.1.1/lib/tinyusb/src/portable/raspberrypi/rp2040/rp2040_usb.c.obj
 .text.rp2040_usb_init
                0x10004f8c       0x44 CMakeFiles/USB_DEVICE_AND_KEYBOARD.dir/C_/Users/Lindsay/.pico-sdk/sdk/2.1.1/lib/tinyusb/src/portable/raspberrypi/rp2040/rp2040_usb.c.obj
                0x10004f8c                rp2040_usb_init
 .text.hw_endpoint_xfer_start
                0x10004fd0       0x60 CMakeFiles/USB_DEVICE_AND_KEYBOARD.dir/C_/Users/Lindsay/.pico-sdk/sdk/2.1.1/lib/tinyusb/src/portable/raspberrypi/rp2040/rp2040_usb.c.obj
                0x10004fd0                hw_endpoint_xfer_start
 .text.tud_vendor_control_xfer_cb
                0x10005030        0x4 CMakeFiles/USB_DEVICE_AND_KEYBOARD.dir/C_/Users/Lindsay/.pico-sdk/sdk/2.1.1/lib/tinyusb/src/device/usbd.c.obj
                0x10005030                tud_vendor_control_xfer_cb
 .text.configuration_reset
                0x10005034       0x84 CMakeFiles/USB_DEVICE_AND_KEYBOARD.dir/C_/Users/Lindsay/.pico-sdk/sdk/2.1.1/lib/tinyusb/src/device/usbd.c.obj
 .text.critical_section_enter_blocking
                0x100050b8       0x16 CMakeFiles/USB_DEVICE_AND_KEYBOARD.dir/C_/Users/Lindsay/.pico-sdk/sdk/2.1.1/lib/tinyusb/src/device/usbd.c.obj
 .text.usbd_reset
                0x100050ce        0xc CMakeFiles/USB_DEVICE_AND_KEYBOARD.dir/C_/Users/Lindsay/.pico-sdk/sdk/2.1.1/lib/tinyusb/src/device/usbd.c.obj
 .text.invoke_class_control
                0x100050da       0x1a CMakeFiles/USB_DEVICE_AND_KEYBOARD.dir/C_/Users/Lindsay/.pico-sdk/sdk/2.1.1/lib/tinyusb/src/device/usbd.c.obj
 .text.process_set_config
                0x100050f4      0x1b0 CMakeFiles/USB_DEVICE_AND_KEYBOARD.dir/C_/Users/Lindsay/.pico-sdk/sdk/2.1.1/lib/tinyusb/src/device/usbd.c.obj
 .text.tud_event_hook_cb
                0x100052a4        0x2 CMakeFiles/USB_DEVICE_AND_KEYBOARD.dir/C_/Users/Lindsay/.pico-sdk/sdk/2.1.1/lib/tinyusb/src/device/usbd.c.obj
                0x100052a4                tud_event_hook_cb
 .text.tud_sof_cb
                0x100052a6        0x2 CMakeFiles/USB_DEVICE_AND_KEYBOARD.dir/C_/Users/Lindsay/.pico-sdk/sdk/2.1.1/lib/tinyusb/src/device/usbd.c.obj
                0x100052a6                tud_sof_cb
 .text.tud_descriptor_bos_cb
                0x100052a8        0x4 CMakeFiles/USB_DEVICE_AND_KEYBOARD.dir/C_/Users/Lindsay/.pico-sdk/sdk/2.1.1/lib/tinyusb/src/device/usbd.c.obj
                0x100052a8                tud_descriptor_bos_cb
 .text.tud_descriptor_device_qualifier_cb
                0x100052ac        0x4 CMakeFiles/USB_DEVICE_AND_KEYBOARD.dir/C_/Users/Lindsay/.pico-sdk/sdk/2.1.1/lib/tinyusb/src/device/usbd.c.obj
                0x100052ac                tud_descriptor_device_qualifier_cb
 .text.tud_descriptor_other_speed_configuration_cb
                0x100052b0        0x4 CMakeFiles/USB_DEVICE_AND_KEYBOARD.dir/C_/Users/Lindsay/.pico-sdk/sdk/2.1.1/lib/tinyusb/src/device/usbd.c.obj
                0x100052b0                tud_descriptor_other_speed_configuration_cb
 .text.process_get_descriptor
                0x100052b4       0xe0 CMakeFiles/USB_DEVICE_AND_KEYBOARD.dir/C_/Users/Lindsay/.pico-sdk/sdk/2.1.1/lib/tinyusb/src/device/usbd.c.obj
 .text.tud_mount_cb
                0x10005394        0x2 CMakeFiles/USB_DEVICE_AND_KEYBOARD.dir/C_/Users/Lindsay/.pico-sdk/sdk/2.1.1/lib/tinyusb/src/device/usbd.c.obj
                0x10005394                tud_mount_cb
 .text.tud_umount_cb
                0x10005396        0x2 CMakeFiles/USB_DEVICE_AND_KEYBOARD.dir/C_/Users/Lindsay/.pico-sdk/sdk/2.1.1/lib/tinyusb/src/device/usbd.c.obj
                0x10005396                tud_umount_cb
 .text.tud_suspend_cb
                0x10005398        0x2 CMakeFiles/USB_DEVICE_AND_KEYBOARD.dir/C_/Users/Lindsay/.pico-sdk/sdk/2.1.1/lib/tinyusb/src/device/usbd.c.obj
                0x10005398                tud_suspend_cb
 .text.tud_resume_cb
                0x1000539a        0x2 CMakeFiles/USB_DEVICE_AND_KEYBOARD.dir/C_/Users/Lindsay/.pico-sdk/sdk/2.1.1/lib/tinyusb/src/device/usbd.c.obj
                0x1000539a                tud_resume_cb
 .text.tud_mounted
                0x1000539c       0x10 CMakeFiles/USB_DEVICE_AND_KEYBOARD.dir/C_/Users/Lindsay/.pico-sdk/sdk/2.1.1/lib/tinyusb/src/device/usbd.c.obj
                0x1000539c                tud_mounted
 .text.tud_suspended
                0x100053ac       0x10 CMakeFiles/USB_DEVICE_AND_KEYBOARD.dir/C_/Users/Lindsay/.pico-sdk/sdk/2.1.1/lib/tinyusb/src/device/usbd.c.obj
                0x100053ac                tud_suspended
 .text.tud_inited
                0x100053bc       0x14 CMakeFiles/USB_DEVICE_AND_KEYBOARD.dir/C_/Users/Lindsay/.pico-sdk/sdk/2.1.1/lib/tinyusb/src/device/usbd.c.obj
                0x100053bc                tud_inited
 .text.tud_rhport_init
                0x100053d0      0x100 CMakeFiles/USB_DEVICE_AND_KEYBOARD.dir/C_/Users/Lindsay/.pico-sdk/sdk/2.1.1/lib/tinyusb/src/device/usbd.c.obj
                0x100053d0                tud_rhport_init
 .text.usbd_edpt_open
                0x100054d0       0x60 CMakeFiles/USB_DEVICE_AND_KEYBOARD.dir/C_/Users/Lindsay/.pico-sdk/sdk/2.1.1/lib/tinyusb/src/device/usbd.c.obj
                0x100054d0                usbd_edpt_open
 .text.usbd_open_edpt_pair
                0x10005530       0x88 CMakeFiles/USB_DEVICE_AND_KEYBOARD.dir/C_/Users/Lindsay/.pico-sdk/sdk/2.1.1/lib/tinyusb/src/device/usbd.c.obj
                0x10005530                usbd_open_edpt_pair
 .text.usbd_edpt_claim
                0x100055b8       0x28 CMakeFiles/USB_DEVICE_AND_KEYBOARD.dir/C_/Users/Lindsay/.pico-sdk/sdk/2.1.1/lib/tinyusb/src/device/usbd.c.obj
                0x100055b8                usbd_edpt_claim
 .text.usbd_edpt_release
                0x100055e0       0x28 CMakeFiles/USB_DEVICE_AND_KEYBOARD.dir/C_/Users/Lindsay/.pico-sdk/sdk/2.1.1/lib/tinyusb/src/device/usbd.c.obj
                0x100055e0                usbd_edpt_release
 .text.usbd_edpt_xfer
                0x10005608       0x88 CMakeFiles/USB_DEVICE_AND_KEYBOARD.dir/C_/Users/Lindsay/.pico-sdk/sdk/2.1.1/lib/tinyusb/src/device/usbd.c.obj
                0x10005608                usbd_edpt_xfer
 .text.usbd_edpt_stall
                0x10005690       0x34 CMakeFiles/USB_DEVICE_AND_KEYBOARD.dir/C_/Users/Lindsay/.pico-sdk/sdk/2.1.1/lib/tinyusb/src/device/usbd.c.obj
                0x10005690                usbd_edpt_stall
 .text.usbd_edpt_clear_stall
                0x100056c4       0x34 CMakeFiles/USB_DEVICE_AND_KEYBOARD.dir/C_/Users/Lindsay/.pico-sdk/sdk/2.1.1/lib/tinyusb/src/device/usbd.c.obj
                0x100056c4                usbd_edpt_clear_stall
 .text.usbd_edpt_stalled
                0x100056f8       0x1c CMakeFiles/USB_DEVICE_AND_KEYBOARD.dir/C_/Users/Lindsay/.pico-sdk/sdk/2.1.1/lib/tinyusb/src/device/usbd.c.obj
                0x100056f8                usbd_edpt_stalled
 .text.process_control_request
                0x10005714      0x384 CMakeFiles/USB_DEVICE_AND_KEYBOARD.dir/C_/Users/Lindsay/.pico-sdk/sdk/2.1.1/lib/tinyusb/src/device/usbd.c.obj
 .text.tud_task_ext
                0x10005a98      0x1c4 CMakeFiles/USB_DEVICE_AND_KEYBOARD.dir/C_/Users/Lindsay/.pico-sdk/sdk/2.1.1/lib/tinyusb/src/device/usbd.c.obj
                0x10005a98                tud_task_ext
 .text.status_stage_xact
                0x10005c5c       0x1a CMakeFiles/USB_DEVICE_AND_KEYBOARD.dir/C_/Users/Lindsay/.pico-sdk/sdk/2.1.1/lib/tinyusb/src/device/usbd_control.c.obj
 *fill*         0x10005c76        0x2 
 .text.data_stage_xact
                0x10005c78       0x60 CMakeFiles/USB_DEVICE_AND_KEYBOARD.dir/C_/Users/Lindsay/.pico-sdk/sdk/2.1.1/lib/tinyusb/src/device/usbd_control.c.obj
 .text.tud_control_status
                0x10005cd8       0x28 CMakeFiles/USB_DEVICE_AND_KEYBOARD.dir/C_/Users/Lindsay/.pico-sdk/sdk/2.1.1/lib/tinyusb/src/device/usbd_control.c.obj
                0x10005cd8                tud_control_status
 .text.tud_control_xfer
                0x10005d00       0x98 CMakeFiles/USB_DEVICE_AND_KEYBOARD.dir/C_/Users/Lindsay/.pico-sdk/sdk/2.1.1/lib/tinyusb/src/device/usbd_control.c.obj
                0x10005d00                tud_control_xfer
 .text.usbd_control_reset
                0x10005d98       0x14 CMakeFiles/USB_DEVICE_AND_KEYBOARD.dir/C_/Users/Lindsay/.pico-sdk/sdk/2.1.1/lib/tinyusb/src/device/usbd_control.c.obj
                0x10005d98                usbd_control_reset
 .text.usbd_control_set_complete_callback
                0x10005dac        0xc CMakeFiles/USB_DEVICE_AND_KEYBOARD.dir/C_/Users/Lindsay/.pico-sdk/sdk/2.1.1/lib/tinyusb/src/device/usbd_control.c.obj
                0x10005dac                usbd_control_set_complete_callback
 .text.usbd_control_set_request
                0x10005db8       0x1c CMakeFiles/USB_DEVICE_AND_KEYBOARD.dir/C_/Users/Lindsay/.pico-sdk/sdk/2.1.1/lib/tinyusb/src/device/usbd_control.c.obj
                0x10005db8                usbd_control_set_request
 .text.usbd_control_xfer_cb
                0x10005dd4       0xe0 CMakeFiles/USB_DEVICE_AND_KEYBOARD.dir/C_/Users/Lindsay/.pico-sdk/sdk/2.1.1/lib/tinyusb/src/device/usbd_control.c.obj
                0x10005dd4                usbd_control_xfer_cb
 .text._prep_out_transaction
                0x10005eb4       0xb4 CMakeFiles/USB_DEVICE_AND_KEYBOARD.dir/C_/Users/Lindsay/.pico-sdk/sdk/2.1.1/lib/tinyusb/src/class/cdc/cdc_device.c.obj
 .text.tud_cdc_n_read
                0x10005f68       0x3c CMakeFiles/USB_DEVICE_AND_KEYBOARD.dir/C_/Users/Lindsay/.pico-sdk/sdk/2.1.1/lib/tinyusb/src/class/cdc/cdc_device.c.obj
                0x10005f68                tud_cdc_n_read
 .text.tud_cdc_n_write_flush
                0x10005fa4       0xc8 CMakeFiles/USB_DEVICE_AND_KEYBOARD.dir/C_/Users/Lindsay/.pico-sdk/sdk/2.1.1/lib/tinyusb/src/class/cdc/cdc_device.c.obj
                0x10005fa4                tud_cdc_n_write_flush
 .text.tud_cdc_n_write
                0x1000606c       0x4c CMakeFiles/USB_DEVICE_AND_KEYBOARD.dir/C_/Users/Lindsay/.pico-sdk/sdk/2.1.1/lib/tinyusb/src/class/cdc/cdc_device.c.obj
                0x1000606c                tud_cdc_n_write
 .text.cdcd_init
                0x100060b8       0xdc CMakeFiles/USB_DEVICE_AND_KEYBOARD.dir/C_/Users/Lindsay/.pico-sdk/sdk/2.1.1/lib/tinyusb/src/class/cdc/cdc_device.c.obj
                0x100060b8                cdcd_init
 .text.cdcd_deinit
                0x10006194       0x5c CMakeFiles/USB_DEVICE_AND_KEYBOARD.dir/C_/Users/Lindsay/.pico-sdk/sdk/2.1.1/lib/tinyusb/src/class/cdc/cdc_device.c.obj
                0x10006194                cdcd_deinit
 .text.cdcd_reset
                0x100061f0       0x88 CMakeFiles/USB_DEVICE_AND_KEYBOARD.dir/C_/Users/Lindsay/.pico-sdk/sdk/2.1.1/lib/tinyusb/src/class/cdc/cdc_device.c.obj
                0x100061f0                cdcd_reset
 .text.cdcd_open
                0x10006278       0xf4 CMakeFiles/USB_DEVICE_AND_KEYBOARD.dir/C_/Users/Lindsay/.pico-sdk/sdk/2.1.1/lib/tinyusb/src/class/cdc/cdc_device.c.obj
                0x10006278                cdcd_open
 .text.cdcd_control_xfer_cb
                0x1000636c      0x144 CMakeFiles/USB_DEVICE_AND_KEYBOARD.dir/C_/Users/Lindsay/.pico-sdk/sdk/2.1.1/lib/tinyusb/src/class/cdc/cdc_device.c.obj
                0x1000636c                cdcd_control_xfer_cb
 .text.cdcd_xfer_cb
                0x100064b0      0x150 CMakeFiles/USB_DEVICE_AND_KEYBOARD.dir/C_/Users/Lindsay/.pico-sdk/sdk/2.1.1/lib/tinyusb/src/class/cdc/cdc_device.c.obj
                0x100064b0                cdcd_xfer_cb
 .text.tud_hid_set_protocol_cb
                0x10006600        0x2 CMakeFiles/USB_DEVICE_AND_KEYBOARD.dir/C_/Users/Lindsay/.pico-sdk/sdk/2.1.1/lib/tinyusb/src/class/hid/hid_device.c.obj
                0x10006600                tud_hid_set_protocol_cb
 .text.tud_hid_set_idle_cb
                0x10006602        0x4 CMakeFiles/USB_DEVICE_AND_KEYBOARD.dir/C_/Users/Lindsay/.pico-sdk/sdk/2.1.1/lib/tinyusb/src/class/hid/hid_device.c.obj
                0x10006602                tud_hid_set_idle_cb
 .text.tud_hid_report_failed_cb
                0x10006606        0x2 CMakeFiles/USB_DEVICE_AND_KEYBOARD.dir/C_/Users/Lindsay/.pico-sdk/sdk/2.1.1/lib/tinyusb/src/class/hid/hid_device.c.obj
                0x10006606                tud_hid_report_failed_cb
 .text.tud_hid_n_report
                0x10006608       0x9c CMakeFiles/USB_DEVICE_AND_KEYBOARD.dir/C_/Users/Lindsay/.pico-sdk/sdk/2.1.1/lib/tinyusb/src/class/hid/hid_device.c.obj
                0x10006608                tud_hid_n_report
 .text.tud_hid_n_keyboard_report
                0x100066a4       0x3a CMakeFiles/USB_DEVICE_AND_KEYBOARD.dir/C_/Users/Lindsay/.pico-sdk/sdk/2.1.1/lib/tinyusb/src/class/hid/hid_device.c.obj
                0x100066a4                tud_hid_n_keyboard_report
 .text.tud_hid_n_mouse_report
                0x100066de       0x2e CMakeFiles/USB_DEVICE_AND_KEYBOARD.dir/C_/Users/Lindsay/.pico-sdk/sdk/2.1.1/lib/tinyusb/src/class/hid/hid_device.c.obj
                0x100066de                tud_hid_n_mouse_report
 .text.hidd_deinit
                0x1000670c        0x4 CMakeFiles/USB_DEVICE_AND_KEYBOARD.dir/C_/Users/Lindsay/.pico-sdk/sdk/2.1.1/lib/tinyusb/src/class/hid/hid_device.c.obj
                0x1000670c                hidd_deinit
 .text.hidd_reset
                0x10006710       0x14 CMakeFiles/USB_DEVICE_AND_KEYBOARD.dir/C_/Users/Lindsay/.pico-sdk/sdk/2.1.1/lib/tinyusb/src/class/hid/hid_device.c.obj
                0x10006710                hidd_reset
 .text.hidd_init
                0x10006724        0xa CMakeFiles/USB_DEVICE_AND_KEYBOARD.dir/C_/Users/Lindsay/.pico-sdk/sdk/2.1.1/lib/tinyusb/src/class/hid/hid_device.c.obj
                0x10006724                hidd_init
 *fill*         0x1000672e        0x2 
 .text.hidd_open
                0x10006730      0x108 CMakeFiles/USB_DEVICE_AND_KEYBOARD.dir/C_/Users/Lindsay/.pico-sdk/sdk/2.1.1/lib/tinyusb/src/class/hid/hid_device.c.obj
                0x10006730                hidd_open
 .text.hidd_control_xfer_cb
                0x10006838      0x288 CMakeFiles/USB_DEVICE_AND_KEYBOARD.dir/C_/Users/Lindsay/.pico-sdk/sdk/2.1.1/lib/tinyusb/src/class/hid/hid_device.c.obj
                0x10006838                hidd_control_xfer_cb
 .text.hidd_xfer_cb
                0x10006ac0       0xe8 CMakeFiles/USB_DEVICE_AND_KEYBOARD.dir/C_/Users/Lindsay/.pico-sdk/sdk/2.1.1/lib/tinyusb/src/class/hid/hid_device.c.obj
                0x10006ac0                hidd_xfer_cb
 .text.tusb_time_delay_ms_api
                0x10006ba8        0x8 CMakeFiles/USB_DEVICE_AND_KEYBOARD.dir/C_/Users/Lindsay/.pico-sdk/sdk/2.1.1/lib/tinyusb/src/tusb.c.obj
                0x10006ba8                tusb_time_delay_ms_api
 .text.tu_edpt_claim
                0x10006bb0       0x50 CMakeFiles/USB_DEVICE_AND_KEYBOARD.dir/C_/Users/Lindsay/.pico-sdk/sdk/2.1.1/lib/tinyusb/src/tusb.c.obj
                0x10006bb0                tu_edpt_claim
 .text.tu_edpt_release
                0x10006c00       0x38 CMakeFiles/USB_DEVICE_AND_KEYBOARD.dir/C_/Users/Lindsay/.pico-sdk/sdk/2.1.1/lib/tinyusb/src/tusb.c.obj
                0x10006c00                tu_edpt_release
 .text.tu_edpt_validate
                0x10006c38       0xac CMakeFiles/USB_DEVICE_AND_KEYBOARD.dir/C_/Users/Lindsay/.pico-sdk/sdk/2.1.1/lib/tinyusb/src/tusb.c.obj
                0x10006c38                tu_edpt_validate
 .text.tu_edpt_bind_driver
                0x10006ce4       0x26 CMakeFiles/USB_DEVICE_AND_KEYBOARD.dir/C_/Users/Lindsay/.pico-sdk/sdk/2.1.1/lib/tinyusb/src/tusb.c.obj
                0x10006ce4                tu_edpt_bind_driver
 .text.tu_desc_get_interface_total_len
                0x10006d0a       0x42 CMakeFiles/USB_DEVICE_AND_KEYBOARD.dir/C_/Users/Lindsay/.pico-sdk/sdk/2.1.1/lib/tinyusb/src/tusb.c.obj
                0x10006d0a                tu_desc_get_interface_total_len
 .text.advance_index
                0x10006d4c       0x1a CMakeFiles/USB_DEVICE_AND_KEYBOARD.dir/C_/Users/Lindsay/.pico-sdk/sdk/2.1.1/lib/tinyusb/src/common/tusb_fifo.c.obj
 .text._tu_fifo_peek
                0x10006d66       0x56 CMakeFiles/USB_DEVICE_AND_KEYBOARD.dir/C_/Users/Lindsay/.pico-sdk/sdk/2.1.1/lib/tinyusb/src/common/tusb_fifo.c.obj
 .text._ff_pull_n
                0x10006dbc       0x68 CMakeFiles/USB_DEVICE_AND_KEYBOARD.dir/C_/Users/Lindsay/.pico-sdk/sdk/2.1.1/lib/tinyusb/src/common/tusb_fifo.c.obj
 .text._tu_fifo_peek_n
                0x10006e24       0x6a CMakeFiles/USB_DEVICE_AND_KEYBOARD.dir/C_/Users/Lindsay/.pico-sdk/sdk/2.1.1/lib/tinyusb/src/common/tusb_fifo.c.obj
 .text._tu_fifo_read_n
                0x10006e8e       0x4e CMakeFiles/USB_DEVICE_AND_KEYBOARD.dir/C_/Users/Lindsay/.pico-sdk/sdk/2.1.1/lib/tinyusb/src/common/tusb_fifo.c.obj
 .text._ff_push_n
                0x10006edc       0x68 CMakeFiles/USB_DEVICE_AND_KEYBOARD.dir/C_/Users/Lindsay/.pico-sdk/sdk/2.1.1/lib/tinyusb/src/common/tusb_fifo.c.obj
 .text._tu_fifo_write_n
                0x10006f44       0xf0 CMakeFiles/USB_DEVICE_AND_KEYBOARD.dir/C_/Users/Lindsay/.pico-sdk/sdk/2.1.1/lib/tinyusb/src/common/tusb_fifo.c.obj
 .text.tu_fifo_config
                0x10007034       0x7c CMakeFiles/USB_DEVICE_AND_KEYBOARD.dir/C_/Users/Lindsay/.pico-sdk/sdk/2.1.1/lib/tinyusb/src/common/tusb_fifo.c.obj
                0x10007034                tu_fifo_config
 .text.tu_fifo_count
                0x100070b0       0x2c CMakeFiles/USB_DEVICE_AND_KEYBOARD.dir/C_/Users/Lindsay/.pico-sdk/sdk/2.1.1/lib/tinyusb/src/common/tusb_fifo.c.obj
                0x100070b0                tu_fifo_count
 .text.tu_fifo_empty
                0x100070dc        0xe CMakeFiles/USB_DEVICE_AND_KEYBOARD.dir/C_/Users/Lindsay/.pico-sdk/sdk/2.1.1/lib/tinyusb/src/common/tusb_fifo.c.obj
                0x100070dc                tu_fifo_empty
 .text.tu_fifo_full
                0x100070ea       0x2a CMakeFiles/USB_DEVICE_AND_KEYBOARD.dir/C_/Users/Lindsay/.pico-sdk/sdk/2.1.1/lib/tinyusb/src/common/tusb_fifo.c.obj
                0x100070ea                tu_fifo_full
 .text.tu_fifo_remaining
                0x10007114       0x2e CMakeFiles/USB_DEVICE_AND_KEYBOARD.dir/C_/Users/Lindsay/.pico-sdk/sdk/2.1.1/lib/tinyusb/src/common/tusb_fifo.c.obj
                0x10007114                tu_fifo_remaining
 .text.tu_fifo_read
                0x10007142       0x42 CMakeFiles/USB_DEVICE_AND_KEYBOARD.dir/C_/Users/Lindsay/.pico-sdk/sdk/2.1.1/lib/tinyusb/src/common/tusb_fifo.c.obj
                0x10007142                tu_fifo_read
 .text.tu_fifo_read_n
                0x10007184        0xa CMakeFiles/USB_DEVICE_AND_KEYBOARD.dir/C_/Users/Lindsay/.pico-sdk/sdk/2.1.1/lib/tinyusb/src/common/tusb_fifo.c.obj
                0x10007184                tu_fifo_read_n
 .text.tu_fifo_write
                0x1000718e       0x64 CMakeFiles/USB_DEVICE_AND_KEYBOARD.dir/C_/Users/Lindsay/.pico-sdk/sdk/2.1.1/lib/tinyusb/src/common/tusb_fifo.c.obj
                0x1000718e                tu_fifo_write
 .text.tu_fifo_write_n
                0x100071f2        0xa CMakeFiles/USB_DEVICE_AND_KEYBOARD.dir/C_/Users/Lindsay/.pico-sdk/sdk/2.1.1/lib/tinyusb/src/common/tusb_fifo.c.obj
                0x100071f2                tu_fifo_write_n
 .text.tu_fifo_clear
                0x100071fc       0x3e CMakeFiles/USB_DEVICE_AND_KEYBOARD.dir/C_/Users/Lindsay/.pico-sdk/sdk/2.1.1/lib/tinyusb/src/common/tusb_fifo.c.obj
                0x100071fc                tu_fifo_clear
 .text.tu_fifo_set_overwritable
                0x1000723a       0x46 CMakeFiles/USB_DEVICE_AND_KEYBOARD.dir/C_/Users/Lindsay/.pico-sdk/sdk/2.1.1/lib/tinyusb/src/common/tusb_fifo.c.obj
                0x1000723a                tu_fifo_set_overwritable
 .text.get_driver
                0x10007280       0x3c CMakeFiles/USB_DEVICE_AND_KEYBOARD.dir/C_/Users/Lindsay/.pico-sdk/sdk/2.1.1/lib/tinyusb/src/host/usbh.c.obj
 .text._control_blocking_complete_cb
                0x100072bc        0x8 CMakeFiles/USB_DEVICE_AND_KEYBOARD.dir/C_/Users/Lindsay/.pico-sdk/sdk/2.1.1/lib/tinyusb/src/host/usbh.c.obj
 .text.get_new_address
                0x100072c4       0x34 CMakeFiles/USB_DEVICE_AND_KEYBOARD.dir/C_/Users/Lindsay/.pico-sdk/sdk/2.1.1/lib/tinyusb/src/host/usbh.c.obj
 .text.clear_device
                0x100072f8       0x26 CMakeFiles/USB_DEVICE_AND_KEYBOARD.dir/C_/Users/Lindsay/.pico-sdk/sdk/2.1.1/lib/tinyusb/src/host/usbh.c.obj
 *fill*         0x1000731e        0x2 
 .text.process_removing_device
                0x10007320      0x118 CMakeFiles/USB_DEVICE_AND_KEYBOARD.dir/C_/Users/Lindsay/.pico-sdk/sdk/2.1.1/lib/tinyusb/src/host/usbh.c.obj
 .text._control_xfer_complete
                0x10007438       0x68 CMakeFiles/USB_DEVICE_AND_KEYBOARD.dir/C_/Users/Lindsay/.pico-sdk/sdk/2.1.1/lib/tinyusb/src/host/usbh.c.obj
 .text.enum_full_complete
                0x100074a0       0x20 CMakeFiles/USB_DEVICE_AND_KEYBOARD.dir/C_/Users/Lindsay/.pico-sdk/sdk/2.1.1/lib/tinyusb/src/host/usbh.c.obj
 .text.critical_section_enter_blocking
                0x100074c0       0x16 CMakeFiles/USB_DEVICE_AND_KEYBOARD.dir/C_/Users/Lindsay/.pico-sdk/sdk/2.1.1/lib/tinyusb/src/host/usbh.c.obj
 *fill*         0x100074d6        0x2 
 .text._parse_configuration_descriptor
                0x100074d8      0x124 CMakeFiles/USB_DEVICE_AND_KEYBOARD.dir/C_/Users/Lindsay/.pico-sdk/sdk/2.1.1/lib/tinyusb/src/host/usbh.c.obj
 .text.tuh_event_hook_cb
                0x100075fc        0x2 CMakeFiles/USB_DEVICE_AND_KEYBOARD.dir/C_/Users/Lindsay/.pico-sdk/sdk/2.1.1/lib/tinyusb/src/host/usbh.c.obj
                0x100075fc                tuh_event_hook_cb
 *fill*         0x100075fe        0x2 
 .text.tuh_vid_pid_get
                0x10007600       0x40 CMakeFiles/USB_DEVICE_AND_KEYBOARD.dir/C_/Users/Lindsay/.pico-sdk/sdk/2.1.1/lib/tinyusb/src/host/usbh.c.obj
                0x10007600                tuh_vid_pid_get
 .text.tuh_speed_get
                0x10007640       0x28 CMakeFiles/USB_DEVICE_AND_KEYBOARD.dir/C_/Users/Lindsay/.pico-sdk/sdk/2.1.1/lib/tinyusb/src/host/usbh.c.obj
                0x10007640                tuh_speed_get
 .text.tuh_rhport_is_active
                0x10007668       0x14 CMakeFiles/USB_DEVICE_AND_KEYBOARD.dir/C_/Users/Lindsay/.pico-sdk/sdk/2.1.1/lib/tinyusb/src/host/usbh.c.obj
                0x10007668                tuh_rhport_is_active
 .text.tuh_configure
                0x1000767c        0x8 CMakeFiles/USB_DEVICE_AND_KEYBOARD.dir/C_/Users/Lindsay/.pico-sdk/sdk/2.1.1/lib/tinyusb/src/host/usbh.c.obj
                0x1000767c                tuh_configure
 .text.tuh_inited
                0x10007684       0x14 CMakeFiles/USB_DEVICE_AND_KEYBOARD.dir/C_/Users/Lindsay/.pico-sdk/sdk/2.1.1/lib/tinyusb/src/host/usbh.c.obj
                0x10007684                tuh_inited
 .text.tuh_rhport_init
                0x10007698       0xf8 CMakeFiles/USB_DEVICE_AND_KEYBOARD.dir/C_/Users/Lindsay/.pico-sdk/sdk/2.1.1/lib/tinyusb/src/host/usbh.c.obj
                0x10007698                tuh_rhport_init
 .text.tuh_task_event_ready
                0x10007790       0x20 CMakeFiles/USB_DEVICE_AND_KEYBOARD.dir/C_/Users/Lindsay/.pico-sdk/sdk/2.1.1/lib/tinyusb/src/host/usbh.c.obj
                0x10007790                tuh_task_event_ready
 .text.usbh_get_rhport
                0x100077b0       0x24 CMakeFiles/USB_DEVICE_AND_KEYBOARD.dir/C_/Users/Lindsay/.pico-sdk/sdk/2.1.1/lib/tinyusb/src/host/usbh.c.obj
                0x100077b0                usbh_get_rhport
 .text.usbh_edpt_control_open
                0x100077d4       0x30 CMakeFiles/USB_DEVICE_AND_KEYBOARD.dir/C_/Users/Lindsay/.pico-sdk/sdk/2.1.1/lib/tinyusb/src/host/usbh.c.obj
 .text.tuh_edpt_abort_xfer
                0x10007804       0xcc CMakeFiles/USB_DEVICE_AND_KEYBOARD.dir/C_/Users/Lindsay/.pico-sdk/sdk/2.1.1/lib/tinyusb/src/host/usbh.c.obj
                0x10007804                tuh_edpt_abort_xfer
 .text.usbh_control_xfer_cb
                0x100078d0      0x144 CMakeFiles/USB_DEVICE_AND_KEYBOARD.dir/C_/Users/Lindsay/.pico-sdk/sdk/2.1.1/lib/tinyusb/src/host/usbh.c.obj
 .text.usbh_get_enum_buf
                0x10007a14        0x8 CMakeFiles/USB_DEVICE_AND_KEYBOARD.dir/C_/Users/Lindsay/.pico-sdk/sdk/2.1.1/lib/tinyusb/src/host/usbh.c.obj
                0x10007a14                usbh_get_enum_buf
 .text.usbh_edpt_claim
                0x10007a1c       0x58 CMakeFiles/USB_DEVICE_AND_KEYBOARD.dir/C_/Users/Lindsay/.pico-sdk/sdk/2.1.1/lib/tinyusb/src/host/usbh.c.obj
                0x10007a1c                usbh_edpt_claim
 .text.usbh_edpt_release
                0x10007a74       0x48 CMakeFiles/USB_DEVICE_AND_KEYBOARD.dir/C_/Users/Lindsay/.pico-sdk/sdk/2.1.1/lib/tinyusb/src/host/usbh.c.obj
                0x10007a74                usbh_edpt_release
 .text.usbh_edpt_xfer_with_callback
                0x10007abc       0xb0 CMakeFiles/USB_DEVICE_AND_KEYBOARD.dir/C_/Users/Lindsay/.pico-sdk/sdk/2.1.1/lib/tinyusb/src/host/usbh.c.obj
                0x10007abc                usbh_edpt_xfer_with_callback
 .text.tuh_edpt_open
                0x10007b6c       0x44 CMakeFiles/USB_DEVICE_AND_KEYBOARD.dir/C_/Users/Lindsay/.pico-sdk/sdk/2.1.1/lib/tinyusb/src/host/usbh.c.obj
                0x10007b6c                tuh_edpt_open
 .text.hcd_devtree_get_info
                0x10007bb0       0x44 CMakeFiles/USB_DEVICE_AND_KEYBOARD.dir/C_/Users/Lindsay/.pico-sdk/sdk/2.1.1/lib/tinyusb/src/host/usbh.c.obj
                0x10007bb0                hcd_devtree_get_info
 .text.usbh_driver_set_config_complete
                0x10007bf4       0x64 CMakeFiles/USB_DEVICE_AND_KEYBOARD.dir/C_/Users/Lindsay/.pico-sdk/sdk/2.1.1/lib/tinyusb/src/host/usbh.c.obj
                0x10007bf4                usbh_driver_set_config_complete
 .text.process_enumeration
                0x10007c58      0x310 CMakeFiles/USB_DEVICE_AND_KEYBOARD.dir/C_/Users/Lindsay/.pico-sdk/sdk/2.1.1/lib/tinyusb/src/host/usbh.c.obj
 .text.enum_new_device
                0x10007f68       0xb4 CMakeFiles/USB_DEVICE_AND_KEYBOARD.dir/C_/Users/Lindsay/.pico-sdk/sdk/2.1.1/lib/tinyusb/src/host/usbh.c.obj
 .text.tuh_task_ext
                0x1000801c      0x1fc CMakeFiles/USB_DEVICE_AND_KEYBOARD.dir/C_/Users/Lindsay/.pico-sdk/sdk/2.1.1/lib/tinyusb/src/host/usbh.c.obj
                0x1000801c                tuh_task_ext
 .text.tuh_control_xfer
                0x10008218      0x15c CMakeFiles/USB_DEVICE_AND_KEYBOARD.dir/C_/Users/Lindsay/.pico-sdk/sdk/2.1.1/lib/tinyusb/src/host/usbh.c.obj
                0x10008218                tuh_control_xfer
 .text.enum_request_set_addr
                0x10008374       0xd8 CMakeFiles/USB_DEVICE_AND_KEYBOARD.dir/C_/Users/Lindsay/.pico-sdk/sdk/2.1.1/lib/tinyusb/src/host/usbh.c.obj
 .text._get_descriptor
                0x1000844c       0x66 CMakeFiles/USB_DEVICE_AND_KEYBOARD.dir/C_/Users/Lindsay/.pico-sdk/sdk/2.1.1/lib/tinyusb/src/host/usbh.c.obj
 .text.tuh_descriptor_get
                0x100084b2       0x1e CMakeFiles/USB_DEVICE_AND_KEYBOARD.dir/C_/Users/Lindsay/.pico-sdk/sdk/2.1.1/lib/tinyusb/src/host/usbh.c.obj
                0x100084b2                tuh_descriptor_get
 .text.tuh_descriptor_get_device
                0x100084d0       0x24 CMakeFiles/USB_DEVICE_AND_KEYBOARD.dir/C_/Users/Lindsay/.pico-sdk/sdk/2.1.1/lib/tinyusb/src/host/usbh.c.obj
                0x100084d0                tuh_descriptor_get_device
 .text.tuh_descriptor_get_configuration
                0x100084f4       0x1c CMakeFiles/USB_DEVICE_AND_KEYBOARD.dir/C_/Users/Lindsay/.pico-sdk/sdk/2.1.1/lib/tinyusb/src/host/usbh.c.obj
                0x100084f4                tuh_descriptor_get_configuration
 .text.tuh_descriptor_get_hid_report
                0x10008510       0x62 CMakeFiles/USB_DEVICE_AND_KEYBOARD.dir/C_/Users/Lindsay/.pico-sdk/sdk/2.1.1/lib/tinyusb/src/host/usbh.c.obj
                0x10008510                tuh_descriptor_get_hid_report
 .text.tuh_configuration_set
                0x10008572       0x58 CMakeFiles/USB_DEVICE_AND_KEYBOARD.dir/C_/Users/Lindsay/.pico-sdk/sdk/2.1.1/lib/tinyusb/src/host/usbh.c.obj
                0x10008572                tuh_configuration_set
 *fill*         0x100085ca        0x2 
 .text.connection_port_reset_complete
                0x100085cc       0x4c CMakeFiles/USB_DEVICE_AND_KEYBOARD.dir/C_/Users/Lindsay/.pico-sdk/sdk/2.1.1/lib/tinyusb/src/host/hub.c.obj
 .text.hub_port_clear_feature
                0x10008618       0x78 CMakeFiles/USB_DEVICE_AND_KEYBOARD.dir/C_/Users/Lindsay/.pico-sdk/sdk/2.1.1/lib/tinyusb/src/host/hub.c.obj
                0x10008618                hub_port_clear_feature
 .text.hub_get_status_complete
                0x10008690       0x84 CMakeFiles/USB_DEVICE_AND_KEYBOARD.dir/C_/Users/Lindsay/.pico-sdk/sdk/2.1.1/lib/tinyusb/src/host/hub.c.obj
 .text.hub_port_set_feature
                0x10008714       0x78 CMakeFiles/USB_DEVICE_AND_KEYBOARD.dir/C_/Users/Lindsay/.pico-sdk/sdk/2.1.1/lib/tinyusb/src/host/hub.c.obj
                0x10008714                hub_port_set_feature
 .text.config_set_port_power
                0x1000878c       0x50 CMakeFiles/USB_DEVICE_AND_KEYBOARD.dir/C_/Users/Lindsay/.pico-sdk/sdk/2.1.1/lib/tinyusb/src/host/hub.c.obj
 .text.config_port_power_complete
                0x100087dc       0x94 CMakeFiles/USB_DEVICE_AND_KEYBOARD.dir/C_/Users/Lindsay/.pico-sdk/sdk/2.1.1/lib/tinyusb/src/host/hub.c.obj
 .text.connection_clear_conn_change_complete
                0x10008870       0x78 CMakeFiles/USB_DEVICE_AND_KEYBOARD.dir/C_/Users/Lindsay/.pico-sdk/sdk/2.1.1/lib/tinyusb/src/host/hub.c.obj
 .text.hub_port_get_status
                0x100088e8       0x6e CMakeFiles/USB_DEVICE_AND_KEYBOARD.dir/C_/Users/Lindsay/.pico-sdk/sdk/2.1.1/lib/tinyusb/src/host/hub.c.obj
                0x100088e8                hub_port_get_status
 *fill*         0x10008956        0x2 
 .text.hub_init
                0x10008958       0x14 CMakeFiles/USB_DEVICE_AND_KEYBOARD.dir/C_/Users/Lindsay/.pico-sdk/sdk/2.1.1/lib/tinyusb/src/host/hub.c.obj
                0x10008958                hub_init
 .text.hub_deinit
                0x1000896c        0x4 CMakeFiles/USB_DEVICE_AND_KEYBOARD.dir/C_/Users/Lindsay/.pico-sdk/sdk/2.1.1/lib/tinyusb/src/host/hub.c.obj
                0x1000896c                hub_deinit
 .text.hub_open
                0x10008970       0x90 CMakeFiles/USB_DEVICE_AND_KEYBOARD.dir/C_/Users/Lindsay/.pico-sdk/sdk/2.1.1/lib/tinyusb/src/host/hub.c.obj
                0x10008970                hub_open
 .text.hub_close
                0x10008a00       0x24 CMakeFiles/USB_DEVICE_AND_KEYBOARD.dir/C_/Users/Lindsay/.pico-sdk/sdk/2.1.1/lib/tinyusb/src/host/hub.c.obj
                0x10008a00                hub_close
 .text.hub_edpt_status_xfer
                0x10008a24       0x24 CMakeFiles/USB_DEVICE_AND_KEYBOARD.dir/C_/Users/Lindsay/.pico-sdk/sdk/2.1.1/lib/tinyusb/src/host/hub.c.obj
                0x10008a24                hub_edpt_status_xfer
 .text.hub_port_get_status_complete
                0x10008a48       0xa0 CMakeFiles/USB_DEVICE_AND_KEYBOARD.dir/C_/Users/Lindsay/.pico-sdk/sdk/2.1.1/lib/tinyusb/src/host/hub.c.obj
 .text.hub_clear_feature_complete_stub
                0x10008ae8       0x28 CMakeFiles/USB_DEVICE_AND_KEYBOARD.dir/C_/Users/Lindsay/.pico-sdk/sdk/2.1.1/lib/tinyusb/src/host/hub.c.obj
 .text.hub_set_config
                0x10008b10       0x78 CMakeFiles/USB_DEVICE_AND_KEYBOARD.dir/C_/Users/Lindsay/.pico-sdk/sdk/2.1.1/lib/tinyusb/src/host/hub.c.obj
                0x10008b10                hub_set_config
 .text.hub_xfer_cb
                0x10008b88       0xa8 CMakeFiles/USB_DEVICE_AND_KEYBOARD.dir/C_/Users/Lindsay/.pico-sdk/sdk/2.1.1/lib/tinyusb/src/host/hub.c.obj
                0x10008b88                hub_xfer_cb
 .text.get_idx_by_epaddr
                0x10008c30       0x48 CMakeFiles/USB_DEVICE_AND_KEYBOARD.dir/C_/Users/Lindsay/.pico-sdk/sdk/2.1.1/lib/tinyusb/src/class/hid/hid_host.c.obj
 .text.find_new_itf
                0x10008c78       0x28 CMakeFiles/USB_DEVICE_AND_KEYBOARD.dir/C_/Users/Lindsay/.pico-sdk/sdk/2.1.1/lib/tinyusb/src/class/hid/hid_host.c.obj
 .text._hidh_set_protocol
                0x10008ca0       0x56 CMakeFiles/USB_DEVICE_AND_KEYBOARD.dir/C_/Users/Lindsay/.pico-sdk/sdk/2.1.1/lib/tinyusb/src/class/hid/hid_host.c.obj
 .text._hidh_set_idle
                0x10008cf6       0x56 CMakeFiles/USB_DEVICE_AND_KEYBOARD.dir/C_/Users/Lindsay/.pico-sdk/sdk/2.1.1/lib/tinyusb/src/class/hid/hid_host.c.obj
 .text.config_driver_mount_complete
                0x10008d4c       0x54 CMakeFiles/USB_DEVICE_AND_KEYBOARD.dir/C_/Users/Lindsay/.pico-sdk/sdk/2.1.1/lib/tinyusb/src/class/hid/hid_host.c.obj
 .text.tuh_hid_itf_get_index
                0x10008da0       0x38 CMakeFiles/USB_DEVICE_AND_KEYBOARD.dir/C_/Users/Lindsay/.pico-sdk/sdk/2.1.1/lib/tinyusb/src/class/hid/hid_host.c.obj
                0x10008da0                tuh_hid_itf_get_index
 .text.process_set_config
                0x10008dd8      0x124 CMakeFiles/USB_DEVICE_AND_KEYBOARD.dir/C_/Users/Lindsay/.pico-sdk/sdk/2.1.1/lib/tinyusb/src/class/hid/hid_host.c.obj
 .text.tuh_hid_interface_protocol
                0x10008efc       0x40 CMakeFiles/USB_DEVICE_AND_KEYBOARD.dir/C_/Users/Lindsay/.pico-sdk/sdk/2.1.1/lib/tinyusb/src/class/hid/hid_host.c.obj
                0x10008efc                tuh_hid_interface_protocol
 .text.tuh_hid_receive_report
                0x10008f3c       0x74 CMakeFiles/USB_DEVICE_AND_KEYBOARD.dir/C_/Users/Lindsay/.pico-sdk/sdk/2.1.1/lib/tinyusb/src/class/hid/hid_host.c.obj
                0x10008f3c                tuh_hid_receive_report
 .text.hidh_init
                0x10008fb0       0x14 CMakeFiles/USB_DEVICE_AND_KEYBOARD.dir/C_/Users/Lindsay/.pico-sdk/sdk/2.1.1/lib/tinyusb/src/class/hid/hid_host.c.obj
                0x10008fb0                hidh_init
 .text.hidh_deinit
                0x10008fc4        0x4 CMakeFiles/USB_DEVICE_AND_KEYBOARD.dir/C_/Users/Lindsay/.pico-sdk/sdk/2.1.1/lib/tinyusb/src/class/hid/hid_host.c.obj
                0x10008fc4                hidh_deinit
 .text.hidh_xfer_cb
                0x10008fc8       0x7c CMakeFiles/USB_DEVICE_AND_KEYBOARD.dir/C_/Users/Lindsay/.pico-sdk/sdk/2.1.1/lib/tinyusb/src/class/hid/hid_host.c.obj
                0x10008fc8                hidh_xfer_cb
 .text.hidh_close
                0x10009044       0x44 CMakeFiles/USB_DEVICE_AND_KEYBOARD.dir/C_/Users/Lindsay/.pico-sdk/sdk/2.1.1/lib/tinyusb/src/class/hid/hid_host.c.obj
                0x10009044                hidh_close
 .text.hidh_open
                0x10009088      0x138 CMakeFiles/USB_DEVICE_AND_KEYBOARD.dir/C_/Users/Lindsay/.pico-sdk/sdk/2.1.1/lib/tinyusb/src/class/hid/hid_host.c.obj
                0x10009088                hidh_open
 .text.hidh_set_config
                0x100091c0       0x20 CMakeFiles/USB_DEVICE_AND_KEYBOARD.dir/C_/Users/Lindsay/.pico-sdk/sdk/2.1.1/lib/tinyusb/src/class/hid/hid_host.c.obj