Archive member included to satisfy reference by file (symbol)

C:/Users/Lindsay/.pico-sdk/toolchain/14_2_Rel1/bin/../lib/gcc/arm-none-eabi/14.2.1/thumb/v6-m/nofp\libgcc.a(_dvmd_tls.o)
                              CMakeFiles/USB_DEVICE_AND_KEYBOARD.dir/C_/Users/Lindsay/.pico-sdk/sdk/2.1.1/src/rp2_common/pico_divider/divider_hardware.S.obj (__aeabi_idiv0)
C:/Users/Lindsay/.pico-sdk/toolchain/14_2_Rel1/bin/../lib/gcc/arm-none-eabi/14.2.1/thumb/v6-m/nofp\libg.a(libc_a-calloc.o)
                              CMakeFiles/USB_DEVICE_AND_KEYBOARD.dir/C_/Users/Lindsay/.pico-sdk/sdk/2.1.1/src/rp2_common/pico_malloc/malloc.c.obj (calloc)
C:/Users/Lindsay/.pico-sdk/toolchain/14_2_Rel1/bin/../lib/gcc/arm-none-eabi/14.2.1/thumb/v6-m/nofp\libg.a(libc_a-callocr.o)
                              C:/Users/Lindsay/.pico-sdk/toolchain/14_2_Rel1/bin/../lib/gcc/arm-none-eabi/14.2.1/thumb/v6-m/nofp\libg.a(libc_a-calloc.o) (_calloc_r)
C:/Users/Lindsay/.pico-sdk/toolchain/14_2_Rel1/bin/../lib/gcc/arm-none-eabi/14.2.1/thumb/v6-m/nofp\libg.a(libc_a-malloc.o)
                              CMakeFiles/USB_DEVICE_AND_KEYBOARD.dir/C_/Users/Lindsay/.pico-sdk/sdk/2.1.1/src/rp2_common/pico_malloc/malloc.c.obj (malloc)
C:/Users/Lindsay/.pico-sdk/toolchain/14_2_Rel1/bin/../lib/gcc/arm-none-eabi/14.2.1/thumb/v6-m/nofp\libg.a(libc_a-mallocr.o)
                              C:/Users/Lindsay/.pico-sdk/toolchain/14_2_Rel1/bin/../lib/gcc/arm-none-eabi/14.2.1/thumb/v6-m/nofp\libg.a(libc_a-callocr.o) (_malloc_r)
C:/Users/Lindsay/.pico-sdk/toolchain/14_2_Rel1/bin/../lib/gcc/arm-none-eabi/14.2.1/thumb/v6-m/nofp\libg.a(libc_a-mlock.o)
                              C:/Users/Lindsay/.pico-sdk/toolchain/14_2_Rel1/bin/../lib/gcc/arm-none-eabi/14.2.1/thumb/v6-m/nofp\libg.a(libc_a-mallocr.o) (__malloc_lock)
C:/Users/Lindsay/.pico-sdk/toolchain/14_2_Rel1/bin/../lib/gcc/arm-none-eabi/14.2.1/thumb/v6-m/nofp\libg.a(libc_a-realloc.o)
                              CMakeFiles/USB_DEVICE_AND_KEYBOARD.dir/C_/Users/Lindsay/.pico-sdk/sdk/2.1.1/src/rp2_common/pico_malloc/malloc.c.obj (realloc)
C:/Users/Lindsay/.pico-sdk/toolchain/14_2_Rel1/bin/../lib/gcc/arm-none-eabi/14.2.1/thumb/v6-m/nofp\libg.a(libc_a-reallocr.o)
                              C:/Users/Lindsay/.pico-sdk/toolchain/14_2_Rel1/bin/../lib/gcc/arm-none-eabi/14.2.1/thumb/v6-m/nofp\libg.a(libc_a-realloc.o) (_realloc_r)
C:/Users/Lindsay/.pico-sdk/toolchain/14_2_Rel1/bin/../lib/gcc/arm-none-eabi/14.2.1/thumb/v6-m/nofp\libg.a(libc_a-ctype_.o)
                              CMakeFiles/USB_DEVICE_AND_KEYBOARD.dir/C_/Users/Lindsay/.pico-sdk/sdk/2.1.1/lib/tinyusb/src/tusb.c.obj (_ctype_)
C:/Users/Lindsay/.pico-sdk/toolchain/14_2_Rel1/bin/../lib/gcc/arm-none-eabi/14.2.1/thumb/v6-m/nofp\libg.a(libc_a-memcmp.o)
                              CMakeFiles/USB_DEVICE_AND_KEYBOARD.dir/C_/Users/Lindsay/.pico-sdk/sdk/2.1.1/src/rp2_common/pico_atomic/atomic.c.obj (memcmp)
C:/Users/Lindsay/.pico-sdk/toolchain/14_2_Rel1/bin/../lib/gcc/arm-none-eabi/14.2.1/thumb/v6-m/nofp\libg.a(libc_a-memmove.o)
                              C:/Users/Lindsay/.pico-sdk/toolchain/14_2_Rel1/bin/../lib/gcc/arm-none-eabi/14.2.1/thumb/v6-m/nofp\libg.a(libc_a-reallocr.o) (memmove)
C:/Users/Lindsay/.pico-sdk/toolchain/14_2_Rel1/bin/../lib/gcc/arm-none-eabi/14.2.1/thumb/v6-m/nofp\libg.a(libc_a-strncmp.o)
                              CMakeFiles/USB_DEVICE_AND_KEYBOARD.dir/main_device.c.obj (strncmp)
C:/Users/Lindsay/.pico-sdk/toolchain/14_2_Rel1/bin/../lib/gcc/arm-none-eabi/14.2.1/thumb/v6-m/nofp\libg.a(libc_a-lcltime_r.o)
                              CMakeFiles/USB_DEVICE_AND_KEYBOARD.dir/C_/Users/Lindsay/.pico-sdk/sdk/2.1.1/src/common/pico_util/datetime.c.obj (localtime_r)
C:/Users/Lindsay/.pico-sdk/toolchain/14_2_Rel1/bin/../lib/gcc/arm-none-eabi/14.2.1/thumb/v6-m/nofp\libg.a(libc_a-mktime.o)
                              CMakeFiles/USB_DEVICE_AND_KEYBOARD.dir/C_/Users/Lindsay/.pico-sdk/sdk/2.1.1/src/common/pico_util/datetime.c.obj (mktime)
C:/Users/Lindsay/.pico-sdk/toolchain/14_2_Rel1/bin/../lib/gcc/arm-none-eabi/14.2.1/thumb/v6-m/nofp\libg.a(libc_a-month_lengths.o)
                              C:/Users/Lindsay/.pico-sdk/toolchain/14_2_Rel1/bin/../lib/gcc/arm-none-eabi/14.2.1/thumb/v6-m/nofp\libg.a(libc_a-lcltime_r.o) (__month_lengths)
C:/Users/Lindsay/.pico-sdk/toolchain/14_2_Rel1/bin/../lib/gcc/arm-none-eabi/14.2.1/thumb/v6-m/nofp\libg.a(libc_a-tzcalc_limits.o)
                              C:/Users/Lindsay/.pico-sdk/toolchain/14_2_Rel1/bin/../lib/gcc/arm-none-eabi/14.2.1/thumb/v6-m/nofp\libg.a(libc_a-lcltime_r.o) (__tzcalc_limits)
C:/Users/Lindsay/.pico-sdk/toolchain/14_2_Rel1/bin/../lib/gcc/arm-none-eabi/14.2.1/thumb/v6-m/nofp\libg.a(libc_a-tzlock.o)
                              C:/Users/Lindsay/.pico-sdk/toolchain/14_2_Rel1/bin/../lib/gcc/arm-none-eabi/14.2.1/thumb/v6-m/nofp\libg.a(libc_a-lcltime_r.o) (__tz_lock)
C:/Users/Lindsay/.pico-sdk/toolchain/14_2_Rel1/bin/../lib/gcc/arm-none-eabi/14.2.1/thumb/v6-m/nofp\libg.a(libc_a-tzset.o)
[...]
Memory Configuration

Name             Origin             Length             Attributes
FLASH            0x10000000         0x00800000         xr
RAM              0x20000000         0x00040000         xrw
SCRATCH_X        0x20040000         0x00001000         xrw
SCRATCH_Y        0x20041000         0x00001000         xrw
*default*        0x00000000         0xffffffff

Linker script and memory map

LOAD C:/Users/Lindsay/.pico-sdk/toolchain/14_2_Rel1/bin/../lib/gcc/arm-none-eabi/14.2.1/thumb/v6-m/nofp/crti.o
LOAD C:/Users/Lindsay/.pico-sdk/toolchain/14_2_Rel1/bin/../lib/gcc/arm-none-eabi/14.2.1/thumb/v6-m/nofp/crtbegin.o
LOAD C:/Users/Lindsay/.pico-sdk/toolchain/14_2_Rel1/bin/../lib/gcc/arm-none-eabi/14.2.1/thumb/v6-m/nofp/crt0.o

.flash_begin    0x10000000        0x0
                0x10000000                        __flash_binary_start = .

.boot2          0x10000000      0x100
                0x10000000                        __boot2_start__ = .
 *(.boot2)
 .boot2         0x10000000      0x100 pico-sdk/src/rp2040/boot_stage2/CMakeFiles/bs2_default_library.dir/./bs2_default_padded_checksummed.S.obj
                0x10000100                        __boot2_end__ = .
                0x00000001                        ASSERT (((__boot2_end__ - __boot2_start__) == 0x100), ERROR: Pico second stage bootloader must be 256 bytes in size)

.text           0x10000100     0x9c68
                0x10000100                        __logical_binary_start = .
 *(.vectors)
 .vectors       0x10000100       0xd4 CMakeFiles/USB_DEVICE_AND_KEYBOARD.dir/C_/Users/Lindsay/.pico-sdk/sdk/2.1.1/src/rp2_common/pico_crt0/crt0.S.obj
                0x10000100                __VECTOR_TABLE
                0x10000100                __vectors
                0x100001c0                isr_invalid
                0x100001c0                __default_isrs_start
                0x100001c2                isr_nmi
                0x100001c4                isr_hardfault
                0x100001c6                isr_svcall
                0x100001c8                isr_pendsv
                0x100001ca                isr_systick
                0x100001cc                isr_irq23
                0x100001cc                isr_irq18
                0x100001cc                isr_irq11
                0x100001cc                isr_irq28
                0x100001cc                isr_irq19
                0x100001cc                isr_irq0
                0x100001cc                isr_irq6
                0x100001cc                isr_irq5
                0x100001cc                isr_irq12
                0x100001cc                isr_irq22
                0x100001cc                isr_irq31
                0x100001cc                isr_irq17
                0x100001cc                isr_irq27
                0x100001cc                isr_irq30
                0x100001cc                isr_irq2
                0x100001cc                isr_irq10
                0x100001cc                isr_irq8
                0x100001cc                isr_irq24
                0x100001cc                isr_irq1
                0x100001cc                isr_irq7
                0x100001cc                isr_irq21
                0x100001cc                isr_irq20
                0x100001cc                isr_irq15
                0x100001cc                isr_irq25
                0x100001cc                isr_irq13
                0x100001cc                __unhandled_user_irq
                0x100001cc                isr_irq4
                0x100001cc                isr_irq16
                0x100001cc                isr_irq29
                0x100001cc                isr_irq26
                0x100001cc                __default_isrs_end
                0x100001cc                isr_irq3
                0x100001cc                isr_irq14
                0x100001cc                isr_irq9
                0x100001d2                unhandled_user_irq_num_in_r0
 *(.binary_info_header)
 .binary_info_header
                0x100001d4       0x14 CMakeFiles/USB_DEVICE_AND_KEYBOARD.dir/C_/Users/Lindsay/.pico-sdk/sdk/2.1.1/src/rp2_common/pico_crt0/crt0.S.obj
                0x100001e8                        __binary_info_header_end = .
 *(.embedded_block)
                0x100001e8                        __embedded_block_end = .
 *(.reset)
 .reset         0x100001e8       0x9c CMakeFiles/USB_DEVICE_AND_KEYBOARD.dir/C_/Users/Lindsay/.pico-sdk/sdk/2.1.1/src/rp2_common/pico_crt0/crt0.S.obj
                0x100001e8                _entry_point
 *(.init)
 .init          0x10000284        0x4 C:/Users/Lindsay/.pico-sdk/toolchain/14_2_Rel1/bin/../lib/gcc/arm-none-eabi/14.2.1/thumb/v6-m/nofp/crti.o
                0x10000284                _init
 *(EXCLUDE_FILE(*libm.a: *libc.a:*lib_a-mem*.o *libgcc.a:) .text*)
 .text.register_tm_clones
                0x10000288       0x28 C:/Users/Lindsay/.pico-sdk/toolchain/14_2_Rel1/bin/../lib/gcc/arm-none-eabi/14.2.1/thumb/v6-m/nofp/crtbegin.o
 .text.frame_dummy
                0x100002b0       0x24 C:/Users/Lindsay/.pico-sdk/toolchain/14_2_Rel1/bin/../lib/gcc/arm-none-eabi/14.2.1/thumb/v6-m/nofp/crtbegin.o
 .text.set_sys_clock_khz
                0x100002d4       0x3c CMakeFiles/USB_DEVICE_AND_KEYBOARD.dir/main_device.c.obj
 .text.main     0x10000310       0x48 CMakeFiles/USB_DEVICE_AND_KEYBOARD.dir/main_device.c.obj
                0x10000310                main
 .text.check_command
                0x10000358       0x38 CMakeFiles/USB_DEVICE_AND_KEYBOARD.dir/main_device.c.obj
                0x10000358                check_command
 .text.tud_cdc_rx_cb
                0x10000390       0x88 CMakeFiles/USB_DEVICE_AND_KEYBOARD.dir/main_device.c.obj
                0x10000390                tud_cdc_rx_cb
 .text.process_kbd_report
                0x10000418       0xa8 CMakeFiles/USB_DEVICE_AND_KEYBOARD.dir/main_host.c.obj
 .text.process_mouse_report
                0x100004c0       0xb8 CMakeFiles/USB_DEVICE_AND_KEYBOARD.dir/main_host.c.obj
 .text.core1_main
                0x10000578       0x44 CMakeFiles/USB_DEVICE_AND_KEYBOARD.dir/main_host.c.obj
                0x10000578                core1_main
 .text.tuh_hid_mount_cb
                0x100005bc       0x9c CMakeFiles/USB_DEVICE_AND_KEYBOARD.dir/main_host.c.obj
                0x100005bc                tuh_hid_mount_cb
 .text.tuh_hid_umount_cb
                0x10000658       0x2c CMakeFiles/USB_DEVICE_AND_KEYBOARD.dir/main_host.c.obj
                0x10000658                tuh_hid_umount_cb
 .text.tuh_hid_report_received_cb
                0x10000684       0x44 CMakeFiles/USB_DEVICE_AND_KEYBOARD.dir/main_host.c.obj
                0x10000684                tuh_hid_report_received_cb
 .text.tud_descriptor_device_cb
                0x100006c8        0x8 CMakeFiles/USB_DEVICE_AND_KEYBOARD.dir/usb_descriptors.c.obj
                0x100006c8                tud_descriptor_device_cb
 .text.tud_descriptor_configuration_cb
                0x100006d0        0x8 CMakeFiles/USB_DEVICE_AND_KEYBOARD.dir/usb_descriptors.c.obj
                0x100006d0                tud_descriptor_configuration_cb
 .text.tud_descriptor_string_cb
                0x100006d8       0x64 CMakeFiles/USB_DEVICE_AND_KEYBOARD.dir/usb_descriptors.c.obj
                0x100006d8                tud_descriptor_string_cb
 .text.tud_hid_descriptor_report_cb
                0x1000073c        0x8 CMakeFiles/USB_DEVICE_AND_KEYBOARD.dir/usb_descriptors.c.obj
                0x1000073c                tud_hid_descriptor_report_cb
 .text.tud_hid_set_report_cb
                0x10000744        0x2 CMakeFiles/USB_DEVICE_AND_KEYBOARD.dir/usb_descriptors.c.obj
                0x10000744                tud_hid_set_report_cb
 .text.tud_hid_get_report_cb
                0x10000746        0x4 CMakeFiles/USB_DEVICE_AND_KEYBOARD.dir/usb_descriptors.c.obj
                0x10000746                tud_hid_get_report_cb
 .text.tud_hid_report_complete_cb
                0x1000074a        0x2 CMakeFiles/USB_DEVICE_AND_KEYBOARD.dir/usb_descriptors.c.obj
                0x1000074a                tud_hid_report_complete_cb
 .text.hcd_configure
                0x1000074c       0x20 CMakeFiles/USB_DEVICE_AND_KEYBOARD.dir/C_/Users/Lindsay/.pico-sdk/sdk/2.1.1/lib/tinyusb/src/portable/raspberrypi/pio_usb/hcd_pio_usb.c.obj
                0x1000074c                hcd_configure
 .text.hcd_init
                0x1000076c       0x10 CMakeFiles/USB_DEVICE_AND_KEYBOARD.dir/C_/Users/Lindsay/.pico-sdk/sdk/2.1.1/lib/tinyusb/src/portable/raspberrypi/pio_usb/hcd_pio_usb.c.obj
                0x1000076c                hcd_init
 .text.hcd_port_reset
                0x1000077c        0xc CMakeFiles/USB_DEVICE_AND_KEYBOARD.dir/C_/Users/Lindsay/.pico-sdk/sdk/2.1.1/lib/tinyusb/src/portable/raspberrypi/pio_usb/hcd_pio_usb.c.obj
                0x1000077c                hcd_port_reset
 .text.hcd_port_reset_end
                0x10000788        0xc CMakeFiles/USB_DEVICE_AND_KEYBOARD.dir/C_/Users/Lindsay/.pico-sdk/sdk/2.1.1/lib/tinyusb/src/portable/raspberrypi/pio_usb/hcd_pio_usb.c.obj
                0x10000788                hcd_port_reset_end
 .text.hcd_port_connect_status
                0x10000794       0x44 CMakeFiles/USB_DEVICE_AND_KEYBOARD.dir/C_/Users/Lindsay/.pico-sdk/sdk/2.1.1/lib/tinyusb/src/portable/raspberrypi/pio_usb/hcd_pio_usb.c.obj
                0x10000794                hcd_port_connect_status
 .text.hcd_port_speed_get
                0x100007d8       0x1c CMakeFiles/USB_DEVICE_AND_KEYBOARD.dir/C_/Users/Lindsay/.pico-sdk/sdk/2.1.1/lib/tinyusb/src/portable/raspberrypi/pio_usb/hcd_pio_usb.c.obj
                0x100007d8                hcd_port_speed_get
 .text.hcd_device_close
                0x100007f4        0xc CMakeFiles/USB_DEVICE_AND_KEYBOARD.dir/C_/Users/Lindsay/.pico-sdk/sdk/2.1.1/lib/tinyusb/src/portable/raspberrypi/pio_usb/hcd_pio_usb.c.obj
                0x100007f4                hcd_device_close
 .text.hcd_int_enable
                0x10000800        0x2 CMakeFiles/USB_DEVICE_AND_KEYBOARD.dir/C_/Users/Lindsay/.pico-sdk/sdk/2.1.1/lib/tinyusb/src/portable/raspberrypi/pio_usb/hcd_pio_usb.c.obj
                0x10000800                hcd_int_enable
 .text.hcd_edpt_open
                0x10000802       0x3a CMakeFiles/USB_DEVICE_AND_KEYBOARD.dir/C_/Users/Lindsay/.pico-sdk/sdk/2.1.1/lib/tinyusb/src/portable/raspberrypi/pio_usb/hcd_pio_usb.c.obj
                0x10000802                hcd_edpt_open
 .text.hcd_edpt_xfer
                0x1000083c       0x16 CMakeFiles/USB_DEVICE_AND_KEYBOARD.dir/C_/Users/Lindsay/.pico-sdk/sdk/2.1.1/lib/tinyusb/src/portable/raspberrypi/pio_usb/hcd_pio_usb.c.obj
                0x1000083c                hcd_edpt_xfer
 .text.hcd_edpt_abort_xfer
                0x10000852        0xc CMakeFiles/USB_DEVICE_AND_KEYBOARD.dir/C_/Users/Lindsay/.pico-sdk/sdk/2.1.1/lib/tinyusb/src/portable/raspberrypi/pio_usb/hcd_pio_usb.c.obj
                0x10000852                hcd_edpt_abort_xfer
 .text.hcd_setup_send
                0x1000085e        0xc CMakeFiles/USB_DEVICE_AND_KEYBOARD.dir/C_/Users/Lindsay/.pico-sdk/sdk/2.1.1/lib/tinyusb/src/portable/raspberrypi/pio_usb/hcd_pio_usb.c.obj
                0x1000085e                hcd_setup_send
 *fill*         0x1000086a        0x2 
 .text.gpio_set_function
                0x1000086c       0x34 CMakeFiles/USB_DEVICE_AND_KEYBOARD.dir/C_/Users/Lindsay/.pico-sdk/sdk/2.1.1/src/rp2_common/hardware_gpio/gpio.c.obj
                0x1000086c                gpio_set_function
 .text.gpio_set_pulls
                0x100008a0       0x38 CMakeFiles/USB_DEVICE_AND_KEYBOARD.dir/C_/Users/Lindsay/.pico-sdk/sdk/2.1.1/src/rp2_common/hardware_gpio/gpio.c.obj
                0x100008a0                gpio_set_pulls
 .text.gpio_set_inover
                0x100008d8       0x24 CMakeFiles/USB_DEVICE_AND_KEYBOARD.dir/C_/Users/Lindsay/.pico-sdk/sdk/2.1.1/src/rp2_common/hardware_gpio/gpio.c.obj
                0x100008d8                gpio_set_inover
 .text.gpio_set_outover
                0x100008fc       0x24 CMakeFiles/USB_DEVICE_AND_KEYBOARD.dir/C_/Users/Lindsay/.pico-sdk/sdk/2.1.1/src/rp2_common/hardware_gpio/gpio.c.obj
                0x100008fc                gpio_set_outover
 .text.gpio_set_oeover
                0x10000920       0x24 CMakeFiles/USB_DEVICE_AND_KEYBOARD.dir/C_/Users/Lindsay/.pico-sdk/sdk/2.1.1/src/rp2_common/hardware_gpio/gpio.c.obj
                0x10000920                gpio_set_oeover
 .text.gpio_set_slew_rate
                0x10000944       0x20 CMakeFiles/USB_DEVICE_AND_KEYBOARD.dir/C_/Users/Lindsay/.pico-sdk/sdk/2.1.1/src/rp2_common/hardware_gpio/gpio.c.obj
                0x10000944                gpio_set_slew_rate
 .text.gpio_set_drive_strength
                0x10000964       0x24 CMakeFiles/USB_DEVICE_AND_KEYBOARD.dir/C_/Users/Lindsay/.pico-sdk/sdk/2.1.1/src/rp2_common/hardware_gpio/gpio.c.obj
                0x10000964                gpio_set_drive_strength
 .text.rp2040_chip_version
                0x10000988       0x54 CMakeFiles/USB_DEVICE_AND_KEYBOARD.dir/C_/Users/Lindsay/.pico-sdk/sdk/2.1.1/src/rp2040/pico_platform/platform.c.obj
                0x10000988                rp2040_chip_version
 .text.panic    0x100009dc       0x30 CMakeFiles/USB_DEVICE_AND_KEYBOARD.dir/C_/Users/Lindsay/.pico-sdk/sdk/2.1.1/src/rp2_common/pico_platform_panic/panic.c.obj
                0x100009dc                panic
 .text.hw_claim_lock
                0x10000a0c       0x18 CMakeFiles/USB_DEVICE_AND_KEYBOARD.dir/C_/Users/Lindsay/.pico-sdk/sdk/2.1.1/src/common/hardware_claim/claim.c.obj
                0x10000a0c                hw_claim_lock
 .text.hw_claim_unlock
                0x10000a24       0x14 CMakeFiles/USB_DEVICE_AND_KEYBOARD.dir/C_/Users/Lindsay/.pico-sdk/sdk/2.1.1/src/common/hardware_claim/claim.c.obj
                0x10000a24                hw_claim_unlock
 .text.hw_claim_or_assert
                0x10000a38       0x32 CMakeFiles/USB_DEVICE_AND_KEYBOARD.dir/C_/Users/Lindsay/.pico-sdk/sdk/2.1.1/src/common/hardware_claim/claim.c.obj
                0x10000a38                hw_claim_or_assert
 .text.hw_claim_unused_from_range
                0x10000a6a       0x50 CMakeFiles/USB_DEVICE_AND_KEYBOARD.dir/C_/Users/Lindsay/.pico-sdk/sdk/2.1.1/src/common/hardware_claim/claim.c.obj
                0x10000a6a                hw_claim_unused_from_range
 *fill*         0x10000aba        0x2 
 .text.next_striped_spin_lock_num
                0x10000abc       0x1c CMakeFiles/USB_DEVICE_AND_KEYBOARD.dir/C_/Users/Lindsay/.pico-sdk/sdk/2.1.1/src/rp2_common/hardware_sync/sync.c.obj
                0x10000abc                next_striped_spin_lock_num
 .text.spin_lock_claim_unused
                0x10000ad8       0x24 CMakeFiles/USB_DEVICE_AND_KEYBOARD.dir/C_/Users/Lindsay/.pico-sdk/sdk/2.1.1/src/rp2_common/hardware_sync/sync.c.obj
                0x10000ad8                spin_lock_claim_unused
 .text.spin_locks_reset
                0x10000afc       0x20 CMakeFiles/USB_DEVICE_AND_KEYBOARD.dir/C_/Users/Lindsay/.pico-sdk/sdk/2.1.1/src/rp2_common/hardware_sync_spin_lock/sync_spin_lock.c.obj
                0x10000afc                spin_locks_reset
 .text.set_raw_irq_handler_and_unlock
                0x10000b1c       0x28 CMakeFiles/USB_DEVICE_AND_KEYBOARD.dir/C_/Users/Lindsay/.pico-sdk/sdk/2.1.1/src/rp2_common/hardware_irq/irq.c.obj
 .text.nvic_ipr0
                0x10000b44        0x8 CMakeFiles/USB_DEVICE_AND_KEYBOARD.dir/C_/Users/Lindsay/.pico-sdk/sdk/2.1.1/src/rp2_common/hardware_irq/irq.c.obj
 .text.runtime_init_per_core_irq_priorities
                0x10000b4c       0x1c CMakeFiles/USB_DEVICE_AND_KEYBOARD.dir/C_/Users/Lindsay/.pico-sdk/sdk/2.1.1/src/rp2_common/hardware_irq/irq.c.obj
                0x10000b4c                runtime_init_per_core_irq_priorities
 .text.resolve_j_16
                0x10000b68       0x30 CMakeFiles/USB_DEVICE_AND_KEYBOARD.dir/C_/Users/Lindsay/.pico-sdk/sdk/2.1.1/src/rp2_common/hardware_irq/irq.c.obj
 .text.make_j_16
                0x10000b98       0x48 CMakeFiles/USB_DEVICE_AND_KEYBOARD.dir/C_/Users/Lindsay/.pico-sdk/sdk/2.1.1/src/rp2_common/hardware_irq/irq.c.obj
 .text.irq_is_enabled
                0x10000be0       0x18 CMakeFiles/USB_DEVICE_AND_KEYBOARD.dir/C_/Users/Lindsay/.pico-sdk/sdk/2.1.1/src/rp2_common/hardware_irq/irq.c.obj
                0x10000be0                irq_is_enabled
 .text.irq_set_mask_n_enabled
                0x10000bf8       0x1c CMakeFiles/USB_DEVICE_AND_KEYBOARD.dir/C_/Users/Lindsay/.pico-sdk/sdk/2.1.1/src/rp2_common/hardware_irq/irq.c.obj
                0x10000bf8                irq_set_mask_n_enabled
 .text.irq_set_enabled
                0x10000c14       0x14 CMakeFiles/USB_DEVICE_AND_KEYBOARD.dir/C_/Users/Lindsay/.pico-sdk/sdk/2.1.1/src/rp2_common/hardware_irq/irq.c.obj
                0x10000c14                irq_set_enabled
 .text.irq_get_vtable_handler
                0x10000c28       0x10 CMakeFiles/USB_DEVICE_AND_KEYBOARD.dir/C_/Users/Lindsay/.pico-sdk/sdk/2.1.1/src/rp2_common/hardware_irq/irq.c.obj
                0x10000c28                irq_get_vtable_handler
 .text.irq_set_exclusive_handler
                0x10000c38       0x54 CMakeFiles/USB_DEVICE_AND_KEYBOARD.dir/C_/Users/Lindsay/.pico-sdk/sdk/2.1.1/src/rp2_common/hardware_irq/irq.c.obj
                0x10000c38                irq_set_exclusive_handler
 .text.irq_add_shared_handler
                0x10000c8c      0x218 CMakeFiles/USB_DEVICE_AND_KEYBOARD.dir/C_/Users/Lindsay/.pico-sdk/sdk/2.1.1/src/rp2_common/hardware_irq/irq.c.obj
                0x10000c8c                irq_add_shared_handler
 .text.irq_add_tail_to_free_list
                0x10000ea4       0xf0 CMakeFiles/USB_DEVICE_AND_KEYBOARD.dir/C_/Users/Lindsay/.pico-sdk/sdk/2.1.1/src/rp2_common/hardware_irq/irq.c.obj
                0x10000ea4                irq_add_tail_to_free_list
 .text.lock_init
                0x10000f94       0x10 CMakeFiles/USB_DEVICE_AND_KEYBOARD.dir/C_/Users/Lindsay/.pico-sdk/sdk/2.1.1/src/common/pico_sync/lock_core.c.obj
                0x10000f94                lock_init
 .text.mutex_init
                0x10000fa4       0x1a CMakeFiles/USB_DEVICE_AND_KEYBOARD.dir/C_/Users/Lindsay/.pico-sdk/sdk/2.1.1/src/common/pico_sync/mutex.c.obj
                0x10000fa4                mutex_init
 .text.recursive_mutex_init
                0x10000fbe       0x1e CMakeFiles/USB_DEVICE_AND_KEYBOARD.dir/C_/Users/Lindsay/.pico-sdk/sdk/2.1.1/src/common/pico_sync/mutex.c.obj
                0x10000fbe                recursive_mutex_init
 .text.runtime_init_mutex
                0x10000fdc       0x4c CMakeFiles/USB_DEVICE_AND_KEYBOARD.dir/C_/Users/Lindsay/.pico-sdk/sdk/2.1.1/src/common/pico_sync/mutex.c.obj
                0x10000fdc                runtime_init_mutex
 .text.critical_section_init_with_lock_num
                0x10001028       0x14 CMakeFiles/USB_DEVICE_AND_KEYBOARD.dir/C_/Users/Lindsay/.pico-sdk/sdk/2.1.1/src/common/pico_sync/critical_section.c.obj
                0x10001028                critical_section_init_with_lock_num
 .text.critical_section_init
                0x1000103c       0x14 CMakeFiles/USB_DEVICE_AND_KEYBOARD.dir/C_/Users/Lindsay/.pico-sdk/sdk/2.1.1/src/common/pico_sync/critical_section.c.obj
                0x1000103c                critical_section_init
 .text.ta_set_timeout
                0x10001050       0x24 CMakeFiles/USB_DEVICE_AND_KEYBOARD.dir/C_/Users/Lindsay/.pico-sdk/sdk/2.1.1/src/common/pico_time/time.c.obj
 .text.make_alarm_id
                0x10001074        0x6 CMakeFiles/USB_DEVICE_AND_KEYBOARD.dir/C_/Users/Lindsay/.pico-sdk/sdk/2.1.1/src/common/pico_time/time.c.obj
 *fill*         0x1000107a        0x2 
 .text.sleep_until_callback
                0x1000107c       0x30 CMakeFiles/USB_DEVICE_AND_KEYBOARD.dir/C_/Users/Lindsay/.pico-sdk/sdk/2.1.1/src/common/pico_time/time.c.obj
 .text.alarm_pool_irq_handler
                0x100010ac      0x2f0 CMakeFiles/USB_DEVICE_AND_KEYBOARD.dir/C_/Users/Lindsay/.pico-sdk/sdk/2.1.1/src/common/pico_time/time.c.obj
 .text.ta_enable_irq_handler
                0x1000139c       0x2c CMakeFiles/USB_DEVICE_AND_KEYBOARD.dir/C_/Users/Lindsay/.pico-sdk/sdk/2.1.1/src/common/pico_time/time.c.obj
 .text.alarm_pool_post_alloc_init
                0x100013c8       0x78 CMakeFiles/USB_DEVICE_AND_KEYBOARD.dir/C_/Users/Lindsay/.pico-sdk/sdk/2.1.1/src/common/pico_time/time.c.obj
 .text.alarm_pool_get_default
                0x10001440       0x2c CMakeFiles/USB_DEVICE_AND_KEYBOARD.dir/C_/Users/Lindsay/.pico-sdk/sdk/2.1.1/src/common/pico_time/time.c.obj
                0x10001440                alarm_pool_get_default
 .text.alarm_pool_create_on_timer
                0x1000146c       0x34 CMakeFiles/USB_DEVICE_AND_KEYBOARD.dir/C_/Users/Lindsay/.pico-sdk/sdk/2.1.1/src/common/pico_time/time.c.obj
                0x1000146c                alarm_pool_create_on_timer
 .text.alarm_pool_add_alarm_at_force_in_context
                0x100014a0       0xa4 CMakeFiles/USB_DEVICE_AND_KEYBOARD.dir/C_/Users/Lindsay/.pico-sdk/sdk/2.1.1/src/common/pico_time/time.c.obj
                0x100014a0                alarm_pool_add_alarm_at_force_in_context
 .text.alarm_pool_add_alarm_at
                0x10001544       0x3c CMakeFiles/USB_DEVICE_AND_KEYBOARD.dir/C_/Users/Lindsay/.pico-sdk/sdk/2.1.1/src/common/pico_time/time.c.obj
                0x10001544                alarm_pool_add_alarm_at
 .text.add_alarm_at
                0x10001580       0x2e CMakeFiles/USB_DEVICE_AND_KEYBOARD.dir/C_/Users/Lindsay/.pico-sdk/sdk/2.1.1/src/common/pico_time/time.c.obj
 *fill*         0x100015ae        0x2 
 .text.alarm_pool_cancel_alarm
                0x100015b0       0x78 CMakeFiles/USB_DEVICE_AND_KEYBOARD.dir/C_/Users/Lindsay/.pico-sdk/sdk/2.1.1/src/common/pico_time/time.c.obj
                0x100015b0                alarm_pool_cancel_alarm
 .text.cancel_alarm
                0x10001628       0x10 CMakeFiles/USB_DEVICE_AND_KEYBOARD.dir/C_/Users/Lindsay/.pico-sdk/sdk/2.1.1/src/common/pico_time/time.c.obj
 .text.sleep_until
                0x10001638       0xb0 CMakeFiles/USB_DEVICE_AND_KEYBOARD.dir/C_/Users/Lindsay/.pico-sdk/sdk/2.1.1/src/common/pico_time/time.c.obj
                0x10001638                sleep_until
 .text.sleep_us
                0x100016e8       0x24 CMakeFiles/USB_DEVICE_AND_KEYBOARD.dir/C_/Users/Lindsay/.pico-sdk/sdk/2.1.1/src/common/pico_time/time.c.obj
                0x100016e8                sleep_us
 .text.sleep_ms
                0x1000170c       0x14 CMakeFiles/USB_DEVICE_AND_KEYBOARD.dir/C_/Users/Lindsay/.pico-sdk/sdk/2.1.1/src/common/pico_time/time.c.obj
                0x1000170c                sleep_ms
 .text.best_effort_wfe_or_timeout
                0x10001720      0x11c CMakeFiles/USB_DEVICE_AND_KEYBOARD.dir/C_/Users/Lindsay/.pico-sdk/sdk/2.1.1/src/common/pico_time/time.c.obj
                0x10001720                best_effort_wfe_or_timeout
 .text.alarm_pool_add_repeating_timer_us
                0x1000183c       0x6c CMakeFiles/USB_DEVICE_AND_KEYBOARD.dir/C_/Users/Lindsay/.pico-sdk/sdk/2.1.1/src/common/pico_time/time.c.obj
                0x1000183c                alarm_pool_add_repeating_timer_us
 .text.alarm_pool_get_default_timer
                0x100018a8        0x8 CMakeFiles/USB_DEVICE_AND_KEYBOARD.dir/C_/Users/Lindsay/.pico-sdk/sdk/2.1.1/src/common/pico_time/time.c.obj
                0x100018a8                alarm_pool_get_default_timer
 .text.runtime_init_default_alarm_pool
                0x100018b0       0x38 CMakeFiles/USB_DEVICE_AND_KEYBOARD.dir/C_/Users/Lindsay/.pico-sdk/sdk/2.1.1/src/common/pico_time/time.c.obj
                0x100018b0                runtime_init_default_alarm_pool
 .text.timer_hardware_alarm_claim
                0x100018e8       0x14 CMakeFiles/USB_DEVICE_AND_KEYBOARD.dir/C_/Users/Lindsay/.pico-sdk/sdk/2.1.1/src/rp2_common/hardware_timer/timer.c.obj
                0x100018e8                timer_hardware_alarm_claim
 .text.timer_time_us_64
                0x100018fc       0x10 CMakeFiles/USB_DEVICE_AND_KEYBOARD.dir/C_/Users/Lindsay/.pico-sdk/sdk/2.1.1/src/rp2_common/hardware_timer/timer.c.obj
                0x100018fc                timer_time_us_64
 .text.timer_busy_wait_until
                0x1000190c       0x1a CMakeFiles/USB_DEVICE_AND_KEYBOARD.dir/C_/Users/Lindsay/.pico-sdk/sdk/2.1.1/src/rp2_common/hardware_timer/timer.c.obj
                0x1000190c                timer_busy_wait_until
 .text.timer_busy_wait_us
                0x10001926       0x38 CMakeFiles/USB_DEVICE_AND_KEYBOARD.dir/C_/Users/Lindsay/.pico-sdk/sdk/2.1.1/src/rp2_common/hardware_timer/timer.c.obj
                0x10001926                timer_busy_wait_us
 *fill*         0x1000195e        0x2 
 .text.time_us_64
                0x10001960       0x10 CMakeFiles/USB_DEVICE_AND_KEYBOARD.dir/C_/Users/Lindsay/.pico-sdk/sdk/2.1.1/src/rp2_common/hardware_timer/timer.c.obj
                0x10001960                time_us_64
 .text.busy_wait_us
                0x10001970       0x14 CMakeFiles/USB_DEVICE_AND_KEYBOARD.dir/C_/Users/Lindsay/.pico-sdk/sdk/2.1.1/src/rp2_common/hardware_timer/timer.c.obj
                0x10001970                busy_wait_us
 .text.timer_busy_wait_us_32
                0x10001984       0x1c CMakeFiles/USB_DEVICE_AND_KEYBOARD.dir/C_/Users/Lindsay/.pico-sdk/sdk/2.1.1/src/rp2_common/hardware_timer/timer.c.obj
                0x10001984                timer_busy_wait_us_32
 .text.timer_busy_wait_ms
                0x100019a0       0x3c CMakeFiles/USB_DEVICE_AND_KEYBOARD.dir/C_/Users/Lindsay/.pico-sdk/sdk/2.1.1/src/rp2_common/hardware_timer/timer.c.obj
                0x100019a0                timer_busy_wait_ms
 .text.busy_wait_ms
                0x100019dc       0x10 CMakeFiles/USB_DEVICE_AND_KEYBOARD.dir/C_/Users/Lindsay/.pico-sdk/sdk/2.1.1/src/rp2_common/hardware_timer/timer.c.obj
                0x100019dc                busy_wait_ms
 .text.busy_wait_until
                0x100019ec       0x14 CMakeFiles/USB_DEVICE_AND_KEYBOARD.dir/C_/Users/Lindsay/.pico-sdk/sdk/2.1.1/src/rp2_common/hardware_timer/timer.c.obj
                0x100019ec                busy_wait_until
 .text.clock_configure_internal
                0x10001a00       0xc4 CMakeFiles/USB_DEVICE_AND_KEYBOARD.dir/C_/Users/Lindsay/.pico-sdk/sdk/2.1.1/src/rp2_common/hardware_clocks/clocks.c.obj
 .text.clock_configure_int_divider
                0x10001ac4       0x28 CMakeFiles/USB_DEVICE_AND_KEYBOARD.dir/C_/Users/Lindsay/.pico-sdk/sdk/2.1.1/src/rp2_common/hardware_clocks/clocks.c.obj
                0x10001ac4                clock_configure_int_divider
 .text.clock_configure_undivided
                0x10001aec       0x12 CMakeFiles/USB_DEVICE_AND_KEYBOARD.dir/C_/Users/Lindsay/.pico-sdk/sdk/2.1.1/src/rp2_common/hardware_clocks/clocks.c.obj
                0x10001aec                clock_configure_undivided
 *fill*         0x10001afe        0x2 
 .text.clock_get_hz
                0x10001b00        0xc CMakeFiles/USB_DEVICE_AND_KEYBOARD.dir/C_/Users/Lindsay/.pico-sdk/sdk/2.1.1/src/rp2_common/hardware_clocks/clocks.c.obj
                0x10001b00                clock_get_hz
 .text.set_sys_clock_pll
                0x10001b0c       0x68 CMakeFiles/USB_DEVICE_AND_KEYBOARD.dir/C_/Users/Lindsay/.pico-sdk/sdk/2.1.1/src/rp2_common/hardware_clocks/clocks.c.obj
                0x10001b0c                set_sys_clock_pll
 .text.check_sys_clock_khz
                0x10001b74       0xa4 CMakeFiles/USB_DEVICE_AND_KEYBOARD.dir/C_/Users/Lindsay/.pico-sdk/sdk/2.1.1/src/rp2_common/hardware_clocks/clocks.c.obj
                0x10001b74                check_sys_clock_khz
 .text.pll_init
                0x10001c18      0x124 CMakeFiles/USB_DEVICE_AND_KEYBOARD.dir/C_/Users/Lindsay/.pico-sdk/sdk/2.1.1/src/rp2_common/hardware_pll/pll.c.obj
                0x10001c18                pll_init
 .text.tick_start
                0x10001d3c       0x10 CMakeFiles/USB_DEVICE_AND_KEYBOARD.dir/C_/Users/Lindsay/.pico-sdk/sdk/2.1.1/src/rp2_common/hardware_ticks/ticks.c.obj
                0x10001d3c                tick_start
 .text.rom_func_lookup
                0x10001d4c       0x10 CMakeFiles/USB_DEVICE_AND_KEYBOARD.dir/C_/Users/Lindsay/.pico-sdk/sdk/2.1.1/src/rp2_common/pico_bootrom/bootrom.c.obj
                0x10001d4c                rom_func_lookup
 .text.rom_data_lookup
                0x10001d5c       0x10 CMakeFiles/USB_DEVICE_AND_KEYBOARD.dir/C_/Users/Lindsay/.pico-sdk/sdk/2.1.1/src/rp2_common/pico_bootrom/bootrom.c.obj
                0x10001d5c                rom_data_lookup
 .text.rom_funcs_lookup
                0x10001d6c       0x36 CMakeFiles/USB_DEVICE_AND_KEYBOARD.dir/C_/Users/Lindsay/.pico-sdk/sdk/2.1.1/src/rp2_common/pico_bootrom/bootrom.c.obj
                0x10001d6c                rom_funcs_lookup
 *fill*         0x10001da2        0x2 
 .text.xosc_init
                0x10001da4       0x2c CMakeFiles/USB_DEVICE_AND_KEYBOARD.dir/C_/Users/Lindsay/.pico-sdk/sdk/2.1.1/src/rp2_common/hardware_xosc/xosc.c.obj
                0x10001da4                xosc_init
 .text.runtime_run_initializers_from
                0x10001dd0       0x18 CMakeFiles/USB_DEVICE_AND_KEYBOARD.dir/C_/Users/Lindsay/.pico-sdk/sdk/2.1.1/src/rp2_common/pico_runtime/runtime.c.obj
 .text.first_per_core_initializer
                0x10001de8        0x2 CMakeFiles/USB_DEVICE_AND_KEYBOARD.dir/C_/Users/Lindsay/.pico-sdk/sdk/2.1.1/src/rp2_common/pico_runtime/runtime.c.obj
 *fill*         0x10001dea        0x2 
 .text.runtime_run_initializers
                0x10001dec       0x10 CMakeFiles/USB_DEVICE_AND_KEYBOARD.dir/C_/Users/Lindsay/.pico-sdk/sdk/2.1.1/src/rp2_common/pico_runtime/runtime.c.obj
                0x10001dec                runtime_run_initializers
 .text.runtime_run_per_core_initializers
                0x10001dfc       0x10 CMakeFiles/USB_DEVICE_AND_KEYBOARD.dir/C_/Users/Lindsay/.pico-sdk/sdk/2.1.1/src/rp2_common/pico_runtime/runtime.c.obj
                0x10001dfc                runtime_run_per_core_initializers
 .text.runtime_init_early_resets
                0x10001e0c       0x2c CMakeFiles/USB_DEVICE_AND_KEYBOARD.dir/C_/Users/Lindsay/.pico-sdk/sdk/2.1.1/src/rp2_common/pico_runtime_init/runtime_init.c.obj
                0x10001e0c                runtime_init_early_resets
 .text.runtime_init_usb_power_down
                0x10001e38       0x1c CMakeFiles/USB_DEVICE_AND_KEYBOARD.dir/C_/Users/Lindsay/.pico-sdk/sdk/2.1.1/src/rp2_common/pico_runtime_init/runtime_init.c.obj
                0x10001e38                runtime_init_usb_power_down
 .text.runtime_init_post_clock_resets
                0x10001e54       0x20 CMakeFiles/USB_DEVICE_AND_KEYBOARD.dir/C_/Users/Lindsay/.pico-sdk/sdk/2.1.1/src/rp2_common/pico_runtime_init/runtime_init.c.obj
                0x10001e54                runtime_init_post_clock_resets
 .text.runtime_init_rp2040_gpio_ie_disable
                0x10001e74       0x14 CMakeFiles/USB_DEVICE_AND_KEYBOARD.dir/C_/Users/Lindsay/.pico-sdk/sdk/2.1.1/src/rp2_common/pico_runtime_init/runtime_init.c.obj
                0x10001e74                runtime_init_rp2040_gpio_ie_disable
 .text.runtime_init_spin_locks_reset
                0x10001e88        0x8 CMakeFiles/USB_DEVICE_AND_KEYBOARD.dir/C_/Users/Lindsay/.pico-sdk/sdk/2.1.1/src/rp2_common/pico_runtime_init/runtime_init.c.obj
                0x10001e88                runtime_init_spin_locks_reset
 .text.runtime_init_install_ram_vector_table
                0x10001e90       0x1c CMakeFiles/USB_DEVICE_AND_KEYBOARD.dir/C_/Users/Lindsay/.pico-sdk/sdk/2.1.1/src/rp2_common/pico_runtime_init/runtime_init.c.obj
                0x10001e90                runtime_init_install_ram_vector_table
 .text.start_all_ticks
                0x10001eac       0x28 CMakeFiles/USB_DEVICE_AND_KEYBOARD.dir/C_/Users/Lindsay/.pico-sdk/sdk/2.1.1/src/rp2_common/pico_runtime_init/runtime_init_clocks.c.obj
 .text.runtime_init_clocks
                0x10001ed4       0xcc CMakeFiles/USB_DEVICE_AND_KEYBOARD.dir/C_/Users/Lindsay/.pico-sdk/sdk/2.1.1/src/rp2_common/pico_runtime_init/runtime_init_clocks.c.obj
                0x10001ed4                runtime_init_clocks
 .text          0x10001fa0       0x10 CMakeFiles/USB_DEVICE_AND_KEYBOARD.dir/C_/Users/Lindsay/.pico-sdk/sdk/2.1.1/src/rp2_common/pico_bit_ops/bit_ops_aeabi.S.obj
 .text.ctzsi    0x10001fb0        0xc CMakeFiles/USB_DEVICE_AND_KEYBOARD.dir/C_/Users/Lindsay/.pico-sdk/sdk/2.1.1/src/rp2_common/pico_bit_ops/bit_ops_aeabi.S.obj
                0x10001fb0                __wrap___ctzsi2
 .text.__wrap___aeabi_idiv
                0x10001fbc       0x50 CMakeFiles/USB_DEVICE_AND_KEYBOARD.dir/C_/Users/Lindsay/.pico-sdk/sdk/2.1.1/src/rp2_common/pico_divider/divider_hardware.S.obj
                0x10001fbc                __wrap___aeabi_idivmod
                0x10001fbc                divmod_s32s32
                0x10001fbc                div_s32s32
                0x10001fbc                __wrap___aeabi_idiv
                0x10001fc4                divmod_s32s32_unsafe
                0x10001ff0                divmod_s32s32_savestate
 .text.__wrap___aeabi_uidiv
                0x1000200c       0x4c CMakeFiles/USB_DEVICE_AND_KEYBOARD.dir/C_/Users/Lindsay/.pico-sdk/sdk/2.1.1/src/rp2_common/pico_divider/divider_hardware.S.obj
                0x1000200c                __wrap___aeabi_uidiv
                0x1000200c                __wrap___aeabi_uidivmod
                0x1000200c                div_u32u32
                0x1000200c                divmod_u32u32
                0x10002014                divmod_u32u32_unsafe
                0x1000203c                divmod_u32u32_savestate
 .text.__wrap___aeabi_ldiv
                0x10002058      0x424 CMakeFiles/USB_DEVICE_AND_KEYBOARD.dir/C_/Users/Lindsay/.pico-sdk/sdk/2.1.1/src/rp2_common/pico_divider/divider_hardware.S.obj
                0x10002058                div_s64s64
                0x10002058                divmod_s64s64
                0x10002058                __wrap___aeabi_ldivmod
                0x10002088                divmod_u64u64
                0x10002088                div_u64u64
                0x10002088                __wrap___aeabi_uldivmod
                0x10002098                divmod_u64u64_savestate
                0x100020b8                divmod_s64s64_unsafe
                0x10002140                divmod_u64u64_unsafe
 .text.__wrap___aeabi_darithmetic
                0x1000247c       0x60 CMakeFiles/USB_DEVICE_AND_KEYBOARD.dir/C_/Users/Lindsay/.pico-sdk/sdk/2.1.1/src/rp2_common/pico_double/double_aeabi_rp2040.S.obj
                0x1000247c                __wrap___aeabi_drsub
                0x10002482                __wrap___aeabi_dsub
                0x1000248c                __wrap___aeabi_dadd
                0x10002496                __wrap___aeabi_ddiv
                0x100024ca                __wrap___aeabi_dmul
 .text.__wrap___aeabi_cdcmple
                0x100024dc       0x6c CMakeFiles/USB_DEVICE_AND_KEYBOARD.dir/C_/Users/Lindsay/.pico-sdk/sdk/2.1.1/src/rp2_common/pico_double/double_aeabi_rp2040.S.obj
                0x100024dc                __wrap___aeabi_cdrcmple
                0x100024ec                __wrap___aeabi_cdcmpeq
                0x100024ec                __wrap___aeabi_cdcmple
 .text.__wrap___aeabi_dcmplt
                0x10002548        0xc CMakeFiles/USB_DEVICE_AND_KEYBOARD.dir/C_/Users/Lindsay/.pico-sdk/sdk/2.1.1/src/rp2_common/pico_double/double_aeabi_rp2040.S.obj
                0x10002548                __wrap___aeabi_dcmplt
 .text.__wrap___aeabi_dcmple
                0x10002554       0x10 CMakeFiles/USB_DEVICE_AND_KEYBOARD.dir/C_/Users/Lindsay/.pico-sdk/sdk/2.1.1/src/rp2_common/pico_double/double_aeabi_rp2040.S.obj
                0x10002554                __wrap___aeabi_dcmple
 .text.__wrap___aeabi_dcmpge
                0x10002564       0x10 CMakeFiles/USB_DEVICE_AND_KEYBOARD.dir/C_/Users/Lindsay/.pico-sdk/sdk/2.1.1/src/rp2_common/pico_double/double_aeabi_rp2040.S.obj
                0x10002564                __wrap___aeabi_dcmpge
 .text.__wrap___aeabi_dcmpgt
                0x10002574        0xa CMakeFiles/USB_DEVICE_AND_KEYBOARD.dir/C_/Users/Lindsay/.pico-sdk/sdk/2.1.1/src/rp2_common/pico_double/double_aeabi_rp2040.S.obj
                0x10002574                __wrap___aeabi_dcmpgt
 .text.__wrap___aeabi_dcmpun
                0x1000257e       0x18 CMakeFiles/USB_DEVICE_AND_KEYBOARD.dir/C_/Users/Lindsay/.pico-sdk/sdk/2.1.1/src/rp2_common/pico_double/double_aeabi_rp2040.S.obj
                0x1000257e                __wrap___aeabi_dcmpun
 *fill*         0x10002596        0x2 
 .text.__wrap___aeabi_i2d
                0x10002598       0x38 CMakeFiles/USB_DEVICE_AND_KEYBOARD.dir/C_/Users/Lindsay/.pico-sdk/sdk/2.1.1/src/rp2_common/pico_double/double_aeabi_rp2040.S.obj
                0x10002598                uint2double
                0x10002598                __wrap___aeabi_ui2d
                0x100025a0                int2double
                0x100025a0                __wrap___aeabi_i2d
 .text.__wrap___aeabi_d2iz
                0x100025d0       0x48 CMakeFiles/USB_DEVICE_AND_KEYBOARD.dir/C_/Users/Lindsay/.pico-sdk/sdk/2.1.1/src/rp2_common/pico_double/double_aeabi_rp2040.S.obj
                0x100025d0                double2int_z
                0x100025d0                __wrap___aeabi_d2iz
 .text.__wrap___aeabi_d2uiz
                0x10002618       0x10 CMakeFiles/USB_DEVICE_AND_KEYBOARD.dir/C_/Users/Lindsay/.pico-sdk/sdk/2.1.1/src/rp2_common/pico_double/double_aeabi_rp2040.S.obj
                0x10002618                double2uint
                0x10002618                __wrap___aeabi_d2uiz
                0x10002618                double2uint_z
 .text.missing_double_func_shim
                0x10002628        0xc CMakeFiles/USB_DEVICE_AND_KEYBOARD.dir/C_/Users/Lindsay/.pico-sdk/sdk/2.1.1/src/rp2_common/pico_double/double_init_rom_rp2040.c.obj
 .text.__aeabi_double_init
                0x10002634       0xd0 CMakeFiles/USB_DEVICE_AND_KEYBOARD.dir/C_/Users/Lindsay/.pico-sdk/sdk/2.1.1/src/rp2_common/pico_double/double_init_rom_rp2040.c.obj
                0x10002634                __aeabi_double_init
 .text.double_table_shim_on_use_helper
                0x10002704       0x34 CMakeFiles/USB_DEVICE_AND_KEYBOARD.dir/C_/Users/Lindsay/.pico-sdk/sdk/2.1.1/src/rp2_common/pico_double/double_v1_rom_shim_rp2040.S.obj
                0x10002704                double_table_shim_on_use_helper
 .text.__aeabi_lmul
                0x10002738       0x32 CMakeFiles/USB_DEVICE_AND_KEYBOARD.dir/C_/Users/Lindsay/.pico-sdk/sdk/2.1.1/src/rp2_common/pico_int64_ops/pico_int64_ops_aeabi.S.obj
                0x10002738                __wrap___aeabi_lmul
 *fill*         0x1000276a        0x2 
 .text.__wrap___aeabi_farithmetic
                0x1000276c       0x48 CMakeFiles/USB_DEVICE_AND_KEYBOARD.dir/C_/Users/Lindsay/.pico-sdk/sdk/2.1.1/src/rp2_common/pico_float/float_aeabi_rp2040.S.obj
                0x1000276c                __wrap___aeabi_frsub
                0x10002772                __wrap___aeabi_fsub
                0x10002778                __wrap___aeabi_fadd
                0x1000277e                __wrap___aeabi_fdiv
                0x100027a6                __wrap___aeabi_fmul
 .text.__wrap___aeabi_ui2f
                0x100027b4        0xa CMakeFiles/USB_DEVICE_AND_KEYBOARD.dir/C_/Users/Lindsay/.pico-sdk/sdk/2.1.1/src/rp2_common/pico_float/float_aeabi_rp2040.S.obj
                0x100027b4                __wrap___aeabi_ui2f
                0x100027b4                uint2float
 *fill*         0x100027be        0x2 
 .text.__wrap___aeabi_i2f
                0x100027c0       0x44 CMakeFiles/USB_DEVICE_AND_KEYBOARD.dir/C_/Users/Lindsay/.pico-sdk/sdk/2.1.1/src/rp2_common/pico_float/float_aeabi_rp2040.S.obj
                0x100027c0                __wrap___aeabi_i2f
                0x100027c0                int2float
 .text.__wrap___aeabi_f2uiz
                0x10002804        0xc CMakeFiles/USB_DEVICE_AND_KEYBOARD.dir/C_/Users/Lindsay/.pico-sdk/sdk/2.1.1/src/rp2_common/pico_float/float_aeabi_rp2040.S.obj
                0x10002804                float2uint_z
                0x10002804                __wrap___aeabi_f2uiz
                0x10002804                float2uint
 .text.missing_float_func_shim
                0x10002810        0xc CMakeFiles/USB_DEVICE_AND_KEYBOARD.dir/C_/Users/Lindsay/.pico-sdk/sdk/2.1.1/src/rp2_common/pico_float/float_init_rom_rp2040.c.obj
 .text.__aeabi_float_init
                0x1000281c       0x88 CMakeFiles/USB_DEVICE_AND_KEYBOARD.dir/C_/Users/Lindsay/.pico-sdk/sdk/2.1.1/src/rp2_common/pico_float/float_init_rom_rp2040.c.obj
                0x1000281c                __aeabi_float_init
 .text.check_alloc
                0x100028a4       0x20 CMakeFiles/USB_DEVICE_AND_KEYBOARD.dir/C_/Users/Lindsay/.pico-sdk/sdk/2.1.1/src/rp2_common/pico_malloc/malloc.c.obj
 .text.__wrap_malloc
                0x100028c4       0x2c CMakeFiles/USB_DEVICE_AND_KEYBOARD.dir/C_/Users/Lindsay/.pico-sdk/sdk/2.1.1/src/rp2_common/pico_malloc/malloc.c.obj
                0x100028c4                __wrap_malloc
 .text.__wrap_calloc
                0x100028f0       0x30 CMakeFiles/USB_DEVICE_AND_KEYBOARD.dir/C_/Users/Lindsay/.pico-sdk/sdk/2.1.1/src/rp2_common/pico_malloc/malloc.c.obj
                0x100028f0                __wrap_calloc
 .text          0x10002920       0x10 CMakeFiles/USB_DEVICE_AND_KEYBOARD.dir/C_/Users/Lindsay/.pico-sdk/sdk/2.1.1/src/rp2_common/pico_mem_ops/mem_ops_aeabi.S.obj
                0x10002920                __aeabi_mem_init
 .text.memset   0x10002930        0xc CMakeFiles/USB_DEVICE_AND_KEYBOARD.dir/C_/Users/Lindsay/.pico-sdk/sdk/2.1.1/src/rp2_common/pico_mem_ops/mem_ops_aeabi.S.obj
                0x10002930                __wrap_memset
 .text.memcpy   0x1000293c        0xc CMakeFiles/USB_DEVICE_AND_KEYBOARD.dir/C_/Users/Lindsay/.pico-sdk/sdk/2.1.1/src/rp2_common/pico_mem_ops/mem_ops_aeabi.S.obj
                0x1000293c                __wrap_memcpy
                0x1000293c                __wrap___aeabi_memcpy
 .text._out_buffer
                0x10002948        0x8 CMakeFiles/USB_DEVICE_AND_KEYBOARD.dir/C_/Users/Lindsay/.pico-sdk/sdk/2.1.1/src/rp2_common/pico_printf/printf.c.obj
 .text._out_null
                0x10002950        0x2 CMakeFiles/USB_DEVICE_AND_KEYBOARD.dir/C_/Users/Lindsay/.pico-sdk/sdk/2.1.1/src/rp2_common/pico_printf/printf.c.obj
 .text._out_fct
                0x10002952        0xe CMakeFiles/USB_DEVICE_AND_KEYBOARD.dir/C_/Users/Lindsay/.pico-sdk/sdk/2.1.1/src/rp2_common/pico_printf/printf.c.obj
 .text._atoi    0x10002960       0x24 CMakeFiles/USB_DEVICE_AND_KEYBOARD.dir/C_/Users/Lindsay/.pico-sdk/sdk/2.1.1/src/rp2_common/pico_printf/printf.c.obj
 .text._out_rev
                0x10002984       0xb0 CMakeFiles/USB_DEVICE_AND_KEYBOARD.dir/C_/Users/Lindsay/.pico-sdk/sdk/2.1.1/src/rp2_common/pico_printf/printf.c.obj
 .text._ntoa_format
                0x10002a34      0x10e CMakeFiles/USB_DEVICE_AND_KEYBOARD.dir/C_/Users/Lindsay/.pico-sdk/sdk/2.1.1/src/rp2_common/pico_printf/printf.c.obj
 .text._ntoa_long
                0x10002b42       0xbc CMakeFiles/USB_DEVICE_AND_KEYBOARD.dir/C_/Users/Lindsay/.pico-sdk/sdk/2.1.1/src/rp2_common/pico_printf/printf.c.obj
 .text._ntoa_long_long
                0x10002bfe      0x10e CMakeFiles/USB_DEVICE_AND_KEYBOARD.dir/C_/Users/Lindsay/.pico-sdk/sdk/2.1.1/src/rp2_common/pico_printf/printf.c.obj
 .text._etoa    0x10002d0c      0x424 CMakeFiles/USB_DEVICE_AND_KEYBOARD.dir/C_/Users/Lindsay/.pico-sdk/sdk/2.1.1/src/rp2_common/pico_printf/printf.c.obj
 .text._ftoa    0x10003130      0x348 CMakeFiles/USB_DEVICE_AND_KEYBOARD.dir/C_/Users/Lindsay/.pico-sdk/sdk/2.1.1/src/rp2_common/pico_printf/printf.c.obj
 .text._vsnprintf
                0x10003478      0x6a4 CMakeFiles/USB_DEVICE_AND_KEYBOARD.dir/C_/Users/Lindsay/.pico-sdk/sdk/2.1.1/src/rp2_common/pico_printf/printf.c.obj
 .text.__wrap_sprintf
                0x10003b1c       0x2c CMakeFiles/USB_DEVICE_AND_KEYBOARD.dir/C_/Users/Lindsay/.pico-sdk/sdk/2.1.1/src/rp2_common/pico_printf/printf.c.obj
                0x10003b1c                __wrap_sprintf
 .text.vfctprintf
                0x10003b48       0x24 CMakeFiles/USB_DEVICE_AND_KEYBOARD.dir/C_/Users/Lindsay/.pico-sdk/sdk/2.1.1/src/rp2_common/pico_printf/printf.c.obj
                0x10003b48                vfctprintf
 .text._exit    0x10003b6c        0x4 CMakeFiles/USB_DEVICE_AND_KEYBOARD.dir/C_/Users/Lindsay/.pico-sdk/sdk/2.1.1/src/rp2_common/pico_clib_interface/newlib_interface.c.obj
                0x10003b6c                _exit
 .text._sbrk    0x10003b70       0x38 CMakeFiles/USB_DEVICE_AND_KEYBOARD.dir/C_/Users/Lindsay/.pico-sdk/sdk/2.1.1/src/rp2_common/pico_clib_interface/newlib_interface.c.obj
                0x10003b70                _sbrk
 .text.exit     0x10003ba8        0x6 CMakeFiles/USB_DEVICE_AND_KEYBOARD.dir/C_/Users/Lindsay/.pico-sdk/sdk/2.1.1/src/rp2_common/pico_clib_interface/newlib_interface.c.obj
                0x10003ba8                exit
 *fill*         0x10003bae        0x2 
 .text.__assert_func
                0x10003bb0       0x38 CMakeFiles/USB_DEVICE_AND_KEYBOARD.dir/C_/Users/Lindsay/.pico-sdk/sdk/2.1.1/src/rp2_common/pico_clib_interface/newlib_interface.c.obj
                0x10003bb0                __assert_func
 .text.runtime_init
                0x10003be8       0x28 CMakeFiles/USB_DEVICE_AND_KEYBOARD.dir/C_/Users/Lindsay/.pico-sdk/sdk/2.1.1/src/rp2_common/pico_clib_interface/newlib_interface.c.obj
                0x10003be8                runtime_init
 .text.stdio_out_chars_no_crlf
                0x10003c10        0xe CMakeFiles/USB_DEVICE_AND_KEYBOARD.dir/C_/Users/Lindsay/.pico-sdk/sdk/2.1.1/src/rp2_common/pico_stdio/stdio.c.obj
 *fill*         0x10003c1e        0x2 
 .text.stdio_out_chars_crlf
                0x10003c20       0x80 CMakeFiles/USB_DEVICE_AND_KEYBOARD.dir/C_/Users/Lindsay/.pico-sdk/sdk/2.1.1/src/rp2_common/pico_stdio/stdio.c.obj
 .text.stdio_stack_buffer_flush
                0x10003ca0       0x44 CMakeFiles/USB_DEVICE_AND_KEYBOARD.dir/C_/Users/Lindsay/.pico-sdk/sdk/2.1.1/src/rp2_common/pico_stdio/stdio.c.obj
 .text.stdio_buffered_printer
                0x10003ce4       0x20 CMakeFiles/USB_DEVICE_AND_KEYBOARD.dir/C_/Users/Lindsay/.pico-sdk/sdk/2.1.1/src/rp2_common/pico_stdio/stdio.c.obj
 .text.stdout_serialize_begin
                0x10003d04       0x30 CMakeFiles/USB_DEVICE_AND_KEYBOARD.dir/C_/Users/Lindsay/.pico-sdk/sdk/2.1.1/src/rp2_common/pico_stdio/stdio.c.obj
                0x10003d04                stdout_serialize_begin
 .text.stdout_serialize_end
                0x10003d34       0x10 CMakeFiles/USB_DEVICE_AND_KEYBOARD.dir/C_/Users/Lindsay/.pico-sdk/sdk/2.1.1/src/rp2_common/pico_stdio/stdio.c.obj
                0x10003d34                stdout_serialize_end
 .text.stdio_put_string
                0x10003d44       0x94 CMakeFiles/USB_DEVICE_AND_KEYBOARD.dir/C_/Users/Lindsay/.pico-sdk/sdk/2.1.1/src/rp2_common/pico_stdio/stdio.c.obj
                0x10003d44                stdio_put_string
 .text.stdio_flush
                0x10003dd8       0x20 CMakeFiles/USB_DEVICE_AND_KEYBOARD.dir/C_/Users/Lindsay/.pico-sdk/sdk/2.1.1/src/rp2_common/pico_stdio/stdio.c.obj
                0x10003dd8                stdio_flush
 .text.__wrap_puts
                0x10003df8       0x1e CMakeFiles/USB_DEVICE_AND_KEYBOARD.dir/C_/Users/Lindsay/.pico-sdk/sdk/2.1.1/src/rp2_common/pico_stdio/stdio.c.obj
                0x10003df8                stdio_puts
                0x10003df8                __wrap_puts
 *fill*         0x10003e16        0x2 
 .text.__wrap_vprintf
                0x10003e18       0x40 CMakeFiles/USB_DEVICE_AND_KEYBOARD.dir/C_/Users/Lindsay/.pico-sdk/sdk/2.1.1/src/rp2_common/pico_stdio/stdio.c.obj
                0x10003e18                stdio_vprintf
                0x10003e18                __wrap_vprintf
 .text.__wrap_printf
                0x10003e58       0x18 CMakeFiles/USB_DEVICE_AND_KEYBOARD.dir/C_/Users/Lindsay/.pico-sdk/sdk/2.1.1/src/rp2_common/pico_stdio/stdio.c.obj
                0x10003e58                __wrap_printf
                0x10003e58                stdio_printf
 .text.pio_usb_bus_init
                0x10003e70      0x1bc CMakeFiles/USB_DEVICE_AND_KEYBOARD.dir/Pico-PIO-USB/src/pio_usb.c.obj
                0x10003e70                pio_usb_bus_init
 .text.pio_usb_host_init
                0x1000402c      0x1e8 CMakeFiles/USB_DEVICE_AND_KEYBOARD.dir/Pico-PIO-USB/src/pio_usb_host.c.obj
                0x1000402c                pio_usb_host_init
 .text.pio_usb_host_port_reset_start
                0x10004214       0x40 CMakeFiles/USB_DEVICE_AND_KEYBOARD.dir/Pico-PIO-USB/src/pio_usb_host.c.obj
                0x10004214                pio_usb_host_port_reset_start
 .text.pio_usb_host_port_reset_end
                0x10004254       0x48 CMakeFiles/USB_DEVICE_AND_KEYBOARD.dir/Pico-PIO-USB/src/pio_usb_host.c.obj
                0x10004254                pio_usb_host_port_reset_end
 .text.pio_usb_host_close_device
                0x1000429c       0x38 CMakeFiles/USB_DEVICE_AND_KEYBOARD.dir/Pico-PIO-USB/src/pio_usb_host.c.obj
                0x1000429c                pio_usb_host_close_device
 .text.pio_usb_host_endpoint_open
                0x100042d4       0xb8 CMakeFiles/USB_DEVICE_AND_KEYBOARD.dir/Pico-PIO-USB/src/pio_usb_host.c.obj
                0x100042d4                pio_usb_host_endpoint_open
 .text.pio_usb_host_send_setup
                0x1000438c       0x60 CMakeFiles/USB_DEVICE_AND_KEYBOARD.dir/Pico-PIO-USB/src/pio_usb_host.c.obj
                0x1000438c                pio_usb_host_send_setup
 .text.pio_usb_host_endpoint_transfer
                0x100043ec       0x90 CMakeFiles/USB_DEVICE_AND_KEYBOARD.dir/Pico-PIO-USB/src/pio_usb_host.c.obj
                0x100043ec                pio_usb_host_endpoint_transfer
 .text.pio_usb_host_endpoint_abort_transfer
                0x1000447c       0xb4 CMakeFiles/USB_DEVICE_AND_KEYBOARD.dir/Pico-PIO-USB/src/pio_usb_host.c.obj
                0x1000447c                pio_usb_host_endpoint_abort_transfer
 .text.calc_usb_crc16
                0x10004530       0x30 CMakeFiles/USB_DEVICE_AND_KEYBOARD.dir/Pico-PIO-USB/src/usb_crc.c.obj
                0x10004530                calc_usb_crc16
 .text.core1_trampoline
                0x10004560        0x2 CMakeFiles/USB_DEVICE_AND_KEYBOARD.dir/C_/Users/Lindsay/.pico-sdk/sdk/2.1.1/src/rp2_common/pico_multicore/multicore.c.obj
 .text.core1_wrapper
                0x10004562        0xc CMakeFiles/USB_DEVICE_AND_KEYBOARD.dir/C_/Users/Lindsay/.pico-sdk/sdk/2.1.1/src/rp2_common/pico_multicore/multicore.c.obj
                0x10004562                core1_wrapper
 .text.multicore_fifo_push_blocking
                0x1000456e       0x14 CMakeFiles/USB_DEVICE_AND_KEYBOARD.dir/C_/Users/Lindsay/.pico-sdk/sdk/2.1.1/src/rp2_common/pico_multicore/multicore.c.obj
                0x1000456e                multicore_fifo_push_blocking
 .text.multicore_fifo_pop_blocking
                0x10004582       0x16 CMakeFiles/USB_DEVICE_AND_KEYBOARD.dir/C_/Users/Lindsay/.pico-sdk/sdk/2.1.1/src/rp2_common/pico_multicore/multicore.c.obj
                0x10004582                multicore_fifo_pop_blocking
 .text.multicore_reset_core1
                0x10004598       0x6c CMakeFiles/USB_DEVICE_AND_KEYBOARD.dir/C_/Users/Lindsay/.pico-sdk/sdk/2.1.1/src/rp2_common/pico_multicore/multicore.c.obj
                0x10004598                multicore_reset_core1
 .text.multicore_launch_core1_raw
                0x10004604       0x70 CMakeFiles/USB_DEVICE_AND_KEYBOARD.dir/C_/Users/Lindsay/.pico-sdk/sdk/2.1.1/src/rp2_common/pico_multicore/multicore.c.obj
                0x10004604                multicore_launch_core1_raw
 .text.multicore_launch_core1_with_stack
                0x10004674       0x50 CMakeFiles/USB_DEVICE_AND_KEYBOARD.dir/C_/Users/Lindsay/.pico-sdk/sdk/2.1.1/src/rp2_common/pico_multicore/multicore.c.obj
                0x10004674                multicore_launch_core1_with_stack
 .text.multicore_launch_core1
                0x100046c4       0x24 CMakeFiles/USB_DEVICE_AND_KEYBOARD.dir/C_/Users/Lindsay/.pico-sdk/sdk/2.1.1/src/rp2_common/pico_multicore/multicore.c.obj
                0x100046c4                multicore_launch_core1
 .text.pio_get_default_sm_config
                0x100046e8       0x28 CMakeFiles/USB_DEVICE_AND_KEYBOARD.dir/C_/Users/Lindsay/.pico-sdk/sdk/2.1.1/src/rp2_common/hardware_pio/pio.c.obj
 .text.is_program_gpio_compatible
                0x10004710        0x4 CMakeFiles/USB_DEVICE_AND_KEYBOARD.dir/C_/Users/Lindsay/.pico-sdk/sdk/2.1.1/src/rp2_common/hardware_pio/pio.c.obj
 .text.add_program_at_offset_check
                0x10004714       0x64 CMakeFiles/USB_DEVICE_AND_KEYBOARD.dir/C_/Users/Lindsay/.pico-sdk/sdk/2.1.1/src/rp2_common/hardware_pio/pio.c.obj
 .text.add_program_at_offset
                0x10004778       0x60 CMakeFiles/USB_DEVICE_AND_KEYBOARD.dir/C_/Users/Lindsay/.pico-sdk/sdk/2.1.1/src/rp2_common/hardware_pio/pio.c.obj
 .text.find_offset_for_program
                0x100047d8       0x7c CMakeFiles/USB_DEVICE_AND_KEYBOARD.dir/C_/Users/Lindsay/.pico-sdk/sdk/2.1.1/src/rp2_common/hardware_pio/pio.c.obj
 .text.pio_sm_claim
                0x10004854       0x30 CMakeFiles/USB_DEVICE_AND_KEYBOARD.dir/C_/Users/Lindsay/.pico-sdk/sdk/2.1.1/src/rp2_common/hardware_pio/pio.c.obj
                0x10004854                pio_sm_claim
 .text.pio_add_program
                0x10004884       0x30 CMakeFiles/USB_DEVICE_AND_KEYBOARD.dir/C_/Users/Lindsay/.pico-sdk/sdk/2.1.1/src/rp2_common/hardware_pio/pio.c.obj
                0x10004884                pio_add_program
 .text.pio_add_program_at_offset
                0x100048b4       0x24 CMakeFiles/USB_DEVICE_AND_KEYBOARD.dir/C_/Users/Lindsay/.pico-sdk/sdk/2.1.1/src/rp2_common/hardware_pio/pio.c.obj
                0x100048b4                pio_add_program_at_offset
 .text.pio_sm_set_pins_with_mask
                0x100048d8       0x9c CMakeFiles/USB_DEVICE_AND_KEYBOARD.dir/C_/Users/Lindsay/.pico-sdk/sdk/2.1.1/src/rp2_common/hardware_pio/pio.c.obj
                0x100048d8                pio_sm_set_pins_with_mask
 .text.pio_sm_set_pins_with_mask64
                0x10004974        0xa CMakeFiles/USB_DEVICE_AND_KEYBOARD.dir/C_/Users/Lindsay/.pico-sdk/sdk/2.1.1/src/rp2_common/hardware_pio/pio.c.obj
                0x10004974                pio_sm_set_pins_with_mask64
 *fill*         0x1000497e        0x2 
 .text.pio_sm_set_pindirs_with_mask
                0x10004980       0xa0 CMakeFiles/USB_DEVICE_AND_KEYBOARD.dir/C_/Users/Lindsay/.pico-sdk/sdk/2.1.1/src/rp2_common/hardware_pio/pio.c.obj
                0x10004980                pio_sm_set_pindirs_with_mask
 .text.pio_sm_set_pindirs_with_mask64
                0x10004a20        0xa CMakeFiles/USB_DEVICE_AND_KEYBOARD.dir/C_/Users/Lindsay/.pico-sdk/sdk/2.1.1/src/rp2_common/hardware_pio/pio.c.obj
                0x10004a20                pio_sm_set_pindirs_with_mask64
 *fill*         0x10004a2a        0x2 
 .text.pio_sm_set_consecutive_pindirs
                0x10004a2c       0xb4 CMakeFiles/USB_DEVICE_AND_KEYBOARD.dir/C_/Users/Lindsay/.pico-sdk/sdk/2.1.1/src/rp2_common/hardware_pio/pio.c.obj
                0x10004a2c                pio_sm_set_consecutive_pindirs
 .text.pio_sm_init
                0x10004ae0       0xb4 CMakeFiles/USB_DEVICE_AND_KEYBOARD.dir/C_/Users/Lindsay/.pico-sdk/sdk/2.1.1/src/rp2_common/hardware_pio/pio.c.obj
                0x10004ae0                pio_sm_init
 .text.dma_channel_claim
                0x10004b94       0x18 CMakeFiles/USB_DEVICE_AND_KEYBOARD.dir/C_/Users/Lindsay/.pico-sdk/sdk/2.1.1/src/rp2_common/hardware_dma/dma.c.obj
                0x10004b94                dma_channel_claim
 .text.dma_claim_mask
                0x10004bac       0x1e CMakeFiles/USB_DEVICE_AND_KEYBOARD.dir/C_/Users/Lindsay/.pico-sdk/sdk/2.1.1/src/rp2_common/hardware_dma/dma.c.obj
                0x10004bac                dma_claim_mask
 *fill*         0x10004bca        0x2 
 .text.hw_endpoint_init
                0x10004bcc       0xc0 CMakeFiles/USB_DEVICE_AND_KEYBOARD.dir/C_/Users/Lindsay/.pico-sdk/sdk/2.1.1/lib/tinyusb/src/portable/raspberrypi/rp2040/dcd_rp2040.c.obj
 .text.hw_endpoint_alloc
                0x10004c8c       0x48 CMakeFiles/USB_DEVICE_AND_KEYBOARD.dir/C_/Users/Lindsay/.pico-sdk/sdk/2.1.1/lib/tinyusb/src/portable/raspberrypi/rp2040/dcd_rp2040.c.obj
 .text.hw_endpoint_open
                0x10004cd4       0x50 CMakeFiles/USB_DEVICE_AND_KEYBOARD.dir/C_/Users/Lindsay/.pico-sdk/sdk/2.1.1/lib/tinyusb/src/portable/raspberrypi/rp2040/dcd_rp2040.c.obj
 .text.hw_endpoint_xfer
                0x10004d24       0x20 CMakeFiles/USB_DEVICE_AND_KEYBOARD.dir/C_/Users/Lindsay/.pico-sdk/sdk/2.1.1/lib/tinyusb/src/portable/raspberrypi/rp2040/dcd_rp2040.c.obj
 .text.dcd_int_enable
                0x10004d44       0x2c CMakeFiles/USB_DEVICE_AND_KEYBOARD.dir/C_/Users/Lindsay/.pico-sdk/sdk/2.1.1/lib/tinyusb/src/portable/raspberrypi/rp2040/dcd_rp2040.c.obj
                0x10004d44                dcd_int_enable
 .text.dcd_set_address
                0x10004d70       0x2c CMakeFiles/USB_DEVICE_AND_KEYBOARD.dir/C_/Users/Lindsay/.pico-sdk/sdk/2.1.1/lib/tinyusb/src/portable/raspberrypi/rp2040/dcd_rp2040.c.obj
                0x10004d70                dcd_set_address
 .text.dcd_connect
                0x10004d9c       0x10 CMakeFiles/USB_DEVICE_AND_KEYBOARD.dir/C_/Users/Lindsay/.pico-sdk/sdk/2.1.1/lib/tinyusb/src/portable/raspberrypi/rp2040/dcd_rp2040.c.obj
                0x10004d9c                dcd_connect
 .text.dcd_init
                0x10004dac       0x80 CMakeFiles/USB_DEVICE_AND_KEYBOARD.dir/C_/Users/Lindsay/.pico-sdk/sdk/2.1.1/lib/tinyusb/src/portable/raspberrypi/rp2040/dcd_rp2040.c.obj
                0x10004dac                dcd_init
 .text.dcd_sof_enable
                0x10004e2c       0x1c CMakeFiles/USB_DEVICE_AND_KEYBOARD.dir/C_/Users/Lindsay/.pico-sdk/sdk/2.1.1/lib/tinyusb/src/portable/raspberrypi/rp2040/dcd_rp2040.c.obj
                0x10004e2c                dcd_sof_enable
 .text.dcd_edpt0_status_complete
                0x10004e48       0x1c CMakeFiles/USB_DEVICE_AND_KEYBOARD.dir/C_/Users/Lindsay/.pico-sdk/sdk/2.1.1/lib/tinyusb/src/portable/raspberrypi/rp2040/dcd_rp2040.c.obj
                0x10004e48                dcd_edpt0_status_complete
 .text.dcd_edpt_open
                0x10004e64       0x26 CMakeFiles/USB_DEVICE_AND_KEYBOARD.dir/C_/Users/Lindsay/.pico-sdk/sdk/2.1.1/lib/tinyusb/src/portable/raspberrypi/rp2040/dcd_rp2040.c.obj
                0x10004e64                dcd_edpt_open
 .text.dcd_edpt_close_all
                0x10004e8a        0x8 CMakeFiles/USB_DEVICE_AND_KEYBOARD.dir/C_/Users/Lindsay/.pico-sdk/sdk/2.1.1/lib/tinyusb/src/portable/raspberrypi/rp2040/dcd_rp2040.c.obj
                0x10004e8a                dcd_edpt_close_all
 *fill*         0x10004e92        0x2 
 .text.dcd_edpt_xfer
                0x10004e94       0x30 CMakeFiles/USB_DEVICE_AND_KEYBOARD.dir/C_/Users/Lindsay/.pico-sdk/sdk/2.1.1/lib/tinyusb/src/portable/raspberrypi/rp2040/dcd_rp2040.c.obj
                0x10004e94                dcd_edpt_xfer
 .text.dcd_edpt_stall
                0x10004ec4       0x3c CMakeFiles/USB_DEVICE_AND_KEYBOARD.dir/C_/Users/Lindsay/.pico-sdk/sdk/2.1.1/lib/tinyusb/src/portable/raspberrypi/rp2040/dcd_rp2040.c.obj
                0x10004ec4                dcd_edpt_stall
 .text.dcd_edpt_clear_stall
                0x10004f00       0x30 CMakeFiles/USB_DEVICE_AND_KEYBOARD.dir/C_/Users/Lindsay/.pico-sdk/sdk/2.1.1/lib/tinyusb/src/portable/raspberrypi/rp2040/dcd_rp2040.c.obj
                0x10004f00                dcd_edpt_clear_stall
 .text.unaligned_memcpy
                0x10004f30       0x14 CMakeFiles/USB_DEVICE_AND_KEYBOARD.dir/C_/Users/Lindsay/.pico-sdk/sdk/2.1.1/lib/tinyusb/src/portable/raspberrypi/rp2040/rp2040_usb.c.obj
 .text.rp2040_usb_init
                0x10004f44       0x44 CMakeFiles/USB_DEVICE_AND_KEYBOARD.dir/C_/Users/Lindsay/.pico-sdk/sdk/2.1.1/lib/tinyusb/src/portable/raspberrypi/rp2040/rp2040_usb.c.obj
                0x10004f44                rp2040_usb_init
 .text.hw_endpoint_xfer_start
                0x10004f88       0x60 CMakeFiles/USB_DEVICE_AND_KEYBOARD.dir/C_/Users/Lindsay/.pico-sdk/sdk/2.1.1/lib/tinyusb/src/portable/raspberrypi/rp2040/rp2040_usb.c.obj
                0x10004f88                hw_endpoint_xfer_start
 .text.tud_vendor_control_xfer_cb
                0x10004fe8        0x4 CMakeFiles/USB_DEVICE_AND_KEYBOARD.dir/C_/Users/Lindsay/.pico-sdk/sdk/2.1.1/lib/tinyusb/src/device/usbd.c.obj
                0x10004fe8                tud_vendor_control_xfer_cb
 .text.configuration_reset
                0x10004fec       0x84 CMakeFiles/USB_DEVICE_AND_KEYBOARD.dir/C_/Users/Lindsay/.pico-sdk/sdk/2.1.1/lib/tinyusb/src/device/usbd.c.obj
 .text.critical_section_enter_blocking
                0x10005070       0x16 CMakeFiles/USB_DEVICE_AND_KEYBOARD.dir/C_/Users/Lindsay/.pico-sdk/sdk/2.1.1/lib/tinyusb/src/device/usbd.c.obj
 .text.usbd_reset
                0x10005086        0xc CMakeFiles/USB_DEVICE_AND_KEYBOARD.dir/C_/Users/Lindsay/.pico-sdk/sdk/2.1.1/lib/tinyusb/src/device/usbd.c.obj
 .text.invoke_class_control
                0x10005092       0x1a CMakeFiles/USB_DEVICE_AND_KEYBOARD.dir/C_/Users/Lindsay/.pico-sdk/sdk/2.1.1/lib/tinyusb/src/device/usbd.c.obj
 .text.process_set_config
                0x100050ac      0x1b0 CMakeFiles/USB_DEVICE_AND_KEYBOARD.dir/C_/Users/Lindsay/.pico-sdk/sdk/2.1.1/lib/tinyusb/src/device/usbd.c.obj
 .text.tud_event_hook_cb
                0x1000525c        0x2 CMakeFiles/USB_DEVICE_AND_KEYBOARD.dir/C_/Users/Lindsay/.pico-sdk/sdk/2.1.1/lib/tinyusb/src/device/usbd.c.obj
                0x1000525c                tud_event_hook_cb
 .text.tud_sof_cb
                0x1000525e        0x2 CMakeFiles/USB_DEVICE_AND_KEYBOARD.dir/C_/Users/Lindsay/.pico-sdk/sdk/2.1.1/lib/tinyusb/src/device/usbd.c.obj
                0x1000525e                tud_sof_cb
 .text.tud_descriptor_bos_cb
                0x10005260        0x4 CMakeFiles/USB_DEVICE_AND_KEYBOARD.dir/C_/Users/Lindsay/.pico-sdk/sdk/2.1.1/lib/tinyusb/src/device/usbd.c.obj
                0x10005260                tud_descriptor_bos_cb
 .text.tud_descriptor_device_qualifier_cb
                0x10005264        0x4 CMakeFiles/USB_DEVICE_AND_KEYBOARD.dir/C_/Users/Lindsay/.pico-sdk/sdk/2.1.1/lib/tinyusb/src/device/usbd.c.obj
                0x10005264                tud_descriptor_device_qualifier_cb
 .text.tud_descriptor_other_speed_configuration_cb
                0x10005268        0x4 CMakeFiles/USB_DEVICE_AND_KEYBOARD.dir/C_/Users/Lindsay/.pico-sdk/sdk/2.1.1/lib/tinyusb/src/device/usbd.c.obj
                0x10005268                tud_descriptor_other_speed_configuration_cb
 .text.process_get_descriptor
                0x1000526c       0xe0 CMakeFiles/USB_DEVICE_AND_KEYBOARD.dir/C_/Users/Lindsay/.pico-sdk/sdk/2.1.1/lib/tinyusb/src/device/usbd.c.obj
 .text.tud_mount_cb
                0x1000534c        0x2 CMakeFiles/USB_DEVICE_AND_KEYBOARD.dir/C_/Users/Lindsay/.pico-sdk/sdk/2.1.1/lib/tinyusb/src/device/usbd.c.obj
                0x1000534c                tud_mount_cb
 .text.tud_umount_cb
                0x1000534e        0x2 CMakeFiles/USB_DEVICE_AND_KEYBOARD.dir/C_/Users/Lindsay/.pico-sdk/sdk/2.1.1/lib/tinyusb/src/device/usbd.c.obj
                0x1000534e                tud_umount_cb
 .text.tud_suspend_cb
                0x10005350        0x2 CMakeFiles/USB_DEVICE_AND_KEYBOARD.dir/C_/Users/Lindsay/.pico-sdk/sdk/2.1.1/lib/tinyusb/src/device/usbd.c.obj
                0x10005350                tud_suspend_cb
 .text.tud_resume_cb
                0x10005352        0x2 CMakeFiles/USB_DEVICE_AND_KEYBOARD.dir/C_/Users/Lindsay/.pico-sdk/sdk/2.1.1/lib/tinyusb/src/device/usbd.c.obj
                0x10005352                tud_resume_cb
 .text.tud_mounted
                0x10005354       0x10 CMakeFiles/USB_DEVICE_AND_KEYBOARD.dir/C_/Users/Lindsay/.pico-sdk/sdk/2.1.1/lib/tinyusb/src/device/usbd.c.obj
                0x10005354                tud_mounted
 .text.tud_suspended
                0x10005364       0x10 CMakeFiles/USB_DEVICE_AND_KEYBOARD.dir/C_/Users/Lindsay/.pico-sdk/sdk/2.1.1/lib/tinyusb/src/device/usbd.c.obj
                0x10005364                tud_suspended
 .text.tud_inited
                0x10005374       0x14 CMakeFiles/USB_DEVICE_AND_KEYBOARD.dir/C_/Users/Lindsay/.pico-sdk/sdk/2.1.1/lib/tinyusb/src/device/usbd.c.obj
                0x10005374                tud_inited
 .text.tud_rhport_init
                0x10005388      0x100 CMakeFiles/USB_DEVICE_AND_KEYBOARD.dir/C_/Users/Lindsay/.pico-sdk/sdk/2.1.1/lib/tinyusb/src/device/usbd.c.obj
                0x10005388                tud_rhport_init
 .text.usbd_edpt_open
                0x10005488       0x60 CMakeFiles/USB_DEVICE_AND_KEYBOARD.dir/C_/Users/Lindsay/.pico-sdk/sdk/2.1.1/lib/tinyusb/src/device/usbd.c.obj
                0x10005488                usbd_edpt_open
 .text.usbd_open_edpt_pair
                0x100054e8       0x88 CMakeFiles/USB_DEVICE_AND_KEYBOARD.dir/C_/Users/Lindsay/.pico-sdk/sdk/2.1.1/lib/tinyusb/src/device/usbd.c.obj
                0x100054e8                usbd_open_edpt_pair
 .text.usbd_edpt_claim
                0x10005570       0x28 CMakeFiles/USB_DEVICE_AND_KEYBOARD.dir/C_/Users/Lindsay/.pico-sdk/sdk/2.1.1/lib/tinyusb/src/device/usbd.c.obj
                0x10005570                usbd_edpt_claim
 .text.usbd_edpt_release
                0x10005598       0x28 CMakeFiles/USB_DEVICE_AND_KEYBOARD.dir/C_/Users/Lindsay/.pico-sdk/sdk/2.1.1/lib/tinyusb/src/device/usbd.c.obj
                0x10005598                usbd_edpt_release
 .text.usbd_edpt_xfer
                0x100055c0       0x88 CMakeFiles/USB_DEVICE_AND_KEYBOARD.dir/C_/Users/Lindsay/.pico-sdk/sdk/2.1.1/lib/tinyusb/src/device/usbd.c.obj
                0x100055c0                usbd_edpt_xfer
 .text.usbd_edpt_stall
                0x10005648       0x34 CMakeFiles/USB_DEVICE_AND_KEYBOARD.dir/C_/Users/Lindsay/.pico-sdk/sdk/2.1.1/lib/tinyusb/src/device/usbd.c.obj
                0x10005648                usbd_edpt_stall
 .text.usbd_edpt_clear_stall
                0x1000567c       0x34 CMakeFiles/USB_DEVICE_AND_KEYBOARD.dir/C_/Users/Lindsay/.pico-sdk/sdk/2.1.1/lib/tinyusb/src/device/usbd.c.obj
                0x1000567c                usbd_edpt_clear_stall
 .text.usbd_edpt_stalled
                0x100056b0       0x1c CMakeFiles/USB_DEVICE_AND_KEYBOARD.dir/C_/Users/Lindsay/.pico-sdk/sdk/2.1.1/lib/tinyusb/src/device/usbd.c.obj
                0x100056b0                usbd_edpt_stalled
 .text.process_control_request
                0x100056cc      0x384 CMakeFiles/USB_DEVICE_AND_KEYBOARD.dir/C_/Users/Lindsay/.pico-sdk/sdk/2.1.1/lib/tinyusb/src/device/usbd.c.obj
 .text.tud_task_ext
                0x10005a50      0x1c4 CMakeFiles/USB_DEVICE_AND_KEYBOARD.dir/C_/Users/Lindsay/.pico-sdk/sdk/2.1.1/lib/tinyusb/src/device/usbd.c.obj
                0x10005a50                tud_task_ext
 .text.status_stage_xact
                0x10005c14       0x1a CMakeFiles/USB_DEVICE_AND_KEYBOARD.dir/C_/Users/Lindsay/.pico-sdk/sdk/2.1.1/lib/tinyusb/src/device/usbd_control.c.obj
 *fill*         0x10005c2e        0x2 
 .text.data_stage_xact
                0x10005c30       0x60 CMakeFiles/USB_DEVICE_AND_KEYBOARD.dir/C_/Users/Lindsay/.pico-sdk/sdk/2.1.1/lib/tinyusb/src/device/usbd_control.c.obj
 .text.tud_control_status
                0x10005c90       0x28 CMakeFiles/USB_DEVICE_AND_KEYBOARD.dir/C_/Users/Lindsay/.pico-sdk/sdk/2.1.1/lib/tinyusb/src/device/usbd_control.c.obj
                0x10005c90                tud_control_status
 .text.tud_control_xfer
                0x10005cb8       0x98 CMakeFiles/USB_DEVICE_AND_KEYBOARD.dir/C_/Users/Lindsay/.pico-sdk/sdk/2.1.1/lib/tinyusb/src/device/usbd_control.c.obj
                0x10005cb8                tud_control_xfer
 .text.usbd_control_reset
                0x10005d50       0x14 CMakeFiles/USB_DEVICE_AND_KEYBOARD.dir/C_/Users/Lindsay/.pico-sdk/sdk/2.1.1/lib/tinyusb/src/device/usbd_control.c.obj
                0x10005d50                usbd_control_reset
 .text.usbd_control_set_complete_callback
                0x10005d64        0xc CMakeFiles/USB_DEVICE_AND_KEYBOARD.dir/C_/Users/Lindsay/.pico-sdk/sdk/2.1.1/lib/tinyusb/src/device/usbd_control.c.obj
                0x10005d64                usbd_control_set_complete_callback
 .text.usbd_control_set_request
                0x10005d70       0x1c CMakeFiles/USB_DEVICE_AND_KEYBOARD.dir/C_/Users/Lindsay/.pico-sdk/sdk/2.1.1/lib/tinyusb/src/device/usbd_control.c.obj
                0x10005d70                usbd_control_set_request
 .text.usbd_control_xfer_cb
                0x10005d8c       0xe0 CMakeFiles/USB_DEVICE_AND_KEYBOARD.dir/C_/Users/Lindsay/.pico-sdk/sdk/2.1.1/lib/tinyusb/src/device/usbd_control.c.obj
                0x10005d8c                usbd_control_xfer_cb
 .text._prep_out_transaction
                0x10005e6c       0xb4 CMakeFiles/USB_DEVICE_AND_KEYBOARD.dir/C_/Users/Lindsay/.pico-sdk/sdk/2.1.1/lib/tinyusb/src/class/cdc/cdc_device.c.obj
 .text.tud_cdc_n_read
                0x10005f20       0x3c CMakeFiles/USB_DEVICE_AND_KEYBOARD.dir/C_/Users/Lindsay/.pico-sdk/sdk/2.1.1/lib/tinyusb/src/class/cdc/cdc_device.c.obj
                0x10005f20                tud_cdc_n_read
 .text.tud_cdc_n_write_flush
                0x10005f5c       0xc8 CMakeFiles/USB_DEVICE_AND_KEYBOARD.dir/C_/Users/Lindsay/.pico-sdk/sdk/2.1.1/lib/tinyusb/src/class/cdc/cdc_device.c.obj
                0x10005f5c                tud_cdc_n_write_flush
 .text.tud_cdc_n_write
                0x10006024       0x4c CMakeFiles/USB_DEVICE_AND_KEYBOARD.dir/C_/Users/Lindsay/.pico-sdk/sdk/2.1.1/lib/tinyusb/src/class/cdc/cdc_device.c.obj
                0x10006024                tud_cdc_n_write
 .text.cdcd_init
                0x10006070       0xdc CMakeFiles/USB_DEVICE_AND_KEYBOARD.dir/C_/Users/Lindsay/.pico-sdk/sdk/2.1.1/lib/tinyusb/src/class/cdc/cdc_device.c.obj
                0x10006070                cdcd_init
 .text.cdcd_deinit
                0x1000614c       0x5c CMakeFiles/USB_DEVICE_AND_KEYBOARD.dir/C_/Users/Lindsay/.pico-sdk/sdk/2.1.1/lib/tinyusb/src/class/cdc/cdc_device.c.obj
                0x1000614c                cdcd_deinit
 .text.cdcd_reset
                0x100061a8       0x88 CMakeFiles/USB_DEVICE_AND_KEYBOARD.dir/C_/Users/Lindsay/.pico-sdk/sdk/2.1.1/lib/tinyusb/src/class/cdc/cdc_device.c.obj
                0x100061a8                cdcd_reset
 .text.cdcd_open
                0x10006230       0xf4 CMakeFiles/USB_DEVICE_AND_KEYBOARD.dir/C_/Users/Lindsay/.pico-sdk/sdk/2.1.1/lib/tinyusb/src/class/cdc/cdc_device.c.obj
                0x10006230                cdcd_open
 .text.cdcd_control_xfer_cb
                0x10006324      0x144 CMakeFiles/USB_DEVICE_AND_KEYBOARD.dir/C_/Users/Lindsay/.pico-sdk/sdk/2.1.1/lib/tinyusb/src/class/cdc/cdc_device.c.obj
                0x10006324                cdcd_control_xfer_cb
 .text.cdcd_xfer_cb
                0x10006468      0x150 CMakeFiles/USB_DEVICE_AND_KEYBOARD.dir/C_/Users/Lindsay/.pico-sdk/sdk/2.1.1/lib/tinyusb/src/class/cdc/cdc_device.c.obj
                0x10006468                cdcd_xfer_cb
 .text.tud_hid_set_protocol_cb
                0x100065b8        0x2 CMakeFiles/USB_DEVICE_AND_KEYBOARD.dir/C_/Users/Lindsay/.pico-sdk/sdk/2.1.1/lib/tinyusb/src/class/hid/hid_device.c.obj
                0x100065b8                tud_hid_set_protocol_cb
 .text.tud_hid_set_idle_cb
                0x100065ba        0x4 CMakeFiles/USB_DEVICE_AND_KEYBOARD.dir/C_/Users/Lindsay/.pico-sdk/sdk/2.1.1/lib/tinyusb/src/class/hid/hid_device.c.obj
                0x100065ba                tud_hid_set_idle_cb
 .text.tud_hid_report_failed_cb
                0x100065be        0x2 CMakeFiles/USB_DEVICE_AND_KEYBOARD.dir/C_/Users/Lindsay/.pico-sdk/sdk/2.1.1/lib/tinyusb/src/class/hid/hid_device.c.obj
                0x100065be                tud_hid_report_failed_cb
 .text.tud_hid_n_report
                0x100065c0       0x9c CMakeFiles/USB_DEVICE_AND_KEYBOARD.dir/C_/Users/Lindsay/.pico-sdk/sdk/2.1.1/lib/tinyusb/src/class/hid/hid_device.c.obj
                0x100065c0                tud_hid_n_report
 .text.tud_hid_n_keyboard_report
                0x1000665c       0x3a CMakeFiles/USB_DEVICE_AND_KEYBOARD.dir/C_/Users/Lindsay/.pico-sdk/sdk/2.1.1/lib/tinyusb/src/class/hid/hid_device.c.obj
                0x1000665c                tud_hid_n_keyboard_report
 .text.tud_hid_n_mouse_report
                0x10006696       0x2e CMakeFiles/USB_DEVICE_AND_KEYBOARD.dir/C_/Users/Lindsay/.pico-sdk/sdk/2.1.1/lib/tinyusb/src/class/hid/hid_device.c.obj
                0x10006696                tud_hid_n_mouse_report
 .text.hidd_deinit
                0x100066c4        0x4 CMakeFiles/USB_DEVICE_AND_KEYBOARD.dir/C_/Users/Lindsay/.pico-sdk/sdk/2.1.1/lib/tinyusb/src/class/hid/hid_device.c.obj
                0x100066c4                hidd_deinit
 .text.hidd_reset
                0x100066c8       0x14 CMakeFiles/USB_DEVICE_AND_KEYBOARD.dir/C_/Users/Lindsay/.pico-sdk/sdk/2.1.1/lib/tinyusb/src/class/hid/hid_device.c.obj
                0x100066c8                hidd_reset
 .text.hidd_init
                0x100066dc        0xa CMakeFiles/USB_DEVICE_AND_KEYBOARD.dir/C_/Users/Lindsay/.pico-sdk/sdk/2.1.1/lib/tinyusb/src/class/hid/hid_device.c.obj
                0x100066dc                hidd_init
 *fill*         0x100066e6        0x2 
 .text.hidd_open
                0x100066e8      0x108 CMakeFiles/USB_DEVICE_AND_KEYBOARD.dir/C_/Users/Lindsay/.pico-sdk/sdk/2.1.1/lib/tinyusb/src/class/hid/hid_device.c.obj
                0x100066e8                hidd_open
 .text.hidd_control_xfer_cb
                0x100067f0      0x288 CMakeFiles/USB_DEVICE_AND_KEYBOARD.dir/C_/Users/Lindsay/.pico-sdk/sdk/2.1.1/lib/tinyusb/src/class/hid/hid_device.c.obj
                0x100067f0                hidd_control_xfer_cb
 .text.hidd_xfer_cb
                0x10006a78       0xe8 CMakeFiles/USB_DEVICE_AND_KEYBOARD.dir/C_/Users/Lindsay/.pico-sdk/sdk/2.1.1/lib/tinyusb/src/class/hid/hid_device.c.obj
                0x10006a78                hidd_xfer_cb
 .text.tusb_time_delay_ms_api
                0x10006b60        0x8 CMakeFiles/USB_DEVICE_AND_KEYBOARD.dir/C_/Users/Lindsay/.pico-sdk/sdk/2.1.1/lib/tinyusb/src/tusb.c.obj
                0x10006b60                tusb_time_delay_ms_api
 .text.tu_edpt_claim
                0x10006b68       0x50 CMakeFiles/USB_DEVICE_AND_KEYBOARD.dir/C_/Users/Lindsay/.pico-sdk/sdk/2.1.1/lib/tinyusb/src/tusb.c.obj
                0x10006b68                tu_edpt_claim
 .text.tu_edpt_release
                0x10006bb8       0x38 CMakeFiles/USB_DEVICE_AND_KEYBOARD.dir/C_/Users/Lindsay/.pico-sdk/sdk/2.1.1/lib/tinyusb/src/tusb.c.obj
                0x10006bb8                tu_edpt_release
 .text.tu_edpt_validate
                0x10006bf0       0xac CMakeFiles/USB_DEVICE_AND_KEYBOARD.dir/C_/Users/Lindsay/.pico-sdk/sdk/2.1.1/lib/tinyusb/src/tusb.c.obj
                0x10006bf0                tu_edpt_validate
 .text.tu_edpt_bind_driver
                0x10006c9c       0x26 CMakeFiles/USB_DEVICE_AND_KEYBOARD.dir/C_/Users/Lindsay/.pico-sdk/sdk/2.1.1/lib/tinyusb/src/tusb.c.obj
                0x10006c9c                tu_edpt_bind_driver
 .text.tu_desc_get_interface_total_len
                0x10006cc2       0x42 CMakeFiles/USB_DEVICE_AND_KEYBOARD.dir/C_/Users/Lindsay/.pico-sdk/sdk/2.1.1/lib/tinyusb/src/tusb.c.obj
                0x10006cc2                tu_desc_get_interface_total_len
 .text.advance_index
                0x10006d04       0x1a CMakeFiles/USB_DEVICE_AND_KEYBOARD.dir/C_/Users/Lindsay/.pico-sdk/sdk/2.1.1/lib/tinyusb/src/common/tusb_fifo.c.obj
 .text._tu_fifo_peek
                0x10006d1e       0x56 CMakeFiles/USB_DEVICE_AND_KEYBOARD.dir/C_/Users/Lindsay/.pico-sdk/sdk/2.1.1/lib/tinyusb/src/common/tusb_fifo.c.obj
 .text._ff_pull_n
                0x10006d74       0x68 CMakeFiles/USB_DEVICE_AND_KEYBOARD.dir/C_/Users/Lindsay/.pico-sdk/sdk/2.1.1/lib/tinyusb/src/common/tusb_fifo.c.obj
 .text._tu_fifo_peek_n
                0x10006ddc       0x6a CMakeFiles/USB_DEVICE_AND_KEYBOARD.dir/C_/Users/Lindsay/.pico-sdk/sdk/2.1.1/lib/tinyusb/src/common/tusb_fifo.c.obj
 .text._tu_fifo_read_n
                0x10006e46       0x4e CMakeFiles/USB_DEVICE_AND_KEYBOARD.dir/C_/Users/Lindsay/.pico-sdk/sdk/2.1.1/lib/tinyusb/src/common/tusb_fifo.c.obj
 .text._ff_push_n
                0x10006e94       0x68 CMakeFiles/USB_DEVICE_AND_KEYBOARD.dir/C_/Users/Lindsay/.pico-sdk/sdk/2.1.1/lib/tinyusb/src/common/tusb_fifo.c.obj
 .text._tu_fifo_write_n
                0x10006efc       0xf0 CMakeFiles/USB_DEVICE_AND_KEYBOARD.dir/C_/Users/Lindsay/.pico-sdk/sdk/2.1.1/lib/tinyusb/src/common/tusb_fifo.c.obj
 .text.tu_fifo_config
                0x10006fec       0x7c CMakeFiles/USB_DEVICE_AND_KEYBOARD.dir/C_/Users/Lindsay/.pico-sdk/sdk/2.1.1/lib/tinyusb/src/common/tusb_fifo.c.obj
                0x10006fec                tu_fifo_config
 .text.tu_fifo_count
                0x10007068       0x2c CMakeFiles/USB_DEVICE_AND_KEYBOARD.dir/C_/Users/Lindsay/.pico-sdk/sdk/2.1.1/lib/tinyusb/src/common/tusb_fifo.c.obj
                0x10007068                tu_fifo_count
 .text.tu_fifo_empty
                0x10007094        0xe CMakeFiles/USB_DEVICE_AND_KEYBOARD.dir/C_/Users/Lindsay/.pico-sdk/sdk/2.1.1/lib/tinyusb/src/common/tusb_fifo.c.obj
                0x10007094                tu_fifo_empty
 .text.tu_fifo_full
                0x100070a2       0x2a CMakeFiles/USB_DEVICE_AND_KEYBOARD.dir/C_/Users/Lindsay/.pico-sdk/sdk/2.1.1/lib/tinyusb/src/common/tusb_fifo.c.obj
                0x100070a2                tu_fifo_full
 .text.tu_fifo_remaining
                0x100070cc       0x2e CMakeFiles/USB_DEVICE_AND_KEYBOARD.dir/C_/Users/Lindsay/.pico-sdk/sdk/2.1.1/lib/tinyusb/src/common/tusb_fifo.c.obj
                0x100070cc                tu_fifo_remaining
 .text.tu_fifo_read
                0x100070fa       0x42 CMakeFiles/USB_DEVICE_AND_KEYBOARD.dir/C_/Users/Lindsay/.pico-sdk/sdk/2.1.1/lib/tinyusb/src/common/tusb_fifo.c.obj
                0x100070fa                tu_fifo_read
 .text.tu_fifo_read_n
                0x1000713c        0xa CMakeFiles/USB_DEVICE_AND_KEYBOARD.dir/C_/Users/Lindsay/.pico-sdk/sdk/2.1.1/lib/tinyusb/src/common/tusb_fifo.c.obj
                0x1000713c                tu_fifo_read_n
 .text.tu_fifo_write
                0x10007146       0x64 CMakeFiles/USB_DEVICE_AND_KEYBOARD.dir/C_/Users/Lindsay/.pico-sdk/sdk/2.1.1/lib/tinyusb/src/common/tusb_fifo.c.obj
                0x10007146                tu_fifo_write
 .text.tu_fifo_write_n
                0x100071aa        0xa CMakeFiles/USB_DEVICE_AND_KEYBOARD.dir/C_/Users/Lindsay/.pico-sdk/sdk/2.1.1/lib/tinyusb/src/common/tusb_fifo.c.obj
                0x100071aa                tu_fifo_write_n
 .text.tu_fifo_clear
                0x100071b4       0x3e CMakeFiles/USB_DEVICE_AND_KEYBOARD.dir/C_/Users/Lindsay/.pico-sdk/sdk/2.1.1/lib/tinyusb/src/common/tusb_fifo.c.obj
                0x100071b4                tu_fifo_clear
 .text.tu_fifo_set_overwritable
                0x100071f2       0x46 CMakeFiles/USB_DEVICE_AND_KEYBOARD.dir/C_/Users/Lindsay/.pico-sdk/sdk/2.1.1/lib/tinyusb/src/common/tusb_fifo.c.obj
                0x100071f2                tu_fifo_set_overwritable
 .text.get_driver
                0x10007238       0x3c CMakeFiles/USB_DEVICE_AND_KEYBOARD.dir/C_/Users/Lindsay/.pico-sdk/sdk/2.1.1/lib/tinyusb/src/host/usbh.c.obj
 .text._control_blocking_complete_cb
                0x10007274        0x8 CMakeFiles/USB_DEVICE_AND_KEYBOARD.dir/C_/Users/Lindsay/.pico-sdk/sdk/2.1.1/lib/tinyusb/src/host/usbh.c.obj
 .text.get_new_address
                0x1000727c       0x34 CMakeFiles/USB_DEVICE_AND_KEYBOARD.dir/C_/Users/Lindsay/.pico-sdk/sdk/2.1.1/lib/tinyusb/src/host/usbh.c.obj
 .text.clear_device
                0x100072b0       0x26 CMakeFiles/USB_DEVICE_AND_KEYBOARD.dir/C_/Users/Lindsay/.pico-sdk/sdk/2.1.1/lib/tinyusb/src/host/usbh.c.obj
 *fill*         0x100072d6        0x2 
 .text.process_removing_device
                0x100072d8      0x118 CMakeFiles/USB_DEVICE_AND_KEYBOARD.dir/C_/Users/Lindsay/.pico-sdk/sdk/2.1.1/lib/tinyusb/src/host/usbh.c.obj
 .text._control_xfer_complete
                0x100073f0       0x68 CMakeFiles/USB_DEVICE_AND_KEYBOARD.dir/C_/Users/Lindsay/.pico-sdk/sdk/2.1.1/lib/tinyusb/src/host/usbh.c.obj
 .text.enum_full_complete
                0x10007458       0x20 CMakeFiles/USB_DEVICE_AND_KEYBOARD.dir/C_/Users/Lindsay/.pico-sdk/sdk/2.1.1/lib/tinyusb/src/host/usbh.c.obj
 .text.critical_section_enter_blocking
                0x10007478       0x16 CMakeFiles/USB_DEVICE_AND_KEYBOARD.dir/C_/Users/Lindsay/.pico-sdk/sdk/2.1.1/lib/tinyusb/src/host/usbh.c.obj
 *fill*         0x1000748e        0x2 
 .text._parse_configuration_descriptor
                0x10007490      0x124 CMakeFiles/USB_DEVICE_AND_KEYBOARD.dir/C_/Users/Lindsay/.pico-sdk/sdk/2.1.1/lib/tinyusb/src/host/usbh.c.obj
 .text.tuh_event_hook_cb
                0x100075b4        0x2 CMakeFiles/USB_DEVICE_AND_KEYBOARD.dir/C_/Users/Lindsay/.pico-sdk/sdk/2.1.1/lib/tinyusb/src/host/usbh.c.obj
                0x100075b4                tuh_event_hook_cb
 *fill*         0x100075b6        0x2 
 .text.tuh_vid_pid_get
                0x100075b8       0x40 CMakeFiles/USB_DEVICE_AND_KEYBOARD.dir/C_/Users/Lindsay/.pico-sdk/sdk/2.1.1/lib/tinyusb/src/host/usbh.c.obj
                0x100075b8                tuh_vid_pid_get
 .text.tuh_speed_get
                0x100075f8       0x28 CMakeFiles/USB_DEVICE_AND_KEYBOARD.dir/C_/Users/Lindsay/.pico-sdk/sdk/2.1.1/lib/tinyusb/src/host/usbh.c.obj
                0x100075f8                tuh_speed_get
 .text.tuh_rhport_is_active
                0x10007620       0x14 CMakeFiles/USB_DEVICE_AND_KEYBOARD.dir/C_/Users/Lindsay/.pico-sdk/sdk/2.1.1/lib/tinyusb/src/host/usbh.c.obj
                0x10007620                tuh_rhport_is_active
 .text.tuh_configure
                0x10007634        0x8 CMakeFiles/USB_DEVICE_AND_KEYBOARD.dir/C_/Users/Lindsay/.pico-sdk/sdk/2.1.1/lib/tinyusb/src/host/usbh.c.obj
                0x10007634                tuh_configure
 .text.tuh_inited
                0x1000763c       0x14 CMakeFiles/USB_DEVICE_AND_KEYBOARD.dir/C_/Users/Lindsay/.pico-sdk/sdk/2.1.1/lib/tinyusb/src/host/usbh.c.obj
                0x1000763c                tuh_inited
 .text.tuh_rhport_init
                0x10007650       0xf8 CMakeFiles/USB_DEVICE_AND_KEYBOARD.dir/C_/Users/Lindsay/.pico-sdk/sdk/2.1.1/lib/tinyusb/src/host/usbh.c.obj
                0x10007650                tuh_rhport_init
 .text.tuh_task_event_ready
                0x10007748       0x20 CMakeFiles/USB_DEVICE_AND_KEYBOARD.dir/C_/Users/Lindsay/.pico-sdk/sdk/2.1.1/lib/tinyusb/src/host/usbh.c.obj
                0x10007748                tuh_task_event_ready
 .text.usbh_get_rhport
                0x10007768       0x24 CMakeFiles/USB_DEVICE_AND_KEYBOARD.dir/C_/Users/Lindsay/.pico-sdk/sdk/2.1.1/lib/tinyusb/src/host/usbh.c.obj
                0x10007768                usbh_get_rhport
 .text.usbh_edpt_control_open
                0x1000778c       0x30 CMakeFiles/USB_DEVICE_AND_KEYBOARD.dir/C_/Users/Lindsay/.pico-sdk/sdk/2.1.1/lib/tinyusb/src/host/usbh.c.obj
 .text.tuh_edpt_abort_xfer
                0x100077bc       0xcc CMakeFiles/USB_DEVICE_AND_KEYBOARD.dir/C_/Users/Lindsay/.pico-sdk/sdk/2.1.1/lib/tinyusb/src/host/usbh.c.obj
                0x100077bc                tuh_edpt_abort_xfer
 .text.usbh_control_xfer_cb
                0x10007888      0x144 CMakeFiles/USB_DEVICE_AND_KEYBOARD.dir/C_/Users/Lindsay/.pico-sdk/sdk/2.1.1/lib/tinyusb/src/host/usbh.c.obj
 .text.usbh_get_enum_buf
                0x100079cc        0x8 CMakeFiles/USB_DEVICE_AND_KEYBOARD.dir/C_/Users/Lindsay/.pico-sdk/sdk/2.1.1/lib/tinyusb/src/host/usbh.c.obj
                0x100079cc                usbh_get_enum_buf
 .text.usbh_edpt_claim
                0x100079d4       0x58 CMakeFiles/USB_DEVICE_AND_KEYBOARD.dir/C_/Users/Lindsay/.pico-sdk/sdk/2.1.1/lib/tinyusb/src/host/usbh.c.obj
                0x100079d4                usbh_edpt_claim
 .text.usbh_edpt_release
                0x10007a2c       0x48 CMakeFiles/USB_DEVICE_AND_KEYBOARD.dir/C_/Users/Lindsay/.pico-sdk/sdk/2.1.1/lib/tinyusb/src/host/usbh.c.obj
                0x10007a2c                usbh_edpt_release
 .text.usbh_edpt_xfer_with_callback
                0x10007a74       0xb0 CMakeFiles/USB_DEVICE_AND_KEYBOARD.dir/C_/Users/Lindsay/.pico-sdk/sdk/2.1.1/lib/tinyusb/src/host/usbh.c.obj
                0x10007a74                usbh_edpt_xfer_with_callback
 .text.tuh_edpt_open
                0x10007b24       0x44 CMakeFiles/USB_DEVICE_AND_KEYBOARD.dir/C_/Users/Lindsay/.pico-sdk/sdk/2.1.1/lib/tinyusb/src/host/usbh.c.obj
                0x10007b24                tuh_edpt_open
 .text.hcd_devtree_get_info
                0x10007b68       0x44 CMakeFiles/USB_DEVICE_AND_KEYBOARD.dir/C_/Users/Lindsay/.pico-sdk/sdk/2.1.1/lib/tinyusb/src/host/usbh.c.obj
                0x10007b68                hcd_devtree_get_info
 .text.usbh_driver_set_config_complete
                0x10007bac       0x64 CMakeFiles/USB_DEVICE_AND_KEYBOARD.dir/C_/Users/Lindsay/.pico-sdk/sdk/2.1.1/lib/tinyusb/src/host/usbh.c.obj
                0x10007bac                usbh_driver_set_config_complete
 .text.process_enumeration
                0x10007c10      0x310 CMakeFiles/USB_DEVICE_AND_KEYBOARD.dir/C_/Users/Lindsay/.pico-sdk/sdk/2.1.1/lib/tinyusb/src/host/usbh.c.obj
 .text.enum_new_device
                0x10007f20       0xb4 CMakeFiles/USB_DEVICE_AND_KEYBOARD.dir/C_/Users/Lindsay/.pico-sdk/sdk/2.1.1/lib/tinyusb/src/host/usbh.c.obj
 .text.tuh_task_ext
                0x10007fd4      0x1fc CMakeFiles/USB_DEVICE_AND_KEYBOARD.dir/C_/Users/Lindsay/.pico-sdk/sdk/2.1.1/lib/tinyusb/src/host/usbh.c.obj
                0x10007fd4                tuh_task_ext
 .text.tuh_control_xfer
                0x100081d0      0x15c CMakeFiles/USB_DEVICE_AND_KEYBOARD.dir/C_/Users/Lindsay/.pico-sdk/sdk/2.1.1/lib/tinyusb/src/host/usbh.c.obj
                0x100081d0                tuh_control_xfer
 .text.enum_request_set_addr
                0x1000832c       0xd8 CMakeFiles/USB_DEVICE_AND_KEYBOARD.dir/C_/Users/Lindsay/.pico-sdk/sdk/2.1.1/lib/tinyusb/src/host/usbh.c.obj
 .text._get_descriptor
                0x10008404       0x66 CMakeFiles/USB_DEVICE_AND_KEYBOARD.dir/C_/Users/Lindsay/.pico-sdk/sdk/2.1.1/lib/tinyusb/src/host/usbh.c.obj
 .text.tuh_descriptor_get
                0x1000846a       0x1e CMakeFiles/USB_DEVICE_AND_KEYBOARD.dir/C_/Users/Lindsay/.pico-sdk/sdk/2.1.1/lib/tinyusb/src/host/usbh.c.obj
                0x1000846a                tuh_descriptor_get
 .text.tuh_descriptor_get_device
                0x10008488       0x24 CMakeFiles/USB_DEVICE_AND_KEYBOARD.dir/C_/Users/Lindsay/.pico-sdk/sdk/2.1.1/lib/tinyusb/src/host/usbh.c.obj
                0x10008488                tuh_descriptor_get_device
 .text.tuh_descriptor_get_configuration
                0x100084ac       0x1c CMakeFiles/USB_DEVICE_AND_KEYBOARD.dir/C_/Users/Lindsay/.pico-sdk/sdk/2.1.1/lib/tinyusb/src/host/usbh.c.obj
                0x100084ac                tuh_descriptor_get_configuration
 .text.tuh_descriptor_get_hid_report
                0x100084c8       0x62 CMakeFiles/USB_DEVICE_AND_KEYBOARD.dir/C_/Users/Lindsay/.pico-sdk/sdk/2.1.1/lib/tinyusb/src/host/usbh.c.obj
                0x100084c8                tuh_descriptor_get_hid_report
 .text.tuh_configuration_set
                0x1000852a       0x58 CMakeFiles/USB_DEVICE_AND_KEYBOARD.dir/C_/Users/Lindsay/.pico-sdk/sdk/2.1.1/lib/tinyusb/src/host/usbh.c.obj
                0x1000852a                tuh_configuration_set
 *fill*         0x10008582        0x2 
 .text.connection_port_reset_complete
                0x10008584       0x4c CMakeFiles/USB_DEVICE_AND_KEYBOARD.dir/C_/Users/Lindsay/.pico-sdk/sdk/2.1.1/lib/tinyusb/src/host/hub.c.obj
 .text.hub_port_clear_feature
                0x100085d0       0x78 CMakeFiles/USB_DEVICE_AND_KEYBOARD.dir/C_/Users/Lindsay/.pico-sdk/sdk/2.1.1/lib/tinyusb/src/host/hub.c.obj
                0x100085d0                hub_port_clear_feature
 .text.hub_get_status_complete
                0x10008648       0x84 CMakeFiles/USB_DEVICE_AND_KEYBOARD.dir/C_/Users/Lindsay/.pico-sdk/sdk/2.1.1/lib/tinyusb/src/host/hub.c.obj
 .text.hub_port_set_feature
                0x100086cc       0x78 CMakeFiles/USB_DEVICE_AND_KEYBOARD.dir/C_/Users/Lindsay/.pico-sdk/sdk/2.1.1/lib/tinyusb/src/host/hub.c.obj
                0x100086cc                hub_port_set_feature
 .text.config_set_port_power
                0x10008744       0x50 CMakeFiles/USB_DEVICE_AND_KEYBOARD.dir/C_/Users/Lindsay/.pico-sdk/sdk/2.1.1/lib/tinyusb/src/host/hub.c.obj
 .text.config_port_power_complete
                0x10008794       0x94 CMakeFiles/USB_DEVICE_AND_KEYBOARD.dir/C_/Users/Lindsay/.pico-sdk/sdk/2.1.1/lib/tinyusb/src/host/hub.c.obj
 .text.connection_clear_conn_change_complete
                0x10008828       0x78 CMakeFiles/USB_DEVICE_AND_KEYBOARD.dir/C_/Users/Lindsay/.pico-sdk/sdk/2.1.1/lib/tinyusb/src/host/hub.c.obj
 .text.hub_port_get_status
                0x100088a0       0x6e CMakeFiles/USB_DEVICE_AND_KEYBOARD.dir/C_/Users/Lindsay/.pico-sdk/sdk/2.1.1/lib/tinyusb/src/host/hub.c.obj
                0x100088a0                hub_port_get_status
 *fill*         0x1000890e        0x2 
 .text.hub_init
                0x10008910       0x14 CMakeFiles/USB_DEVICE_AND_KEYBOARD.dir/C_/Users/Lindsay/.pico-sdk/sdk/2.1.1/lib/tinyusb/src/host/hub.c.obj
                0x10008910                hub_init
 .text.hub_deinit
                0x10008924        0x4 CMakeFiles/USB_DEVICE_AND_KEYBOARD.dir/C_/Users/Lindsay/.pico-sdk/sdk/2.1.1/lib/tinyusb/src/host/hub.c.obj
                0x10008924                hub_deinit
 .text.hub_open
                0x10008928       0x90 CMakeFiles/USB_DEVICE_AND_KEYBOARD.dir/C_/Users/Lindsay/.pico-sdk/sdk/2.1.1/lib/tinyusb/src/host/hub.c.obj
                0x10008928                hub_open
 .text.hub_close
                0x100089b8       0x24 CMakeFiles/USB_DEVICE_AND_KEYBOARD.dir/C_/Users/Lindsay/.pico-sdk/sdk/2.1.1/lib/tinyusb/src/host/hub.c.obj
                0x100089b8                hub_close
 .text.hub_edpt_status_xfer
                0x100089dc       0x24 CMakeFiles/USB_DEVICE_AND_KEYBOARD.dir/C_/Users/Lindsay/.pico-sdk/sdk/2.1.1/lib/tinyusb/src/host/hub.c.obj
                0x100089dc                hub_edpt_status_xfer
 .text.hub_port_get_status_complete
                0x10008a00       0xa0 CMakeFiles/USB_DEVICE_AND_KEYBOARD.dir/C_/Users/Lindsay/.pico-sdk/sdk/2.1.1/lib/tinyusb/src/host/hub.c.obj
 .text.hub_clear_feature_complete_stub
                0x10008aa0       0x28 CMakeFiles/USB_DEVICE_AND_KEYBOARD.dir/C_/Users/Lindsay/.pico-sdk/sdk/2.1.1/lib/tinyusb/src/host/hub.c.obj
 .text.hub_set_config
                0x10008ac8       0x78 CMakeFiles/USB_DEVICE_AND_KEYBOARD.dir/C_/Users/Lindsay/.pico-sdk/sdk/2.1.1/lib/tinyusb/src/host/hub.c.obj
                0x10008ac8                hub_set_config
 .text.hub_xfer_cb
                0x10008b40       0xa8 CMakeFiles/USB_DEVICE_AND_KEYBOARD.dir/C_/Users/Lindsay/.pico-sdk/sdk/2.1.1/lib/tinyusb/src/host/hub.c.obj
                0x10008b40                hub_xfer_cb
 .text.get_idx_by_epaddr
                0x10008be8       0x48 CMakeFiles/USB_DEVICE_AND_KEYBOARD.dir/C_/Users/Lindsay/.pico-sdk/sdk/2.1.1/lib/tinyusb/src/class/hid/hid_host.c.obj
 .text.find_new_itf
                0x10008c30       0x28 CMakeFiles/USB_DEVICE_AND_KEYBOARD.dir/C_/Users/Lindsay/.pico-sdk/sdk/2.1.1/lib/tinyusb/src/class/hid/hid_host.c.obj
 .text._hidh_set_protocol
                0x10008c58       0x56 CMakeFiles/USB_DEVICE_AND_KEYBOARD.dir/C_/Users/Lindsay/.pico-sdk/sdk/2.1.1/lib/tinyusb/src/class/hid/hid_host.c.obj
 .text._hidh_set_idle
                0x10008cae       0x56 CMakeFiles/USB_DEVICE_AND_KEYBOARD.dir/C_/Users/Lindsay/.pico-sdk/sdk/2.1.1/lib/tinyusb/src/class/hid/hid_host.c.obj
 .text.config_driver_mount_complete
                0x10008d04       0x54 CMakeFiles/USB_DEVICE_AND_KEYBOARD.dir/C_/Users/Lindsay/.pico-sdk/sdk/2.1.1/lib/tinyusb/src/class/hid/hid_host.c.obj
 .text.tuh_hid_itf_get_index
                0x10008d58       0x38 CMakeFiles/USB_DEVICE_AND_KEYBOARD.dir/C_/Users/Lindsay/.pico-sdk/sdk/2.1.1/lib/tinyusb/src/class/hid/hid_host.c.obj
                0x10008d58                tuh_hid_itf_get_index
 .text.process_set_config
                0x10008d90      0x124 CMakeFiles/USB_DEVICE_AND_KEYBOARD.dir/C_/Users/Lindsay/.pico-sdk/sdk/2.1.1/lib/tinyusb/src/class/hid/hid_host.c.obj
 .text.tuh_hid_interface_protocol
                0x10008eb4       0x40 CMakeFiles/USB_DEVICE_AND_KEYBOARD.dir/C_/Users/Lindsay/.pico-sdk/sdk/2.1.1/lib/tinyusb/src/class/hid/hid_host.c.obj
                0x10008eb4                tuh_hid_interface_protocol
 .text.tuh_hid_receive_report
                0x10008ef4       0x74 CMakeFiles/USB_DEVICE_AND_KEYBOARD.dir/C_/Users/Lindsay/.pico-sdk/sdk/2.1.1/lib/tinyusb/src/class/hid/hid_host.c.obj
                0x10008ef4                tuh_hid_receive_report
 .text.hidh_init
                0x10008f68       0x14 CMakeFiles/USB_DEVICE_AND_KEYBOARD.dir/C_/Users/Lindsay/.pico-sdk/sdk/2.1.1/lib/tinyusb/src/class/hid/hid_host.c.obj
                0x10008f68                hidh_init
 .text.hidh_deinit
                0x10008f7c        0x4 CMakeFiles/USB_DEVICE_AND_KEYBOARD.dir/C_/Users/Lindsay/.pico-sdk/sdk/2.1.1/lib/tinyusb/src/class/hid/hid_host.c.obj
                0x10008f7c                hidh_deinit
 .text.hidh_xfer_cb
                0x10008f80       0x7c CMakeFiles/USB_DEVICE_AND_KEYBOARD.dir/C_/Users/Lindsay/.pico-sdk/sdk/2.1.1/lib/tinyusb/src/class/hid/hid_host.c.obj
                0x10008f80                hidh_xfer_cb
 .text.hidh_close
                0x10008ffc       0x44 CMakeFiles/USB_DEVICE_AND_KEYBOARD.dir/C_/Users/Lindsay/.pico-sdk/sdk/2.1.1/lib/tinyusb/src/class/hid/hid_host.c.obj
                0x10008ffc                hidh_close
 .text.hidh_open
                0x10009040      0x138 CMakeFiles/USB_DEVICE_AND_KEYBOARD.dir/C_/Users/Lindsay/.pico-sdk/sdk/2.1.1/lib/tinyusb/src/class/hid/hid_host.c.obj
                0x10009040                hidh_open
 .text.hidh_set_config
                0x10009178       0x20 CMakeFiles/USB_DEVICE_AND_KEYBOARD.dir/C_/Users/Lindsay/.pico-sdk/sdk/2.1.1/lib/tinyusb/src/class/hid/hid_host.c.obj
                0x10009178                hidh_set_config
 .text.calloc   0x10009198       0x18 C:/Users/Lindsay/.pico-sdk/toolchain/14_2_Rel1/bin/../lib/gcc/arm-none-eabi/14.2.1/thumb/v6-m/nofp\libg.a(libc_a-calloc.o)
                0x10009198                calloc
 .text._calloc_r
                0x100091b0       0xa8 C:/Users/Lindsay/.pico-sdk/toolchain/14_2_Rel1/bin/../lib/gcc/arm-none-eabi/14.2.1/thumb/v6-m/nofp\libg.a(libc_a-callocr.o)
                0x100091b0                _calloc_r